<!doctype html public "-//w3c//dtd html 4.0 transitional//en">
<html><head>
<title>Static Call Graph - [.\Objects\MM32F3277.axf]</title></head>
<body><HR>
<H1>Static Call Graph for image .\Objects\MM32F3277.axf</H1><HR>
<BR><P>#&#060CALLGRAPH&#062# ARM Linker, 6160001: Last Updated: Tue Jul 19 22:41:04 2022
<BR><P>
<H3>Maximum Stack Usage =        640 bytes + Unknown(Cycles, Untraceable Function Pointers)</H3><H3>
Call chain for Maximum Stack Depth:</H3>
main &rArr; VOFA_Send &rArr; myprintf &rArr; __aeabi_dsub &rArr; __aeabi_dadd &rArr; _double_epilogue &rArr; _double_round
<P>
<H3>
Mutually Recursive functions
</H3> <LI><a href="#[1]">NMI_Handler</a>&nbsp;&nbsp;&nbsp;&rArr;&nbsp;&nbsp;&nbsp;<a href="#[1]">NMI_Handler</a><BR>
 <LI><a href="#[2]">HardFault_Handler</a>&nbsp;&nbsp;&nbsp;&rArr;&nbsp;&nbsp;&nbsp;<a href="#[2]">HardFault_Handler</a><BR>
 <LI><a href="#[3]">MemManage_Handler</a>&nbsp;&nbsp;&nbsp;&rArr;&nbsp;&nbsp;&nbsp;<a href="#[3]">MemManage_Handler</a><BR>
 <LI><a href="#[4]">BusFault_Handler</a>&nbsp;&nbsp;&nbsp;&rArr;&nbsp;&nbsp;&nbsp;<a href="#[4]">BusFault_Handler</a><BR>
 <LI><a href="#[5]">UsageFault_Handler</a>&nbsp;&nbsp;&nbsp;&rArr;&nbsp;&nbsp;&nbsp;<a href="#[5]">UsageFault_Handler</a><BR>
 <LI><a href="#[6]">SVC_Handler</a>&nbsp;&nbsp;&nbsp;&rArr;&nbsp;&nbsp;&nbsp;<a href="#[6]">SVC_Handler</a><BR>
 <LI><a href="#[7]">DebugMon_Handler</a>&nbsp;&nbsp;&nbsp;&rArr;&nbsp;&nbsp;&nbsp;<a href="#[7]">DebugMon_Handler</a><BR>
 <LI><a href="#[8]">PendSV_Handler</a>&nbsp;&nbsp;&nbsp;&rArr;&nbsp;&nbsp;&nbsp;<a href="#[8]">PendSV_Handler</a><BR>
 <LI><a href="#[9]">SysTick_Handler</a>&nbsp;&nbsp;&nbsp;&rArr;&nbsp;&nbsp;&nbsp;<a href="#[9]">SysTick_Handler</a><BR>
 <LI><a href="#[1c]">ADC1_2_IRQHandler</a>&nbsp;&nbsp;&nbsp;&rArr;&nbsp;&nbsp;&nbsp;<a href="#[1c]">ADC1_2_IRQHandler</a><BR>
</UL>
<P>
<H3>
Function Pointers
</H3><UL>
 <LI><a href="#[1c]">ADC1_2_IRQHandler</a> from startup_mm32f3277g.o(.text) referenced from startup_mm32f3277g.o(RESET)
 <LI><a href="#[35]">ADC3_IRQHandler</a> from startup_mm32f3277g.o(.text) referenced from startup_mm32f3277g.o(RESET)
 <LI><a href="#[4]">BusFault_Handler</a> from startup_mm32f3277g.o(.text) referenced from startup_mm32f3277g.o(RESET)
 <LI><a href="#[1e]">CAN1_RX_IRQHandler</a> from startup_mm32f3277g.o(.text) referenced from startup_mm32f3277g.o(RESET)
 <LI><a href="#[43]">COMP1_2_IRQHandler</a> from startup_mm32f3277g.o(.text) referenced from startup_mm32f3277g.o(RESET)
 <LI><a href="#[15]">DMA1_Channel1_IRQHandler</a> from isr.o(.text.DMA1_Channel1_IRQHandler) referenced from startup_mm32f3277g.o(RESET)
 <LI><a href="#[16]">DMA1_Channel2_IRQHandler</a> from isr.o(.text.DMA1_Channel2_IRQHandler) referenced from startup_mm32f3277g.o(RESET)
 <LI><a href="#[17]">DMA1_Channel3_IRQHandler</a> from isr.o(.text.DMA1_Channel3_IRQHandler) referenced from startup_mm32f3277g.o(RESET)
 <LI><a href="#[18]">DMA1_Channel4_IRQHandler</a> from isr.o(.text.DMA1_Channel4_IRQHandler) referenced from startup_mm32f3277g.o(RESET)
 <LI><a href="#[19]">DMA1_Channel5_IRQHandler</a> from isr.o(.text.DMA1_Channel5_IRQHandler) referenced from startup_mm32f3277g.o(RESET)
 <LI><a href="#[1a]">DMA1_Channel6_IRQHandler</a> from isr.o(.text.DMA1_Channel6_IRQHandler) referenced from startup_mm32f3277g.o(RESET)
 <LI><a href="#[1b]">DMA1_Channel7_IRQHandler</a> from isr.o(.text.DMA1_Channel7_IRQHandler) referenced from startup_mm32f3277g.o(RESET)
 <LI><a href="#[3d]">DMA2_Channel1_IRQHandler</a> from isr.o(.text.DMA2_Channel1_IRQHandler) referenced from startup_mm32f3277g.o(RESET)
 <LI><a href="#[3e]">DMA2_Channel2_IRQHandler</a> from isr.o(.text.DMA2_Channel2_IRQHandler) referenced from startup_mm32f3277g.o(RESET)
 <LI><a href="#[3f]">DMA2_Channel3_IRQHandler</a> from isr.o(.text.DMA2_Channel3_IRQHandler) referenced from startup_mm32f3277g.o(RESET)
 <LI><a href="#[40]">DMA2_Channel4_IRQHandler</a> from isr.o(.text.DMA2_Channel4_IRQHandler) referenced from startup_mm32f3277g.o(RESET)
 <LI><a href="#[41]">DMA2_Channel5_IRQHandler</a> from isr.o(.text.DMA2_Channel5_IRQHandler) referenced from startup_mm32f3277g.o(RESET)
 <LI><a href="#[7]">DebugMon_Handler</a> from startup_mm32f3277g.o(.text) referenced from startup_mm32f3277g.o(RESET)
 <LI><a href="#[42]">ETH_IRQHandler</a> from startup_mm32f3277g.o(.text) referenced from startup_mm32f3277g.o(RESET)
 <LI><a href="#[10]">EXTI0_IRQHandler</a> from isr.o(.text.EXTI0_IRQHandler) referenced from startup_mm32f3277g.o(RESET)
 <LI><a href="#[2e]">EXTI15_10_IRQHandler</a> from isr.o(.text.EXTI15_10_IRQHandler) referenced from startup_mm32f3277g.o(RESET)
 <LI><a href="#[11]">EXTI1_IRQHandler</a> from isr.o(.text.EXTI1_IRQHandler) referenced from startup_mm32f3277g.o(RESET)
 <LI><a href="#[12]">EXTI2_IRQHandler</a> from isr.o(.text.EXTI2_IRQHandler) referenced from startup_mm32f3277g.o(RESET)
 <LI><a href="#[13]">EXTI3_IRQHandler</a> from isr.o(.text.EXTI3_IRQHandler) referenced from startup_mm32f3277g.o(RESET)
 <LI><a href="#[14]">EXTI4_IRQHandler</a> from isr.o(.text.EXTI4_IRQHandler) referenced from startup_mm32f3277g.o(RESET)
 <LI><a href="#[1f]">EXTI9_5_IRQHandler</a> from isr.o(.text.EXTI9_5_IRQHandler) referenced from startup_mm32f3277g.o(RESET)
 <LI><a href="#[e]">FLASH_IRQHandler</a> from startup_mm32f3277g.o(.text) referenced from startup_mm32f3277g.o(RESET)
 <LI><a href="#[1d]">FlashCache_IRQHandler</a> from startup_mm32f3277g.o(.text) referenced from startup_mm32f3277g.o(RESET)
 <LI><a href="#[2]">HardFault_Handler</a> from startup_mm32f3277g.o(.text) referenced from startup_mm32f3277g.o(RESET)
 <LI><a href="#[27]">I2C1_IRQHandler</a> from startup_mm32f3277g.o(.text) referenced from startup_mm32f3277g.o(RESET)
 <LI><a href="#[28]">I2C2_IRQHandler</a> from startup_mm32f3277g.o(.text) referenced from startup_mm32f3277g.o(RESET)
 <LI><a href="#[3]">MemManage_Handler</a> from startup_mm32f3277g.o(.text) referenced from startup_mm32f3277g.o(RESET)
 <LI><a href="#[1]">NMI_Handler</a> from startup_mm32f3277g.o(.text) referenced from startup_mm32f3277g.o(RESET)
 <LI><a href="#[44]">OTG_FS_IRQHandler</a> from startup_mm32f3277g.o(.text) referenced from startup_mm32f3277g.o(RESET)
 <LI><a href="#[30]">OTG_FS_WKUP_IRQHandler</a> from startup_mm32f3277g.o(.text) referenced from startup_mm32f3277g.o(RESET)
 <LI><a href="#[b]">PVD_IRQHandler</a> from startup_mm32f3277g.o(.text) referenced from startup_mm32f3277g.o(RESET)
 <LI><a href="#[8]">PendSV_Handler</a> from startup_mm32f3277g.o(.text) referenced from startup_mm32f3277g.o(RESET)
 <LI><a href="#[f]">RCC_CRS_IRQHandler</a> from startup_mm32f3277g.o(.text) referenced from startup_mm32f3277g.o(RESET)
 <LI><a href="#[2f]">RTCAlarm_IRQHandler</a> from startup_mm32f3277g.o(.text) referenced from startup_mm32f3277g.o(RESET)
 <LI><a href="#[d]">RTC_IRQHandler</a> from startup_mm32f3277g.o(.text) referenced from startup_mm32f3277g.o(RESET)
 <LI><a href="#[0]">Reset_Handler</a> from startup_mm32f3277g.o(.text) referenced from startup_mm32f3277g.o(RESET)
 <LI><a href="#[36]">SDIO_IRQHandler</a> from startup_mm32f3277g.o(.text) referenced from startup_mm32f3277g.o(RESET)
 <LI><a href="#[29]">SPI1_IRQHandler</a> from startup_mm32f3277g.o(.text) referenced from startup_mm32f3277g.o(RESET)
 <LI><a href="#[2a]">SPI2_IRQHandler</a> from startup_mm32f3277g.o(.text) referenced from startup_mm32f3277g.o(RESET)
 <LI><a href="#[38]">SPI3_IRQHandler</a> from startup_mm32f3277g.o(.text) referenced from startup_mm32f3277g.o(RESET)
 <LI><a href="#[6]">SVC_Handler</a> from startup_mm32f3277g.o(.text) referenced from startup_mm32f3277g.o(RESET)
 <LI><a href="#[9]">SysTick_Handler</a> from startup_mm32f3277g.o(.text) referenced from startup_mm32f3277g.o(RESET)
 <LI><a href="#[49]">SystemInit</a> from system_mm32f3277g.o(.text.SystemInit) referenced from startup_mm32f3277g.o(.text)
 <LI><a href="#[c]">TAMPER_IRQHandler</a> from startup_mm32f3277g.o(.text) referenced from startup_mm32f3277g.o(RESET)
 <LI><a href="#[20]">TIM1_BRK_IRQHandler</a> from startup_mm32f3277g.o(.text) referenced from startup_mm32f3277g.o(RESET)
 <LI><a href="#[23]">TIM1_CC_IRQHandler</a> from startup_mm32f3277g.o(.text) referenced from startup_mm32f3277g.o(RESET)
 <LI><a href="#[22]">TIM1_TRG_COM_IRQHandler</a> from startup_mm32f3277g.o(.text) referenced from startup_mm32f3277g.o(RESET)
 <LI><a href="#[21]">TIM1_UP_IRQHandler</a> from isr.o(.text.TIM1_UP_IRQHandler) referenced from startup_mm32f3277g.o(RESET)
 <LI><a href="#[24]">TIM2_IRQHandler</a> from isr.o(.text.TIM2_IRQHandler) referenced from startup_mm32f3277g.o(RESET)
 <LI><a href="#[25]">TIM3_IRQHandler</a> from isr.o(.text.TIM3_IRQHandler) referenced from startup_mm32f3277g.o(RESET)
 <LI><a href="#[26]">TIM4_IRQHandler</a> from isr.o(.text.TIM4_IRQHandler) referenced from startup_mm32f3277g.o(RESET)
 <LI><a href="#[37]">TIM5_IRQHandler</a> from isr.o(.text.TIM5_IRQHandler) referenced from startup_mm32f3277g.o(RESET)
 <LI><a href="#[3b]">TIM6_IRQHandler</a> from isr.o(.text.TIM6_IRQHandler) referenced from startup_mm32f3277g.o(RESET)
 <LI><a href="#[3c]">TIM7_IRQHandler</a> from isr.o(.text.TIM7_IRQHandler) referenced from startup_mm32f3277g.o(RESET)
 <LI><a href="#[31]">TIM8_BRK_IRQHandler</a> from startup_mm32f3277g.o(.text) referenced from startup_mm32f3277g.o(RESET)
 <LI><a href="#[34]">TIM8_CC_IRQHandler</a> from startup_mm32f3277g.o(.text) referenced from startup_mm32f3277g.o(RESET)
 <LI><a href="#[33]">TIM8_TRG_COM_IRQHandler</a> from startup_mm32f3277g.o(.text) referenced from startup_mm32f3277g.o(RESET)
 <LI><a href="#[32]">TIM8_UP_IRQHandler</a> from isr.o(.text.TIM8_UP_IRQHandler) referenced from startup_mm32f3277g.o(RESET)
 <LI><a href="#[2b]">UART1_IRQHandler</a> from isr.o(.text.UART1_IRQHandler) referenced from startup_mm32f3277g.o(RESET)
 <LI><a href="#[2c]">UART2_IRQHandler</a> from isr.o(.text.UART2_IRQHandler) referenced from startup_mm32f3277g.o(RESET)
 <LI><a href="#[2d]">UART3_IRQHandler</a> from isr.o(.text.UART3_IRQHandler) referenced from startup_mm32f3277g.o(RESET)
 <LI><a href="#[39]">UART4_IRQHandler</a> from isr.o(.text.UART4_IRQHandler) referenced from startup_mm32f3277g.o(RESET)
 <LI><a href="#[3a]">UART5_IRQHandler</a> from isr.o(.text.UART5_IRQHandler) referenced from startup_mm32f3277g.o(RESET)
 <LI><a href="#[45]">UART6_IRQHandler</a> from isr.o(.text.UART6_IRQHandler) referenced from startup_mm32f3277g.o(RESET)
 <LI><a href="#[46]">UART7_IRQHandler</a> from isr.o(.text.UART7_IRQHandler) referenced from startup_mm32f3277g.o(RESET)
 <LI><a href="#[47]">UART8_IRQHandler</a> from isr.o(.text.UART8_IRQHandler) referenced from startup_mm32f3277g.o(RESET)
 <LI><a href="#[5]">UsageFault_Handler</a> from startup_mm32f3277g.o(.text) referenced from startup_mm32f3277g.o(RESET)
 <LI><a href="#[a]">WWDG_IRQHandler</a> from startup_mm32f3277g.o(.text) referenced from startup_mm32f3277g.o(RESET)
 <LI><a href="#[4a]">__main</a> from entry.o(.ARM.Collect$$$$00000000) referenced from startup_mm32f3277g.o(.text)
 <LI><a href="#[50]">fputc</a> from zf_common_debug.o(.text.fputc) referenced from printfa.o(i.__0printf)
 <LI><a href="#[4f]">image_property_get</a> from vofa.o(.text.image_property_get) referenced 2 times from vofa.o(.text.vofa_init)
 <LI><a href="#[4e]">image_property_set</a> from vofa.o(.text.image_property_set) referenced 2 times from vofa.o(.text.vofa_init)
 <LI><a href="#[48]">main</a> from main.o(.text.main) referenced from entry9a.o(.ARM.Collect$$$$0000000B)
 <LI><a href="#[4b]">vofa_release</a> from vofa.o(.text.vofa_release) referenced 2 times from vofa.o(.text.vofa_init)
 <LI><a href="#[4c]">vofa_sendzip</a> from vofa.o(.text.vofa_sendzip) referenced 2 times from vofa.o(.text.vofa_init)
 <LI><a href="#[4d]">vofa_unzip</a> from vofa.o(.text.vofa_unzip) referenced 2 times from vofa.o(.text.vofa_init)
</UL>
<P>
<H3>
Global Symbols
</H3>
<P><STRONG><a name="[4a]"></a>__main</STRONG> (Thumb, 0 bytes, Stack size unknown bytes, entry.o(.ARM.Collect$$$$00000000))
<BR>[Address Reference Count : 1]<UL><LI> startup_mm32f3277g.o(.text)
</UL>
<P><STRONG><a name="[122]"></a>_main_stk</STRONG> (Thumb, 0 bytes, Stack size unknown bytes, entry4.o(.ARM.Collect$$$$00000003))

<P><STRONG><a name="[51]"></a>_main_scatterload</STRONG> (Thumb, 0 bytes, Stack size unknown bytes, entry5.o(.ARM.Collect$$$$00000004))
<BR><BR>[Calls]<UL><LI><a href="#[52]">&gt;&gt;</a>&nbsp;&nbsp;&nbsp;__scatterload
</UL>

<P><STRONG><a name="[70]"></a>__main_after_scatterload</STRONG> (Thumb, 0 bytes, Stack size unknown bytes, entry5.o(.ARM.Collect$$$$00000004))
<BR><BR>[Called By]<UL><LI><a href="#[52]">&gt;&gt;</a>&nbsp;&nbsp;&nbsp;__scatterload
</UL>

<P><STRONG><a name="[123]"></a>_main_clock</STRONG> (Thumb, 0 bytes, Stack size unknown bytes, entry7b.o(.ARM.Collect$$$$00000008))

<P><STRONG><a name="[124]"></a>_main_cpp_init</STRONG> (Thumb, 0 bytes, Stack size unknown bytes, entry8b.o(.ARM.Collect$$$$0000000A))

<P><STRONG><a name="[125]"></a>_main_init</STRONG> (Thumb, 0 bytes, Stack size unknown bytes, entry9a.o(.ARM.Collect$$$$0000000B))

<P><STRONG><a name="[126]"></a>__rt_final_cpp</STRONG> (Thumb, 0 bytes, Stack size unknown bytes, entry10a.o(.ARM.Collect$$$$0000000D))

<P><STRONG><a name="[127]"></a>__rt_final_exit</STRONG> (Thumb, 0 bytes, Stack size unknown bytes, entry11a.o(.ARM.Collect$$$$0000000F))

<P><STRONG><a name="[0]"></a>Reset_Handler</STRONG> (Thumb, 8 bytes, Stack size 0 bytes, startup_mm32f3277g.o(.text))
<BR>[Address Reference Count : 1]<UL><LI> startup_mm32f3277g.o(RESET)
</UL>
<P><STRONG><a name="[1]"></a>NMI_Handler</STRONG> (Thumb, 2 bytes, Stack size 0 bytes, startup_mm32f3277g.o(.text))
<BR><BR>[Calls]<UL><LI><a href="#[1]">&gt;&gt;</a>&nbsp;&nbsp;&nbsp;NMI_Handler
</UL>
<BR>[Called By]<UL><LI><a href="#[1]">&gt;&gt;</a>&nbsp;&nbsp;&nbsp;NMI_Handler
</UL>
<BR>[Address Reference Count : 1]<UL><LI> startup_mm32f3277g.o(RESET)
</UL>
<P><STRONG><a name="[2]"></a>HardFault_Handler</STRONG> (Thumb, 2 bytes, Stack size 0 bytes, startup_mm32f3277g.o(.text))
<BR><BR>[Calls]<UL><LI><a href="#[2]">&gt;&gt;</a>&nbsp;&nbsp;&nbsp;HardFault_Handler
</UL>
<BR>[Called By]<UL><LI><a href="#[2]">&gt;&gt;</a>&nbsp;&nbsp;&nbsp;HardFault_Handler
</UL>
<BR>[Address Reference Count : 1]<UL><LI> startup_mm32f3277g.o(RESET)
</UL>
<P><STRONG><a name="[3]"></a>MemManage_Handler</STRONG> (Thumb, 2 bytes, Stack size 0 bytes, startup_mm32f3277g.o(.text))
<BR><BR>[Calls]<UL><LI><a href="#[3]">&gt;&gt;</a>&nbsp;&nbsp;&nbsp;MemManage_Handler
</UL>
<BR>[Called By]<UL><LI><a href="#[3]">&gt;&gt;</a>&nbsp;&nbsp;&nbsp;MemManage_Handler
</UL>
<BR>[Address Reference Count : 1]<UL><LI> startup_mm32f3277g.o(RESET)
</UL>
<P><STRONG><a name="[4]"></a>BusFault_Handler</STRONG> (Thumb, 2 bytes, Stack size 0 bytes, startup_mm32f3277g.o(.text))
<BR><BR>[Calls]<UL><LI><a href="#[4]">&gt;&gt;</a>&nbsp;&nbsp;&nbsp;BusFault_Handler
</UL>
<BR>[Called By]<UL><LI><a href="#[4]">&gt;&gt;</a>&nbsp;&nbsp;&nbsp;BusFault_Handler
</UL>
<BR>[Address Reference Count : 1]<UL><LI> startup_mm32f3277g.o(RESET)
</UL>
<P><STRONG><a name="[5]"></a>UsageFault_Handler</STRONG> (Thumb, 2 bytes, Stack size 0 bytes, startup_mm32f3277g.o(.text))
<BR><BR>[Calls]<UL><LI><a href="#[5]">&gt;&gt;</a>&nbsp;&nbsp;&nbsp;UsageFault_Handler
</UL>
<BR>[Called By]<UL><LI><a href="#[5]">&gt;&gt;</a>&nbsp;&nbsp;&nbsp;UsageFault_Handler
</UL>
<BR>[Address Reference Count : 1]<UL><LI> startup_mm32f3277g.o(RESET)
</UL>
<P><STRONG><a name="[6]"></a>SVC_Handler</STRONG> (Thumb, 2 bytes, Stack size 0 bytes, startup_mm32f3277g.o(.text))
<BR><BR>[Calls]<UL><LI><a href="#[6]">&gt;&gt;</a>&nbsp;&nbsp;&nbsp;SVC_Handler
</UL>
<BR>[Called By]<UL><LI><a href="#[6]">&gt;&gt;</a>&nbsp;&nbsp;&nbsp;SVC_Handler
</UL>
<BR>[Address Reference Count : 1]<UL><LI> startup_mm32f3277g.o(RESET)
</UL>
<P><STRONG><a name="[7]"></a>DebugMon_Handler</STRONG> (Thumb, 2 bytes, Stack size 0 bytes, startup_mm32f3277g.o(.text))
<BR><BR>[Calls]<UL><LI><a href="#[7]">&gt;&gt;</a>&nbsp;&nbsp;&nbsp;DebugMon_Handler
</UL>
<BR>[Called By]<UL><LI><a href="#[7]">&gt;&gt;</a>&nbsp;&nbsp;&nbsp;DebugMon_Handler
</UL>
<BR>[Address Reference Count : 1]<UL><LI> startup_mm32f3277g.o(RESET)
</UL>
<P><STRONG><a name="[8]"></a>PendSV_Handler</STRONG> (Thumb, 2 bytes, Stack size 0 bytes, startup_mm32f3277g.o(.text))
<BR><BR>[Calls]<UL><LI><a href="#[8]">&gt;&gt;</a>&nbsp;&nbsp;&nbsp;PendSV_Handler
</UL>
<BR>[Called By]<UL><LI><a href="#[8]">&gt;&gt;</a>&nbsp;&nbsp;&nbsp;PendSV_Handler
</UL>
<BR>[Address Reference Count : 1]<UL><LI> startup_mm32f3277g.o(RESET)
</UL>
<P><STRONG><a name="[9]"></a>SysTick_Handler</STRONG> (Thumb, 2 bytes, Stack size 0 bytes, startup_mm32f3277g.o(.text))
<BR><BR>[Calls]<UL><LI><a href="#[9]">&gt;&gt;</a>&nbsp;&nbsp;&nbsp;SysTick_Handler
</UL>
<BR>[Called By]<UL><LI><a href="#[9]">&gt;&gt;</a>&nbsp;&nbsp;&nbsp;SysTick_Handler
</UL>
<BR>[Address Reference Count : 1]<UL><LI> startup_mm32f3277g.o(RESET)
</UL>
<P><STRONG><a name="[1c]"></a>ADC1_2_IRQHandler</STRONG> (Thumb, 0 bytes, Stack size 0 bytes, startup_mm32f3277g.o(.text))
<BR><BR>[Calls]<UL><LI><a href="#[1c]">&gt;&gt;</a>&nbsp;&nbsp;&nbsp;ADC1_2_IRQHandler
</UL>
<BR>[Called By]<UL><LI><a href="#[1c]">&gt;&gt;</a>&nbsp;&nbsp;&nbsp;ADC1_2_IRQHandler
</UL>
<BR>[Address Reference Count : 1]<UL><LI> startup_mm32f3277g.o(RESET)
</UL>
<P><STRONG><a name="[35]"></a>ADC3_IRQHandler</STRONG> (Thumb, 0 bytes, Stack size 0 bytes, startup_mm32f3277g.o(.text))
<BR>[Address Reference Count : 1]<UL><LI> startup_mm32f3277g.o(RESET)
</UL>
<P><STRONG><a name="[1e]"></a>CAN1_RX_IRQHandler</STRONG> (Thumb, 0 bytes, Stack size 0 bytes, startup_mm32f3277g.o(.text))
<BR>[Address Reference Count : 1]<UL><LI> startup_mm32f3277g.o(RESET)
</UL>
<P><STRONG><a name="[43]"></a>COMP1_2_IRQHandler</STRONG> (Thumb, 0 bytes, Stack size 0 bytes, startup_mm32f3277g.o(.text))
<BR>[Address Reference Count : 1]<UL><LI> startup_mm32f3277g.o(RESET)
</UL>
<P><STRONG><a name="[42]"></a>ETH_IRQHandler</STRONG> (Thumb, 0 bytes, Stack size 0 bytes, startup_mm32f3277g.o(.text))
<BR>[Address Reference Count : 1]<UL><LI> startup_mm32f3277g.o(RESET)
</UL>
<P><STRONG><a name="[e]"></a>FLASH_IRQHandler</STRONG> (Thumb, 0 bytes, Stack size 0 bytes, startup_mm32f3277g.o(.text))
<BR>[Address Reference Count : 1]<UL><LI> startup_mm32f3277g.o(RESET)
</UL>
<P><STRONG><a name="[1d]"></a>FlashCache_IRQHandler</STRONG> (Thumb, 0 bytes, Stack size 0 bytes, startup_mm32f3277g.o(.text))
<BR>[Address Reference Count : 1]<UL><LI> startup_mm32f3277g.o(RESET)
</UL>
<P><STRONG><a name="[27]"></a>I2C1_IRQHandler</STRONG> (Thumb, 0 bytes, Stack size 0 bytes, startup_mm32f3277g.o(.text))
<BR>[Address Reference Count : 1]<UL><LI> startup_mm32f3277g.o(RESET)
</UL>
<P><STRONG><a name="[28]"></a>I2C2_IRQHandler</STRONG> (Thumb, 0 bytes, Stack size 0 bytes, startup_mm32f3277g.o(.text))
<BR>[Address Reference Count : 1]<UL><LI> startup_mm32f3277g.o(RESET)
</UL>
<P><STRONG><a name="[44]"></a>OTG_FS_IRQHandler</STRONG> (Thumb, 0 bytes, Stack size 0 bytes, startup_mm32f3277g.o(.text))
<BR>[Address Reference Count : 1]<UL><LI> startup_mm32f3277g.o(RESET)
</UL>
<P><STRONG><a name="[30]"></a>OTG_FS_WKUP_IRQHandler</STRONG> (Thumb, 0 bytes, Stack size 0 bytes, startup_mm32f3277g.o(.text))
<BR>[Address Reference Count : 1]<UL><LI> startup_mm32f3277g.o(RESET)
</UL>
<P><STRONG><a name="[b]"></a>PVD_IRQHandler</STRONG> (Thumb, 0 bytes, Stack size 0 bytes, startup_mm32f3277g.o(.text))
<BR>[Address Reference Count : 1]<UL><LI> startup_mm32f3277g.o(RESET)
</UL>
<P><STRONG><a name="[f]"></a>RCC_CRS_IRQHandler</STRONG> (Thumb, 0 bytes, Stack size 0 bytes, startup_mm32f3277g.o(.text))
<BR>[Address Reference Count : 1]<UL><LI> startup_mm32f3277g.o(RESET)
</UL>
<P><STRONG><a name="[2f]"></a>RTCAlarm_IRQHandler</STRONG> (Thumb, 0 bytes, Stack size 0 bytes, startup_mm32f3277g.o(.text))
<BR>[Address Reference Count : 1]<UL><LI> startup_mm32f3277g.o(RESET)
</UL>
<P><STRONG><a name="[d]"></a>RTC_IRQHandler</STRONG> (Thumb, 0 bytes, Stack size 0 bytes, startup_mm32f3277g.o(.text))
<BR>[Address Reference Count : 1]<UL><LI> startup_mm32f3277g.o(RESET)
</UL>
<P><STRONG><a name="[36]"></a>SDIO_IRQHandler</STRONG> (Thumb, 0 bytes, Stack size 0 bytes, startup_mm32f3277g.o(.text))
<BR>[Address Reference Count : 1]<UL><LI> startup_mm32f3277g.o(RESET)
</UL>
<P><STRONG><a name="[29]"></a>SPI1_IRQHandler</STRONG> (Thumb, 0 bytes, Stack size 0 bytes, startup_mm32f3277g.o(.text))
<BR>[Address Reference Count : 1]<UL><LI> startup_mm32f3277g.o(RESET)
</UL>
<P><STRONG><a name="[2a]"></a>SPI2_IRQHandler</STRONG> (Thumb, 0 bytes, Stack size 0 bytes, startup_mm32f3277g.o(.text))
<BR>[Address Reference Count : 1]<UL><LI> startup_mm32f3277g.o(RESET)
</UL>
<P><STRONG><a name="[38]"></a>SPI3_IRQHandler</STRONG> (Thumb, 0 bytes, Stack size 0 bytes, startup_mm32f3277g.o(.text))
<BR>[Address Reference Count : 1]<UL><LI> startup_mm32f3277g.o(RESET)
</UL>
<P><STRONG><a name="[c]"></a>TAMPER_IRQHandler</STRONG> (Thumb, 0 bytes, Stack size 0 bytes, startup_mm32f3277g.o(.text))
<BR>[Address Reference Count : 1]<UL><LI> startup_mm32f3277g.o(RESET)
</UL>
<P><STRONG><a name="[20]"></a>TIM1_BRK_IRQHandler</STRONG> (Thumb, 0 bytes, Stack size 0 bytes, startup_mm32f3277g.o(.text))
<BR>[Address Reference Count : 1]<UL><LI> startup_mm32f3277g.o(RESET)
</UL>
<P><STRONG><a name="[23]"></a>TIM1_CC_IRQHandler</STRONG> (Thumb, 0 bytes, Stack size 0 bytes, startup_mm32f3277g.o(.text))
<BR>[Address Reference Count : 1]<UL><LI> startup_mm32f3277g.o(RESET)
</UL>
<P><STRONG><a name="[22]"></a>TIM1_TRG_COM_IRQHandler</STRONG> (Thumb, 0 bytes, Stack size 0 bytes, startup_mm32f3277g.o(.text))
<BR>[Address Reference Count : 1]<UL><LI> startup_mm32f3277g.o(RESET)
</UL>
<P><STRONG><a name="[31]"></a>TIM8_BRK_IRQHandler</STRONG> (Thumb, 0 bytes, Stack size 0 bytes, startup_mm32f3277g.o(.text))
<BR>[Address Reference Count : 1]<UL><LI> startup_mm32f3277g.o(RESET)
</UL>
<P><STRONG><a name="[34]"></a>TIM8_CC_IRQHandler</STRONG> (Thumb, 0 bytes, Stack size 0 bytes, startup_mm32f3277g.o(.text))
<BR>[Address Reference Count : 1]<UL><LI> startup_mm32f3277g.o(RESET)
</UL>
<P><STRONG><a name="[33]"></a>TIM8_TRG_COM_IRQHandler</STRONG> (Thumb, 0 bytes, Stack size 0 bytes, startup_mm32f3277g.o(.text))
<BR>[Address Reference Count : 1]<UL><LI> startup_mm32f3277g.o(RESET)
</UL>
<P><STRONG><a name="[a]"></a>WWDG_IRQHandler</STRONG> (Thumb, 0 bytes, Stack size 0 bytes, startup_mm32f3277g.o(.text))
<BR>[Address Reference Count : 1]<UL><LI> startup_mm32f3277g.o(RESET)
</UL>
<P><STRONG><a name="[c2]"></a>__aeabi_memcpy</STRONG> (Thumb, 36 bytes, Stack size 0 bytes, memcpya.o(.text))
<BR><BR>[Called By]<UL><LI><a href="#[b1]">&gt;&gt;</a>&nbsp;&nbsp;&nbsp;fifo_write_buffer
<LI><a href="#[ac]">&gt;&gt;</a>&nbsp;&nbsp;&nbsp;gps_uart_callback
<LI><a href="#[dd]">&gt;&gt;</a>&nbsp;&nbsp;&nbsp;gps_init
</UL>

<P><STRONG><a name="[128]"></a>__aeabi_memcpy4</STRONG> (Thumb, 0 bytes, Stack size 0 bytes, memcpya.o(.text), UNUSED)

<P><STRONG><a name="[129]"></a>__aeabi_memcpy8</STRONG> (Thumb, 0 bytes, Stack size 0 bytes, memcpya.o(.text), UNUSED)

<P><STRONG><a name="[54]"></a>__aeabi_memset</STRONG> (Thumb, 14 bytes, Stack size 0 bytes, memseta.o(.text))
<BR><BR>[Called By]<UL><LI><a href="#[80]">&gt;&gt;</a>&nbsp;&nbsp;&nbsp;ips200_show_uint
<LI><a href="#[7d]">&gt;&gt;</a>&nbsp;&nbsp;&nbsp;ips200_show_int
<LI><a href="#[7f]">&gt;&gt;</a>&nbsp;&nbsp;&nbsp;ips200_show_float
<LI><a href="#[55]">&gt;&gt;</a>&nbsp;&nbsp;&nbsp;_memset$wrapper
<LI><a href="#[53]">&gt;&gt;</a>&nbsp;&nbsp;&nbsp;__aeabi_memclr
</UL>

<P><STRONG><a name="[c5]"></a>__aeabi_memset4</STRONG> (Thumb, 0 bytes, Stack size 0 bytes, memseta.o(.text))
<BR><BR>[Called By]<UL><LI><a href="#[a4]">&gt;&gt;</a>&nbsp;&nbsp;&nbsp;flash_buffer_clear
</UL>

<P><STRONG><a name="[12a]"></a>__aeabi_memset8</STRONG> (Thumb, 0 bytes, Stack size 0 bytes, memseta.o(.text), UNUSED)

<P><STRONG><a name="[53]"></a>__aeabi_memclr</STRONG> (Thumb, 4 bytes, Stack size 0 bytes, memseta.o(.text), UNUSED)
<BR><BR>[Calls]<UL><LI><a href="#[54]">&gt;&gt;</a>&nbsp;&nbsp;&nbsp;__aeabi_memset
</UL>

<P><STRONG><a name="[12b]"></a>__aeabi_memclr4</STRONG> (Thumb, 0 bytes, Stack size 0 bytes, memseta.o(.text), UNUSED)

<P><STRONG><a name="[12c]"></a>__aeabi_memclr8</STRONG> (Thumb, 0 bytes, Stack size 0 bytes, memseta.o(.text), UNUSED)

<P><STRONG><a name="[55]"></a>_memset$wrapper</STRONG> (Thumb, 18 bytes, Stack size 8 bytes, memseta.o(.text), UNUSED)
<BR><BR>[Calls]<UL><LI><a href="#[54]">&gt;&gt;</a>&nbsp;&nbsp;&nbsp;__aeabi_memset
</UL>

<P><STRONG><a name="[cb]"></a>strncpy</STRONG> (Thumb, 24 bytes, Stack size 8 bytes, strncpy.o(.text))
<BR><BR>[Stack]<UL><LI>Max Depth = 8<LI>Call Chain = strncpy
</UL>
<BR>[Called By]<UL><LI><a href="#[ce]">&gt;&gt;</a>&nbsp;&nbsp;&nbsp;get_int_number
<LI><a href="#[cd]">&gt;&gt;</a>&nbsp;&nbsp;&nbsp;get_float_number
<LI><a href="#[c9]">&gt;&gt;</a>&nbsp;&nbsp;&nbsp;get_double_number
</UL>

<P><STRONG><a name="[d0]"></a>strchr</STRONG> (Thumb, 20 bytes, Stack size 0 bytes, strchr.o(.text))
<BR><BR>[Called By]<UL><LI><a href="#[ca]">&gt;&gt;</a>&nbsp;&nbsp;&nbsp;get_parameter_index
</UL>

<P><STRONG><a name="[d9]"></a>strncmp</STRONG> (Thumb, 30 bytes, Stack size 12 bytes, strncmp.o(.text))
<BR><BR>[Stack]<UL><LI>Max Depth = 12<LI>Call Chain = strncmp
</UL>
<BR>[Called By]<UL><LI><a href="#[d8]">&gt;&gt;</a>&nbsp;&nbsp;&nbsp;gps_data_parse
</UL>

<P><STRONG><a name="[56]"></a>__aeabi_fadd</STRONG> (Thumb, 164 bytes, Stack size 16 bytes, fadd.o(.text))
<BR><BR>[Stack]<UL><LI>Max Depth = 20<LI>Call Chain = __aeabi_fadd &rArr; _float_epilogue
</UL>
<BR>[Calls]<UL><LI><a href="#[58]">&gt;&gt;</a>&nbsp;&nbsp;&nbsp;_float_round
<LI><a href="#[57]">&gt;&gt;</a>&nbsp;&nbsp;&nbsp;_float_epilogue
</UL>
<BR>[Called By]<UL><LI><a href="#[8f]">&gt;&gt;</a>&nbsp;&nbsp;&nbsp;filter
<LI><a href="#[7b]">&gt;&gt;</a>&nbsp;&nbsp;&nbsp;ips200_draw_line
<LI><a href="#[ea]">&gt;&gt;</a>&nbsp;&nbsp;&nbsp;icmConvert
<LI><a href="#[a6]">&gt;&gt;</a>&nbsp;&nbsp;&nbsp;Servo_PID
<LI><a href="#[92]">&gt;&gt;</a>&nbsp;&nbsp;&nbsp;Key1_Action
<LI><a href="#[59]">&gt;&gt;</a>&nbsp;&nbsp;&nbsp;__aeabi_fsub
<LI><a href="#[9c]">&gt;&gt;</a>&nbsp;&nbsp;&nbsp;Motor_PID
<LI><a href="#[ab]">&gt;&gt;</a>&nbsp;&nbsp;&nbsp;icmAHRSupdate
<LI><a href="#[ec]">&gt;&gt;</a>&nbsp;&nbsp;&nbsp;icmZeroInit
<LI><a href="#[8a]">&gt;&gt;</a>&nbsp;&nbsp;&nbsp;INS
<LI><a href="#[db]">&gt;&gt;</a>&nbsp;&nbsp;&nbsp;gps_gngga_parse
<LI><a href="#[5a]">&gt;&gt;</a>&nbsp;&nbsp;&nbsp;__aeabi_frsub
</UL>

<P><STRONG><a name="[59]"></a>__aeabi_fsub</STRONG> (Thumb, 6 bytes, Stack size 0 bytes, fadd.o(.text))
<BR><BR>[Stack]<UL><LI>Max Depth = 20<LI>Call Chain = __aeabi_fsub &rArr; __aeabi_fadd &rArr; _float_epilogue
</UL>
<BR>[Calls]<UL><LI><a href="#[56]">&gt;&gt;</a>&nbsp;&nbsp;&nbsp;__aeabi_fadd
</UL>
<BR>[Called By]<UL><LI><a href="#[c6]">&gt;&gt;</a>&nbsp;&nbsp;&nbsp;float_to_str
<LI><a href="#[91]">&gt;&gt;</a>&nbsp;&nbsp;&nbsp;InvSqrt
<LI><a href="#[7f]">&gt;&gt;</a>&nbsp;&nbsp;&nbsp;ips200_show_float
<LI><a href="#[7b]">&gt;&gt;</a>&nbsp;&nbsp;&nbsp;ips200_draw_line
<LI><a href="#[ea]">&gt;&gt;</a>&nbsp;&nbsp;&nbsp;icmConvert
<LI><a href="#[a6]">&gt;&gt;</a>&nbsp;&nbsp;&nbsp;Servo_PID
<LI><a href="#[9c]">&gt;&gt;</a>&nbsp;&nbsp;&nbsp;Motor_PID
<LI><a href="#[ab]">&gt;&gt;</a>&nbsp;&nbsp;&nbsp;icmAHRSupdate
<LI><a href="#[8a]">&gt;&gt;</a>&nbsp;&nbsp;&nbsp;INS
<LI><a href="#[da]">&gt;&gt;</a>&nbsp;&nbsp;&nbsp;gps_gnrmc_parse
</UL>

<P><STRONG><a name="[5a]"></a>__aeabi_frsub</STRONG> (Thumb, 6 bytes, Stack size 0 bytes, fadd.o(.text), UNUSED)
<BR><BR>[Calls]<UL><LI><a href="#[56]">&gt;&gt;</a>&nbsp;&nbsp;&nbsp;__aeabi_fadd
</UL>

<P><STRONG><a name="[75]"></a>__aeabi_fmul</STRONG> (Thumb, 100 bytes, Stack size 8 bytes, fmul.o(.text))
<BR><BR>[Stack]<UL><LI>Max Depth = 8<LI>Call Chain = __aeabi_fmul
</UL>
<BR>[Called By]<UL><LI><a href="#[c6]">&gt;&gt;</a>&nbsp;&nbsp;&nbsp;float_to_str
<LI><a href="#[91]">&gt;&gt;</a>&nbsp;&nbsp;&nbsp;InvSqrt
<LI><a href="#[7f]">&gt;&gt;</a>&nbsp;&nbsp;&nbsp;ips200_show_float
<LI><a href="#[7b]">&gt;&gt;</a>&nbsp;&nbsp;&nbsp;ips200_draw_line
<LI><a href="#[ea]">&gt;&gt;</a>&nbsp;&nbsp;&nbsp;icmConvert
<LI><a href="#[a6]">&gt;&gt;</a>&nbsp;&nbsp;&nbsp;Servo_PID
<LI><a href="#[9d]">&gt;&gt;</a>&nbsp;&nbsp;&nbsp;pwm_set_duty
<LI><a href="#[9f]">&gt;&gt;</a>&nbsp;&nbsp;&nbsp;pwm_init
<LI><a href="#[9c]">&gt;&gt;</a>&nbsp;&nbsp;&nbsp;Motor_PID
<LI><a href="#[ab]">&gt;&gt;</a>&nbsp;&nbsp;&nbsp;icmAHRSupdate
<LI><a href="#[73]">&gt;&gt;</a>&nbsp;&nbsp;&nbsp;CopeSerial8Data
<LI><a href="#[da]">&gt;&gt;</a>&nbsp;&nbsp;&nbsp;gps_gnrmc_parse
</UL>

<P><STRONG><a name="[5b]"></a>__aeabi_fdiv</STRONG> (Thumb, 124 bytes, Stack size 8 bytes, fdiv.o(.text))
<BR><BR>[Stack]<UL><LI>Max Depth = 8<LI>Call Chain = __aeabi_fdiv
</UL>
<BR>[Calls]<UL><LI><a href="#[58]">&gt;&gt;</a>&nbsp;&nbsp;&nbsp;_float_round
</UL>
<BR>[Called By]<UL><LI><a href="#[8f]">&gt;&gt;</a>&nbsp;&nbsp;&nbsp;filter
<LI><a href="#[7b]">&gt;&gt;</a>&nbsp;&nbsp;&nbsp;ips200_draw_line
<LI><a href="#[ea]">&gt;&gt;</a>&nbsp;&nbsp;&nbsp;icmConvert
<LI><a href="#[9d]">&gt;&gt;</a>&nbsp;&nbsp;&nbsp;pwm_set_duty
<LI><a href="#[9f]">&gt;&gt;</a>&nbsp;&nbsp;&nbsp;pwm_init
<LI><a href="#[a5]">&gt;&gt;</a>&nbsp;&nbsp;&nbsp;Servo
<LI><a href="#[73]">&gt;&gt;</a>&nbsp;&nbsp;&nbsp;CopeSerial8Data
<LI><a href="#[ec]">&gt;&gt;</a>&nbsp;&nbsp;&nbsp;icmZeroInit
</UL>

<P><STRONG><a name="[5c]"></a>__aeabi_dadd</STRONG> (Thumb, 322 bytes, Stack size 48 bytes, dadd.o(.text))
<BR><BR>[Stack]<UL><LI>Max Depth = 88<LI>Call Chain = __aeabi_dadd &rArr; _double_epilogue &rArr; _double_round
</UL>
<BR>[Calls]<UL><LI><a href="#[5e]">&gt;&gt;</a>&nbsp;&nbsp;&nbsp;__aeabi_lasr
<LI><a href="#[5d]">&gt;&gt;</a>&nbsp;&nbsp;&nbsp;__aeabi_llsl
<LI><a href="#[60]">&gt;&gt;</a>&nbsp;&nbsp;&nbsp;_double_round
<LI><a href="#[5f]">&gt;&gt;</a>&nbsp;&nbsp;&nbsp;_double_epilogue
</UL>
<BR>[Called By]<UL><LI><a href="#[cc]">&gt;&gt;</a>&nbsp;&nbsp;&nbsp;str_to_double
<LI><a href="#[8c]">&gt;&gt;</a>&nbsp;&nbsp;&nbsp;get_two_points_distance
<LI><a href="#[8d]">&gt;&gt;</a>&nbsp;&nbsp;&nbsp;get_two_points_azimuth
<LI><a href="#[61]">&gt;&gt;</a>&nbsp;&nbsp;&nbsp;__aeabi_dsub
<LI><a href="#[a5]">&gt;&gt;</a>&nbsp;&nbsp;&nbsp;Servo
<LI><a href="#[da]">&gt;&gt;</a>&nbsp;&nbsp;&nbsp;gps_gnrmc_parse
<LI><a href="#[112]">&gt;&gt;</a>&nbsp;&nbsp;&nbsp;__kernel_sin
<LI><a href="#[10e]">&gt;&gt;</a>&nbsp;&nbsp;&nbsp;__ieee754_rem_pio2
<LI><a href="#[111]">&gt;&gt;</a>&nbsp;&nbsp;&nbsp;__kernel_poly
<LI><a href="#[117]">&gt;&gt;</a>&nbsp;&nbsp;&nbsp;__mathlib_dbl_infnan2
<LI><a href="#[120]">&gt;&gt;</a>&nbsp;&nbsp;&nbsp;atan
<LI><a href="#[11a]">&gt;&gt;</a>&nbsp;&nbsp;&nbsp;_fp_digits
<LI><a href="#[d5]">&gt;&gt;</a>&nbsp;&nbsp;&nbsp;pow
<LI><a href="#[62]">&gt;&gt;</a>&nbsp;&nbsp;&nbsp;__aeabi_drsub
<LI><a href="#[d7]">&gt;&gt;</a>&nbsp;&nbsp;&nbsp;asin
</UL>

<P><STRONG><a name="[61]"></a>__aeabi_dsub</STRONG> (Thumb, 6 bytes, Stack size 0 bytes, dadd.o(.text))
<BR><BR>[Stack]<UL><LI>Max Depth = 88<LI>Call Chain = __aeabi_dsub &rArr; __aeabi_dadd &rArr; _double_epilogue &rArr; _double_round
</UL>
<BR>[Calls]<UL><LI><a href="#[5c]">&gt;&gt;</a>&nbsp;&nbsp;&nbsp;__aeabi_dadd
</UL>
<BR>[Called By]<UL><LI><a href="#[8c]">&gt;&gt;</a>&nbsp;&nbsp;&nbsp;get_two_points_distance
<LI><a href="#[8d]">&gt;&gt;</a>&nbsp;&nbsp;&nbsp;get_two_points_azimuth
<LI><a href="#[af]">&gt;&gt;</a>&nbsp;&nbsp;&nbsp;myprintf
<LI><a href="#[da]">&gt;&gt;</a>&nbsp;&nbsp;&nbsp;gps_gnrmc_parse
<LI><a href="#[112]">&gt;&gt;</a>&nbsp;&nbsp;&nbsp;__kernel_sin
<LI><a href="#[10e]">&gt;&gt;</a>&nbsp;&nbsp;&nbsp;__ieee754_rem_pio2
<LI><a href="#[110]">&gt;&gt;</a>&nbsp;&nbsp;&nbsp;__kernel_cos
<LI><a href="#[120]">&gt;&gt;</a>&nbsp;&nbsp;&nbsp;atan
<LI><a href="#[d5]">&gt;&gt;</a>&nbsp;&nbsp;&nbsp;pow
<LI><a href="#[d3]">&gt;&gt;</a>&nbsp;&nbsp;&nbsp;atan2
<LI><a href="#[d7]">&gt;&gt;</a>&nbsp;&nbsp;&nbsp;asin
</UL>

<P><STRONG><a name="[62]"></a>__aeabi_drsub</STRONG> (Thumb, 6 bytes, Stack size 0 bytes, dadd.o(.text))
<BR><BR>[Stack]<UL><LI>Max Depth = 88<LI>Call Chain = __aeabi_drsub &rArr; __aeabi_dadd &rArr; _double_epilogue &rArr; _double_round
</UL>
<BR>[Calls]<UL><LI><a href="#[5c]">&gt;&gt;</a>&nbsp;&nbsp;&nbsp;__aeabi_dadd
</UL>
<BR>[Called By]<UL><LI><a href="#[112]">&gt;&gt;</a>&nbsp;&nbsp;&nbsp;__kernel_sin
<LI><a href="#[10e]">&gt;&gt;</a>&nbsp;&nbsp;&nbsp;__ieee754_rem_pio2
<LI><a href="#[110]">&gt;&gt;</a>&nbsp;&nbsp;&nbsp;__kernel_cos
<LI><a href="#[120]">&gt;&gt;</a>&nbsp;&nbsp;&nbsp;atan
<LI><a href="#[d5]">&gt;&gt;</a>&nbsp;&nbsp;&nbsp;pow
<LI><a href="#[d3]">&gt;&gt;</a>&nbsp;&nbsp;&nbsp;atan2
<LI><a href="#[d7]">&gt;&gt;</a>&nbsp;&nbsp;&nbsp;asin
</UL>

<P><STRONG><a name="[63]"></a>__aeabi_dmul</STRONG> (Thumb, 228 bytes, Stack size 48 bytes, dmul.o(.text))
<BR><BR>[Stack]<UL><LI>Max Depth = 88<LI>Call Chain = __aeabi_dmul &rArr; _double_epilogue &rArr; _double_round
</UL>
<BR>[Calls]<UL><LI><a href="#[5f]">&gt;&gt;</a>&nbsp;&nbsp;&nbsp;_double_epilogue
</UL>
<BR>[Called By]<UL><LI><a href="#[cc]">&gt;&gt;</a>&nbsp;&nbsp;&nbsp;str_to_double
<LI><a href="#[8c]">&gt;&gt;</a>&nbsp;&nbsp;&nbsp;get_two_points_distance
<LI><a href="#[8d]">&gt;&gt;</a>&nbsp;&nbsp;&nbsp;get_two_points_azimuth
<LI><a href="#[ea]">&gt;&gt;</a>&nbsp;&nbsp;&nbsp;icmConvert
<LI><a href="#[af]">&gt;&gt;</a>&nbsp;&nbsp;&nbsp;myprintf
<LI><a href="#[ab]">&gt;&gt;</a>&nbsp;&nbsp;&nbsp;icmAHRSupdate
<LI><a href="#[a5]">&gt;&gt;</a>&nbsp;&nbsp;&nbsp;Servo
<LI><a href="#[112]">&gt;&gt;</a>&nbsp;&nbsp;&nbsp;__kernel_sin
<LI><a href="#[10e]">&gt;&gt;</a>&nbsp;&nbsp;&nbsp;__ieee754_rem_pio2
<LI><a href="#[111]">&gt;&gt;</a>&nbsp;&nbsp;&nbsp;__kernel_poly
<LI><a href="#[110]">&gt;&gt;</a>&nbsp;&nbsp;&nbsp;__kernel_cos
<LI><a href="#[120]">&gt;&gt;</a>&nbsp;&nbsp;&nbsp;atan
<LI><a href="#[11a]">&gt;&gt;</a>&nbsp;&nbsp;&nbsp;_fp_digits
<LI><a href="#[d5]">&gt;&gt;</a>&nbsp;&nbsp;&nbsp;pow
<LI><a href="#[d7]">&gt;&gt;</a>&nbsp;&nbsp;&nbsp;asin
</UL>

<P><STRONG><a name="[64]"></a>__aeabi_ddiv</STRONG> (Thumb, 222 bytes, Stack size 32 bytes, ddiv.o(.text))
<BR><BR>[Stack]<UL><LI>Max Depth = 40<LI>Call Chain = __aeabi_ddiv &rArr; _double_round
</UL>
<BR>[Calls]<UL><LI><a href="#[60]">&gt;&gt;</a>&nbsp;&nbsp;&nbsp;_double_round
</UL>
<BR>[Called By]<UL><LI><a href="#[cc]">&gt;&gt;</a>&nbsp;&nbsp;&nbsp;str_to_double
<LI><a href="#[8c]">&gt;&gt;</a>&nbsp;&nbsp;&nbsp;get_two_points_distance
<LI><a href="#[8d]">&gt;&gt;</a>&nbsp;&nbsp;&nbsp;get_two_points_azimuth
<LI><a href="#[ea]">&gt;&gt;</a>&nbsp;&nbsp;&nbsp;icmConvert
<LI><a href="#[ab]">&gt;&gt;</a>&nbsp;&nbsp;&nbsp;icmAHRSupdate
<LI><a href="#[da]">&gt;&gt;</a>&nbsp;&nbsp;&nbsp;gps_gnrmc_parse
<LI><a href="#[118]">&gt;&gt;</a>&nbsp;&nbsp;&nbsp;__mathlib_dbl_invalid
<LI><a href="#[115]">&gt;&gt;</a>&nbsp;&nbsp;&nbsp;__mathlib_dbl_divzero
<LI><a href="#[120]">&gt;&gt;</a>&nbsp;&nbsp;&nbsp;atan
<LI><a href="#[11a]">&gt;&gt;</a>&nbsp;&nbsp;&nbsp;_fp_digits
<LI><a href="#[d5]">&gt;&gt;</a>&nbsp;&nbsp;&nbsp;pow
<LI><a href="#[d3]">&gt;&gt;</a>&nbsp;&nbsp;&nbsp;atan2
<LI><a href="#[d7]">&gt;&gt;</a>&nbsp;&nbsp;&nbsp;asin
</UL>

<P><STRONG><a name="[8e]"></a>__aeabi_fcmple</STRONG> (Thumb, 28 bytes, Stack size 0 bytes, fcmple.o(.text))
<BR><BR>[Called By]<UL><LI><a href="#[8a]">&gt;&gt;</a>&nbsp;&nbsp;&nbsp;INS
</UL>

<P><STRONG><a name="[a8]"></a>__aeabi_fcmplt</STRONG> (Thumb, 28 bytes, Stack size 0 bytes, fcmplt.o(.text))
<BR><BR>[Called By]<UL><LI><a href="#[a5]">&gt;&gt;</a>&nbsp;&nbsp;&nbsp;Servo
</UL>

<P><STRONG><a name="[90]"></a>__aeabi_fcmpge</STRONG> (Thumb, 28 bytes, Stack size 0 bytes, fcmpge.o(.text))
<BR><BR>[Called By]<UL><LI><a href="#[c6]">&gt;&gt;</a>&nbsp;&nbsp;&nbsp;float_to_str
<LI><a href="#[8a]">&gt;&gt;</a>&nbsp;&nbsp;&nbsp;INS
</UL>

<P><STRONG><a name="[a7]"></a>__aeabi_fcmpgt</STRONG> (Thumb, 28 bytes, Stack size 0 bytes, fcmpgt.o(.text))
<BR><BR>[Called By]<UL><LI><a href="#[a5]">&gt;&gt;</a>&nbsp;&nbsp;&nbsp;Servo
</UL>

<P><STRONG><a name="[eb]"></a>__aeabi_fcmpeq</STRONG> (Thumb, 28 bytes, Stack size 0 bytes, fcmpeq.o(.text))
<BR><BR>[Called By]<UL><LI><a href="#[ab]">&gt;&gt;</a>&nbsp;&nbsp;&nbsp;icmAHRSupdate
</UL>

<P><STRONG><a name="[d4]"></a>__aeabi_dcmple</STRONG> (Thumb, 54 bytes, Stack size 12 bytes, dcmple.o(.text))
<BR><BR>[Stack]<UL><LI>Max Depth = 12<LI>Call Chain = __aeabi_dcmple
</UL>
<BR>[Called By]<UL><LI><a href="#[8d]">&gt;&gt;</a>&nbsp;&nbsp;&nbsp;get_two_points_azimuth
</UL>

<P><STRONG><a name="[105]"></a>__aeabi_dcmpge</STRONG> (Thumb, 54 bytes, Stack size 12 bytes, dcmpge.o(.text))
<BR><BR>[Stack]<UL><LI>Max Depth = 12<LI>Call Chain = __aeabi_dcmpge
</UL>
<BR>[Called By]<UL><LI><a href="#[af]">&gt;&gt;</a>&nbsp;&nbsp;&nbsp;myprintf
</UL>

<P><STRONG><a name="[c7]"></a>__aeabi_dcmpeq</STRONG> (Thumb, 56 bytes, Stack size 12 bytes, dcmpeq.o(.text))
<BR><BR>[Stack]<UL><LI>Max Depth = 12<LI>Call Chain = __aeabi_dcmpeq
</UL>
<BR>[Called By]<UL><LI><a href="#[c6]">&gt;&gt;</a>&nbsp;&nbsp;&nbsp;float_to_str
</UL>

<P><STRONG><a name="[65]"></a>__aeabi_i2f</STRONG> (Thumb, 18 bytes, Stack size 0 bytes, fflti.o(.text))
<BR><BR>[Stack]<UL><LI>Max Depth = 4<LI>Call Chain = __aeabi_i2f &rArr; _float_epilogue
</UL>
<BR>[Calls]<UL><LI><a href="#[57]">&gt;&gt;</a>&nbsp;&nbsp;&nbsp;_float_epilogue
</UL>
<BR>[Called By]<UL><LI><a href="#[c6]">&gt;&gt;</a>&nbsp;&nbsp;&nbsp;float_to_str
<LI><a href="#[8f]">&gt;&gt;</a>&nbsp;&nbsp;&nbsp;filter
<LI><a href="#[7f]">&gt;&gt;</a>&nbsp;&nbsp;&nbsp;ips200_show_float
<LI><a href="#[7b]">&gt;&gt;</a>&nbsp;&nbsp;&nbsp;ips200_draw_line
<LI><a href="#[ea]">&gt;&gt;</a>&nbsp;&nbsp;&nbsp;icmConvert
<LI><a href="#[9d]">&gt;&gt;</a>&nbsp;&nbsp;&nbsp;pwm_set_duty
<LI><a href="#[9f]">&gt;&gt;</a>&nbsp;&nbsp;&nbsp;pwm_init
<LI><a href="#[a5]">&gt;&gt;</a>&nbsp;&nbsp;&nbsp;Servo
<LI><a href="#[9b]">&gt;&gt;</a>&nbsp;&nbsp;&nbsp;Motor_Control
<LI><a href="#[73]">&gt;&gt;</a>&nbsp;&nbsp;&nbsp;CopeSerial8Data
<LI><a href="#[ec]">&gt;&gt;</a>&nbsp;&nbsp;&nbsp;icmZeroInit
<LI><a href="#[da]">&gt;&gt;</a>&nbsp;&nbsp;&nbsp;gps_gnrmc_parse
</UL>

<P><STRONG><a name="[66]"></a>__aeabi_ui2f</STRONG> (Thumb, 10 bytes, Stack size 0 bytes, ffltui.o(.text))
<BR><BR>[Stack]<UL><LI>Max Depth = 4<LI>Call Chain = __aeabi_ui2f &rArr; _float_epilogue
</UL>
<BR>[Calls]<UL><LI><a href="#[57]">&gt;&gt;</a>&nbsp;&nbsp;&nbsp;_float_epilogue
</UL>
<BR>[Called By]<UL><LI><a href="#[7b]">&gt;&gt;</a>&nbsp;&nbsp;&nbsp;ips200_draw_line
<LI><a href="#[9d]">&gt;&gt;</a>&nbsp;&nbsp;&nbsp;pwm_set_duty
<LI><a href="#[9f]">&gt;&gt;</a>&nbsp;&nbsp;&nbsp;pwm_init
<LI><a href="#[ae]">&gt;&gt;</a>&nbsp;&nbsp;&nbsp;VOFA_Send
</UL>

<P><STRONG><a name="[67]"></a>__aeabi_i2d</STRONG> (Thumb, 34 bytes, Stack size 16 bytes, dflti.o(.text))
<BR><BR>[Stack]<UL><LI>Max Depth = 56<LI>Call Chain = __aeabi_i2d &rArr; _double_epilogue &rArr; _double_round
</UL>
<BR>[Calls]<UL><LI><a href="#[5f]">&gt;&gt;</a>&nbsp;&nbsp;&nbsp;_double_epilogue
</UL>
<BR>[Called By]<UL><LI><a href="#[cc]">&gt;&gt;</a>&nbsp;&nbsp;&nbsp;str_to_double
<LI><a href="#[af]">&gt;&gt;</a>&nbsp;&nbsp;&nbsp;myprintf
<LI><a href="#[da]">&gt;&gt;</a>&nbsp;&nbsp;&nbsp;gps_gnrmc_parse
<LI><a href="#[10e]">&gt;&gt;</a>&nbsp;&nbsp;&nbsp;__ieee754_rem_pio2
<LI><a href="#[d5]">&gt;&gt;</a>&nbsp;&nbsp;&nbsp;pow
</UL>

<P><STRONG><a name="[68]"></a>__aeabi_ui2d</STRONG> (Thumb, 26 bytes, Stack size 16 bytes, dfltui.o(.text))
<BR><BR>[Stack]<UL><LI>Max Depth = 56<LI>Call Chain = __aeabi_ui2d &rArr; _double_epilogue &rArr; _double_round
</UL>
<BR>[Calls]<UL><LI><a href="#[5f]">&gt;&gt;</a>&nbsp;&nbsp;&nbsp;_double_epilogue
</UL>
<BR>[Called By]<UL><LI><a href="#[da]">&gt;&gt;</a>&nbsp;&nbsp;&nbsp;gps_gnrmc_parse
<LI><a href="#[10e]">&gt;&gt;</a>&nbsp;&nbsp;&nbsp;__ieee754_rem_pio2
</UL>

<P><STRONG><a name="[7e]"></a>__aeabi_f2iz</STRONG> (Thumb, 50 bytes, Stack size 0 bytes, ffixi.o(.text))
<BR><BR>[Called By]<UL><LI><a href="#[c6]">&gt;&gt;</a>&nbsp;&nbsp;&nbsp;float_to_str
<LI><a href="#[7f]">&gt;&gt;</a>&nbsp;&nbsp;&nbsp;ips200_show_float
<LI><a href="#[7b]">&gt;&gt;</a>&nbsp;&nbsp;&nbsp;ips200_draw_line
<LI><a href="#[a6]">&gt;&gt;</a>&nbsp;&nbsp;&nbsp;Servo_PID
<LI><a href="#[9d]">&gt;&gt;</a>&nbsp;&nbsp;&nbsp;pwm_set_duty
<LI><a href="#[9f]">&gt;&gt;</a>&nbsp;&nbsp;&nbsp;pwm_init
<LI><a href="#[9c]">&gt;&gt;</a>&nbsp;&nbsp;&nbsp;Motor_PID
<LI><a href="#[8a]">&gt;&gt;</a>&nbsp;&nbsp;&nbsp;INS
<LI><a href="#[7c]">&gt;&gt;</a>&nbsp;&nbsp;&nbsp;GUI_Show
<LI><a href="#[da]">&gt;&gt;</a>&nbsp;&nbsp;&nbsp;gps_gnrmc_parse
</UL>

<P><STRONG><a name="[69]"></a>__aeabi_d2iz</STRONG> (Thumb, 62 bytes, Stack size 16 bytes, dfixi.o(.text))
<BR><BR>[Stack]<UL><LI>Max Depth = 16<LI>Call Chain = __aeabi_d2iz
</UL>
<BR>[Calls]<UL><LI><a href="#[6a]">&gt;&gt;</a>&nbsp;&nbsp;&nbsp;__aeabi_llsr
</UL>
<BR>[Called By]<UL><LI><a href="#[af]">&gt;&gt;</a>&nbsp;&nbsp;&nbsp;myprintf
<LI><a href="#[da]">&gt;&gt;</a>&nbsp;&nbsp;&nbsp;gps_gnrmc_parse
<LI><a href="#[10e]">&gt;&gt;</a>&nbsp;&nbsp;&nbsp;__ieee754_rem_pio2
<LI><a href="#[110]">&gt;&gt;</a>&nbsp;&nbsp;&nbsp;__kernel_cos
</UL>

<P><STRONG><a name="[6b]"></a>__aeabi_d2uiz</STRONG> (Thumb, 50 bytes, Stack size 8 bytes, dfixui.o(.text))
<BR><BR>[Stack]<UL><LI>Max Depth = 8<LI>Call Chain = __aeabi_d2uiz
</UL>
<BR>[Calls]<UL><LI><a href="#[6a]">&gt;&gt;</a>&nbsp;&nbsp;&nbsp;__aeabi_llsr
</UL>
<BR>[Called By]<UL><LI><a href="#[a5]">&gt;&gt;</a>&nbsp;&nbsp;&nbsp;Servo
</UL>

<P><STRONG><a name="[8b]"></a>__aeabi_f2d</STRONG> (Thumb, 38 bytes, Stack size 0 bytes, f2d.o(.text))
<BR><BR>[Called By]<UL><LI><a href="#[c6]">&gt;&gt;</a>&nbsp;&nbsp;&nbsp;float_to_str
<LI><a href="#[ea]">&gt;&gt;</a>&nbsp;&nbsp;&nbsp;icmConvert
<LI><a href="#[4c]">&gt;&gt;</a>&nbsp;&nbsp;&nbsp;vofa_sendzip
<LI><a href="#[ab]">&gt;&gt;</a>&nbsp;&nbsp;&nbsp;icmAHRSupdate
<LI><a href="#[a5]">&gt;&gt;</a>&nbsp;&nbsp;&nbsp;Servo
<LI><a href="#[ae]">&gt;&gt;</a>&nbsp;&nbsp;&nbsp;VOFA_Send
<LI><a href="#[8a]">&gt;&gt;</a>&nbsp;&nbsp;&nbsp;INS
</UL>

<P><STRONG><a name="[6c]"></a>__aeabi_d2f</STRONG> (Thumb, 56 bytes, Stack size 8 bytes, d2f.o(.text))
<BR><BR>[Stack]<UL><LI>Max Depth = 8<LI>Call Chain = __aeabi_d2f
</UL>
<BR>[Calls]<UL><LI><a href="#[58]">&gt;&gt;</a>&nbsp;&nbsp;&nbsp;_float_round
</UL>
<BR>[Called By]<UL><LI><a href="#[ea]">&gt;&gt;</a>&nbsp;&nbsp;&nbsp;icmConvert
<LI><a href="#[ab]">&gt;&gt;</a>&nbsp;&nbsp;&nbsp;icmAHRSupdate
<LI><a href="#[8a]">&gt;&gt;</a>&nbsp;&nbsp;&nbsp;INS
<LI><a href="#[7c]">&gt;&gt;</a>&nbsp;&nbsp;&nbsp;GUI_Show
<LI><a href="#[da]">&gt;&gt;</a>&nbsp;&nbsp;&nbsp;gps_gnrmc_parse
<LI><a href="#[cd]">&gt;&gt;</a>&nbsp;&nbsp;&nbsp;get_float_number
</UL>

<P><STRONG><a name="[12d]"></a>__aeabi_uidiv</STRONG> (Thumb, 0 bytes, Stack size 12 bytes, uidiv.o(.text), UNUSED)

<P><STRONG><a name="[11e]"></a>__aeabi_uidivmod</STRONG> (Thumb, 44 bytes, Stack size 12 bytes, uidiv.o(.text), UNUSED)
<BR><BR>[Called By]<UL><LI><a href="#[10d]">&gt;&gt;</a>&nbsp;&nbsp;&nbsp;_printf_core
</UL>

<P><STRONG><a name="[6d]"></a>__aeabi_uldivmod</STRONG> (Thumb, 98 bytes, Stack size 40 bytes, uldiv.o(.text), UNUSED)
<BR><BR>[Calls]<UL><LI><a href="#[6a]">&gt;&gt;</a>&nbsp;&nbsp;&nbsp;__aeabi_llsr
<LI><a href="#[5d]">&gt;&gt;</a>&nbsp;&nbsp;&nbsp;__aeabi_llsl
</UL>
<BR>[Called By]<UL><LI><a href="#[10d]">&gt;&gt;</a>&nbsp;&nbsp;&nbsp;_printf_core
<LI><a href="#[11a]">&gt;&gt;</a>&nbsp;&nbsp;&nbsp;_fp_digits
</UL>

<P><STRONG><a name="[5d]"></a>__aeabi_llsl</STRONG> (Thumb, 30 bytes, Stack size 0 bytes, llshl.o(.text))
<BR><BR>[Called By]<UL><LI><a href="#[5c]">&gt;&gt;</a>&nbsp;&nbsp;&nbsp;__aeabi_dadd
<LI><a href="#[6d]">&gt;&gt;</a>&nbsp;&nbsp;&nbsp;__aeabi_uldivmod
<LI><a href="#[5f]">&gt;&gt;</a>&nbsp;&nbsp;&nbsp;_double_epilogue
<LI><a href="#[6f]">&gt;&gt;</a>&nbsp;&nbsp;&nbsp;__aeabi_d2ulz
</UL>

<P><STRONG><a name="[12e]"></a>_ll_shift_l</STRONG> (Thumb, 0 bytes, Stack size 0 bytes, llshl.o(.text), UNUSED)

<P><STRONG><a name="[6a]"></a>__aeabi_llsr</STRONG> (Thumb, 32 bytes, Stack size 0 bytes, llushr.o(.text))
<BR><BR>[Called By]<UL><LI><a href="#[6b]">&gt;&gt;</a>&nbsp;&nbsp;&nbsp;__aeabi_d2uiz
<LI><a href="#[69]">&gt;&gt;</a>&nbsp;&nbsp;&nbsp;__aeabi_d2iz
<LI><a href="#[6d]">&gt;&gt;</a>&nbsp;&nbsp;&nbsp;__aeabi_uldivmod
<LI><a href="#[5f]">&gt;&gt;</a>&nbsp;&nbsp;&nbsp;_double_epilogue
<LI><a href="#[6f]">&gt;&gt;</a>&nbsp;&nbsp;&nbsp;__aeabi_d2ulz
<LI><a href="#[6e]">&gt;&gt;</a>&nbsp;&nbsp;&nbsp;_dsqrt
</UL>

<P><STRONG><a name="[12f]"></a>_ll_ushift_r</STRONG> (Thumb, 0 bytes, Stack size 0 bytes, llushr.o(.text), UNUSED)

<P><STRONG><a name="[5e]"></a>__aeabi_lasr</STRONG> (Thumb, 36 bytes, Stack size 0 bytes, llsshr.o(.text))
<BR><BR>[Called By]<UL><LI><a href="#[5c]">&gt;&gt;</a>&nbsp;&nbsp;&nbsp;__aeabi_dadd
</UL>

<P><STRONG><a name="[130]"></a>_ll_sshift_r</STRONG> (Thumb, 0 bytes, Stack size 0 bytes, llsshr.o(.text), UNUSED)

<P><STRONG><a name="[131]"></a>__I$use$fp</STRONG> (Thumb, 0 bytes, Stack size 0 bytes, iusefp.o(.text), UNUSED)

<P><STRONG><a name="[58]"></a>_float_round</STRONG> (Thumb, 18 bytes, Stack size 0 bytes, fepilogue.o(.text))
<BR><BR>[Called By]<UL><LI><a href="#[6c]">&gt;&gt;</a>&nbsp;&nbsp;&nbsp;__aeabi_d2f
<LI><a href="#[5b]">&gt;&gt;</a>&nbsp;&nbsp;&nbsp;__aeabi_fdiv
<LI><a href="#[56]">&gt;&gt;</a>&nbsp;&nbsp;&nbsp;__aeabi_fadd
</UL>

<P><STRONG><a name="[57]"></a>_float_epilogue</STRONG> (Thumb, 92 bytes, Stack size 4 bytes, fepilogue.o(.text))
<BR><BR>[Stack]<UL><LI>Max Depth = 4<LI>Call Chain = _float_epilogue
</UL>
<BR>[Called By]<UL><LI><a href="#[66]">&gt;&gt;</a>&nbsp;&nbsp;&nbsp;__aeabi_ui2f
<LI><a href="#[65]">&gt;&gt;</a>&nbsp;&nbsp;&nbsp;__aeabi_i2f
<LI><a href="#[56]">&gt;&gt;</a>&nbsp;&nbsp;&nbsp;__aeabi_fadd
</UL>

<P><STRONG><a name="[60]"></a>_double_round</STRONG> (Thumb, 30 bytes, Stack size 8 bytes, depilogue.o(.text))
<BR><BR>[Stack]<UL><LI>Max Depth = 8<LI>Call Chain = _double_round
</UL>
<BR>[Called By]<UL><LI><a href="#[64]">&gt;&gt;</a>&nbsp;&nbsp;&nbsp;__aeabi_ddiv
<LI><a href="#[5c]">&gt;&gt;</a>&nbsp;&nbsp;&nbsp;__aeabi_dadd
<LI><a href="#[5f]">&gt;&gt;</a>&nbsp;&nbsp;&nbsp;_double_epilogue
<LI><a href="#[6e]">&gt;&gt;</a>&nbsp;&nbsp;&nbsp;_dsqrt
</UL>

<P><STRONG><a name="[5f]"></a>_double_epilogue</STRONG> (Thumb, 156 bytes, Stack size 32 bytes, depilogue.o(.text))
<BR><BR>[Stack]<UL><LI>Max Depth = 40<LI>Call Chain = _double_epilogue &rArr; _double_round
</UL>
<BR>[Calls]<UL><LI><a href="#[6a]">&gt;&gt;</a>&nbsp;&nbsp;&nbsp;__aeabi_llsr
<LI><a href="#[5d]">&gt;&gt;</a>&nbsp;&nbsp;&nbsp;__aeabi_llsl
<LI><a href="#[60]">&gt;&gt;</a>&nbsp;&nbsp;&nbsp;_double_round
</UL>
<BR>[Called By]<UL><LI><a href="#[5c]">&gt;&gt;</a>&nbsp;&nbsp;&nbsp;__aeabi_dadd
<LI><a href="#[67]">&gt;&gt;</a>&nbsp;&nbsp;&nbsp;__aeabi_i2d
<LI><a href="#[63]">&gt;&gt;</a>&nbsp;&nbsp;&nbsp;__aeabi_dmul
<LI><a href="#[68]">&gt;&gt;</a>&nbsp;&nbsp;&nbsp;__aeabi_ui2d
</UL>

<P><STRONG><a name="[10f]"></a>__ARM_scalbn</STRONG> (Thumb, 46 bytes, Stack size 16 bytes, dscalb.o(.text))
<BR><BR>[Stack]<UL><LI>Max Depth = 16<LI>Call Chain = __ARM_scalbn
</UL>
<BR>[Called By]<UL><LI><a href="#[112]">&gt;&gt;</a>&nbsp;&nbsp;&nbsp;__kernel_sin
<LI><a href="#[10e]">&gt;&gt;</a>&nbsp;&nbsp;&nbsp;__ieee754_rem_pio2
<LI><a href="#[114]">&gt;&gt;</a>&nbsp;&nbsp;&nbsp;__mathlib_dbl_underflow
<LI><a href="#[119]">&gt;&gt;</a>&nbsp;&nbsp;&nbsp;__mathlib_dbl_overflow
<LI><a href="#[116]">&gt;&gt;</a>&nbsp;&nbsp;&nbsp;__mathlib_dbl_infnan
<LI><a href="#[110]">&gt;&gt;</a>&nbsp;&nbsp;&nbsp;__kernel_cos
<LI><a href="#[120]">&gt;&gt;</a>&nbsp;&nbsp;&nbsp;atan
<LI><a href="#[d5]">&gt;&gt;</a>&nbsp;&nbsp;&nbsp;pow
<LI><a href="#[d7]">&gt;&gt;</a>&nbsp;&nbsp;&nbsp;asin
</UL>

<P><STRONG><a name="[132]"></a>scalbn</STRONG> (Thumb, 0 bytes, Stack size 16 bytes, dscalb.o(.text), UNUSED)

<P><STRONG><a name="[6e]"></a>_dsqrt</STRONG> (Thumb, 162 bytes, Stack size 32 bytes, dsqrt.o(.text))
<BR><BR>[Stack]<UL><LI>Max Depth = 40<LI>Call Chain = _dsqrt &rArr; _double_round
</UL>
<BR>[Calls]<UL><LI><a href="#[6a]">&gt;&gt;</a>&nbsp;&nbsp;&nbsp;__aeabi_llsr
<LI><a href="#[60]">&gt;&gt;</a>&nbsp;&nbsp;&nbsp;_double_round
</UL>
<BR>[Called By]<UL><LI><a href="#[d6]">&gt;&gt;</a>&nbsp;&nbsp;&nbsp;sqrt
</UL>

<P><STRONG><a name="[6f]"></a>__aeabi_d2ulz</STRONG> (Thumb, 48 bytes, Stack size 0 bytes, dfixul.o(.text), UNUSED)
<BR><BR>[Calls]<UL><LI><a href="#[6a]">&gt;&gt;</a>&nbsp;&nbsp;&nbsp;__aeabi_llsr
<LI><a href="#[5d]">&gt;&gt;</a>&nbsp;&nbsp;&nbsp;__aeabi_llsl
</UL>
<BR>[Called By]<UL><LI><a href="#[11a]">&gt;&gt;</a>&nbsp;&nbsp;&nbsp;_fp_digits
</UL>

<P><STRONG><a name="[121]"></a>__aeabi_cdcmpeq</STRONG> (Thumb, 0 bytes, Stack size 0 bytes, cdcmple.o(.text))
<BR><BR>[Called By]<UL><LI><a href="#[d3]">&gt;&gt;</a>&nbsp;&nbsp;&nbsp;atan2
</UL>

<P><STRONG><a name="[133]"></a>__aeabi_cdcmple</STRONG> (Thumb, 48 bytes, Stack size 0 bytes, cdcmple.o(.text), UNUSED)

<P><STRONG><a name="[11b]"></a>__aeabi_cdrcmple</STRONG> (Thumb, 48 bytes, Stack size 0 bytes, cdrcmple.o(.text))
<BR><BR>[Called By]<UL><LI><a href="#[11a]">&gt;&gt;</a>&nbsp;&nbsp;&nbsp;_fp_digits
<LI><a href="#[d5]">&gt;&gt;</a>&nbsp;&nbsp;&nbsp;pow
</UL>

<P><STRONG><a name="[52]"></a>__scatterload</STRONG> (Thumb, 28 bytes, Stack size 0 bytes, init.o(.text))
<BR><BR>[Calls]<UL><LI><a href="#[70]">&gt;&gt;</a>&nbsp;&nbsp;&nbsp;__main_after_scatterload
</UL>
<BR>[Called By]<UL><LI><a href="#[51]">&gt;&gt;</a>&nbsp;&nbsp;&nbsp;_main_scatterload
</UL>

<P><STRONG><a name="[134]"></a>__scatterload_rt2</STRONG> (Thumb, 0 bytes, Stack size 0 bytes, init.o(.text), UNUSED)

<P><STRONG><a name="[71]"></a>Beep_Set</STRONG> (Thumb, 108 bytes, Stack size 8 bytes, key.o(.text.Beep_Set))
<BR><BR>[Stack]<UL><LI>Max Depth = 12<LI>Call Chain = Beep_Set &rArr; gpio_set_level
</UL>
<BR>[Calls]<UL><LI><a href="#[72]">&gt;&gt;</a>&nbsp;&nbsp;&nbsp;gpio_set_level
</UL>
<BR>[Called By]<UL><LI><a href="#[3b]">&gt;&gt;</a>&nbsp;&nbsp;&nbsp;TIM6_IRQHandler
</UL>

<P><STRONG><a name="[73]"></a>CopeSerial8Data</STRONG> (Thumb, 240 bytes, Stack size 16 bytes, hwt101.o(.text.CopeSerial8Data))
<BR><BR>[Stack]<UL><LI>Max Depth = 24<LI>Call Chain = CopeSerial8Data &rArr; uart_query_byte
</UL>
<BR>[Calls]<UL><LI><a href="#[74]">&gt;&gt;</a>&nbsp;&nbsp;&nbsp;uart_query_byte
<LI><a href="#[5b]">&gt;&gt;</a>&nbsp;&nbsp;&nbsp;__aeabi_fdiv
<LI><a href="#[65]">&gt;&gt;</a>&nbsp;&nbsp;&nbsp;__aeabi_i2f
<LI><a href="#[75]">&gt;&gt;</a>&nbsp;&nbsp;&nbsp;__aeabi_fmul
</UL>
<BR>[Called By]<UL><LI><a href="#[47]">&gt;&gt;</a>&nbsp;&nbsp;&nbsp;UART8_IRQHandler
</UL>

<P><STRONG><a name="[15]"></a>DMA1_Channel1_IRQHandler</STRONG> (Thumb, 32 bytes, Stack size 0 bytes, isr.o(.text.DMA1_Channel1_IRQHandler))
<BR>[Address Reference Count : 1]<UL><LI> startup_mm32f3277g.o(RESET)
</UL>
<P><STRONG><a name="[16]"></a>DMA1_Channel2_IRQHandler</STRONG> (Thumb, 34 bytes, Stack size 0 bytes, isr.o(.text.DMA1_Channel2_IRQHandler))
<BR>[Address Reference Count : 1]<UL><LI> startup_mm32f3277g.o(RESET)
</UL>
<P><STRONG><a name="[17]"></a>DMA1_Channel3_IRQHandler</STRONG> (Thumb, 34 bytes, Stack size 0 bytes, isr.o(.text.DMA1_Channel3_IRQHandler))
<BR>[Address Reference Count : 1]<UL><LI> startup_mm32f3277g.o(RESET)
</UL>
<P><STRONG><a name="[18]"></a>DMA1_Channel4_IRQHandler</STRONG> (Thumb, 40 bytes, Stack size 8 bytes, isr.o(.text.DMA1_Channel4_IRQHandler))
<BR><BR>[Stack]<UL><LI>Max Depth = 28<LI>Call Chain = DMA1_Channel4_IRQHandler &rArr; camera_dma_handler &rArr; dma_disable
</UL>
<BR>[Calls]<UL><LI><a href="#[76]">&gt;&gt;</a>&nbsp;&nbsp;&nbsp;camera_dma_handler
</UL>
<BR>[Address Reference Count : 1]<UL><LI> startup_mm32f3277g.o(RESET)
</UL>
<P><STRONG><a name="[19]"></a>DMA1_Channel5_IRQHandler</STRONG> (Thumb, 34 bytes, Stack size 0 bytes, isr.o(.text.DMA1_Channel5_IRQHandler))
<BR>[Address Reference Count : 1]<UL><LI> startup_mm32f3277g.o(RESET)
</UL>
<P><STRONG><a name="[1a]"></a>DMA1_Channel6_IRQHandler</STRONG> (Thumb, 34 bytes, Stack size 0 bytes, isr.o(.text.DMA1_Channel6_IRQHandler))
<BR>[Address Reference Count : 1]<UL><LI> startup_mm32f3277g.o(RESET)
</UL>
<P><STRONG><a name="[1b]"></a>DMA1_Channel7_IRQHandler</STRONG> (Thumb, 34 bytes, Stack size 0 bytes, isr.o(.text.DMA1_Channel7_IRQHandler))
<BR>[Address Reference Count : 1]<UL><LI> startup_mm32f3277g.o(RESET)
</UL>
<P><STRONG><a name="[3d]"></a>DMA2_Channel1_IRQHandler</STRONG> (Thumb, 36 bytes, Stack size 0 bytes, isr.o(.text.DMA2_Channel1_IRQHandler))
<BR>[Address Reference Count : 1]<UL><LI> startup_mm32f3277g.o(RESET)
</UL>
<P><STRONG><a name="[3e]"></a>DMA2_Channel2_IRQHandler</STRONG> (Thumb, 38 bytes, Stack size 0 bytes, isr.o(.text.DMA2_Channel2_IRQHandler))
<BR>[Address Reference Count : 1]<UL><LI> startup_mm32f3277g.o(RESET)
</UL>
<P><STRONG><a name="[3f]"></a>DMA2_Channel3_IRQHandler</STRONG> (Thumb, 38 bytes, Stack size 0 bytes, isr.o(.text.DMA2_Channel3_IRQHandler))
<BR>[Address Reference Count : 1]<UL><LI> startup_mm32f3277g.o(RESET)
</UL>
<P><STRONG><a name="[40]"></a>DMA2_Channel4_IRQHandler</STRONG> (Thumb, 38 bytes, Stack size 0 bytes, isr.o(.text.DMA2_Channel4_IRQHandler))
<BR>[Address Reference Count : 1]<UL><LI> startup_mm32f3277g.o(RESET)
</UL>
<P><STRONG><a name="[41]"></a>DMA2_Channel5_IRQHandler</STRONG> (Thumb, 38 bytes, Stack size 0 bytes, isr.o(.text.DMA2_Channel5_IRQHandler))
<BR>[Address Reference Count : 1]<UL><LI> startup_mm32f3277g.o(RESET)
</UL>
<P><STRONG><a name="[10]"></a>EXTI0_IRQHandler</STRONG> (Thumb, 18 bytes, Stack size 0 bytes, isr.o(.text.EXTI0_IRQHandler))
<BR>[Address Reference Count : 1]<UL><LI> startup_mm32f3277g.o(RESET)
</UL>
<P><STRONG><a name="[2e]"></a>EXTI15_10_IRQHandler</STRONG> (Thumb, 218 bytes, Stack size 0 bytes, isr.o(.text.EXTI15_10_IRQHandler))
<BR>[Address Reference Count : 1]<UL><LI> startup_mm32f3277g.o(RESET)
</UL>
<P><STRONG><a name="[11]"></a>EXTI1_IRQHandler</STRONG> (Thumb, 18 bytes, Stack size 0 bytes, isr.o(.text.EXTI1_IRQHandler))
<BR>[Address Reference Count : 1]<UL><LI> startup_mm32f3277g.o(RESET)
</UL>
<P><STRONG><a name="[12]"></a>EXTI2_IRQHandler</STRONG> (Thumb, 18 bytes, Stack size 0 bytes, isr.o(.text.EXTI2_IRQHandler))
<BR>[Address Reference Count : 1]<UL><LI> startup_mm32f3277g.o(RESET)
</UL>
<P><STRONG><a name="[13]"></a>EXTI3_IRQHandler</STRONG> (Thumb, 18 bytes, Stack size 0 bytes, isr.o(.text.EXTI3_IRQHandler))
<BR>[Address Reference Count : 1]<UL><LI> startup_mm32f3277g.o(RESET)
</UL>
<P><STRONG><a name="[14]"></a>EXTI4_IRQHandler</STRONG> (Thumb, 18 bytes, Stack size 0 bytes, isr.o(.text.EXTI4_IRQHandler))
<BR>[Address Reference Count : 1]<UL><LI> startup_mm32f3277g.o(RESET)
</UL>
<P><STRONG><a name="[1f]"></a>EXTI9_5_IRQHandler</STRONG> (Thumb, 188 bytes, Stack size 8 bytes, isr.o(.text.EXTI9_5_IRQHandler))
<BR><BR>[Stack]<UL><LI>Max Depth = 52<LI>Call Chain = EXTI9_5_IRQHandler &rArr; camera_vsync_handler &rArr; dma_set_count
</UL>
<BR>[Calls]<UL><LI><a href="#[77]">&gt;&gt;</a>&nbsp;&nbsp;&nbsp;camera_vsync_handler
</UL>
<BR>[Address Reference Count : 1]<UL><LI> startup_mm32f3277g.o(RESET)
</UL>
<P><STRONG><a name="[78]"></a>GUI_Init</STRONG> (Thumb, 354 bytes, Stack size 24 bytes, gui.o(.text.GUI_Init))
<BR><BR>[Stack]<UL><LI>Max Depth = 188<LI>Call Chain = GUI_Init &rArr; ips200_init &rArr; ips200_clear &rArr; ips200_set_region &rArr; ips200_write_16bit_data &rArr; ips200_write_data
</UL>
<BR>[Calls]<UL><LI><a href="#[7a]">&gt;&gt;</a>&nbsp;&nbsp;&nbsp;ips200_show_string
<LI><a href="#[79]">&gt;&gt;</a>&nbsp;&nbsp;&nbsp;ips200_init
<LI><a href="#[7b]">&gt;&gt;</a>&nbsp;&nbsp;&nbsp;ips200_draw_line
</UL>
<BR>[Called By]<UL><LI><a href="#[48]">&gt;&gt;</a>&nbsp;&nbsp;&nbsp;main
</UL>

<P><STRONG><a name="[7c]"></a>GUI_Show</STRONG> (Thumb, 458 bytes, Stack size 40 bytes, gui.o(.text.GUI_Show))
<BR><BR>[Stack]<UL><LI>Max Depth = 220<LI>Call Chain = GUI_Show &rArr; ips200_show_float &rArr; float_to_str &rArr; __aeabi_fsub &rArr; __aeabi_fadd &rArr; _float_epilogue
</UL>
<BR>[Calls]<UL><LI><a href="#[80]">&gt;&gt;</a>&nbsp;&nbsp;&nbsp;ips200_show_uint
<LI><a href="#[7d]">&gt;&gt;</a>&nbsp;&nbsp;&nbsp;ips200_show_int
<LI><a href="#[7f]">&gt;&gt;</a>&nbsp;&nbsp;&nbsp;ips200_show_float
<LI><a href="#[6c]">&gt;&gt;</a>&nbsp;&nbsp;&nbsp;__aeabi_d2f
<LI><a href="#[7e]">&gt;&gt;</a>&nbsp;&nbsp;&nbsp;__aeabi_f2iz
</UL>
<BR>[Called By]<UL><LI><a href="#[48]">&gt;&gt;</a>&nbsp;&nbsp;&nbsp;main
</UL>

<P><STRONG><a name="[81]"></a>Get_Encoder</STRONG> (Thumb, 34 bytes, Stack size 16 bytes, motor.o(.text.Get_Encoder))
<BR><BR>[Stack]<UL><LI>Max Depth = 36<LI>Call Chain = Get_Encoder &rArr; encoder_get_count &rArr; gpio_get_level
</UL>
<BR>[Calls]<UL><LI><a href="#[82]">&gt;&gt;</a>&nbsp;&nbsp;&nbsp;encoder_get_count
<LI><a href="#[83]">&gt;&gt;</a>&nbsp;&nbsp;&nbsp;encoder_clear_count
</UL>
<BR>[Called By]<UL><LI><a href="#[32]">&gt;&gt;</a>&nbsp;&nbsp;&nbsp;TIM8_UP_IRQHandler
</UL>

<P><STRONG><a name="[84]"></a>HWT101_Init</STRONG> (Thumb, 84 bytes, Stack size 16 bytes, hwt101.o(.text.HWT101_Init))
<BR><BR>[Stack]<UL><LI>Max Depth = 52<LI>Call Chain = HWT101_Init &rArr; uart_rx_interrupt &rArr; interrupt_enable &rArr; __NVIC_EnableIRQ
</UL>
<BR>[Calls]<UL><LI><a href="#[86]">&gt;&gt;</a>&nbsp;&nbsp;&nbsp;uart_rx_interrupt
<LI><a href="#[88]">&gt;&gt;</a>&nbsp;&nbsp;&nbsp;sendcmd
<LI><a href="#[85]">&gt;&gt;</a>&nbsp;&nbsp;&nbsp;uart_init
<LI><a href="#[89]">&gt;&gt;</a>&nbsp;&nbsp;&nbsp;system_delay
<LI><a href="#[87]">&gt;&gt;</a>&nbsp;&nbsp;&nbsp;interrupt_set_priority
</UL>
<BR>[Called By]<UL><LI><a href="#[48]">&gt;&gt;</a>&nbsp;&nbsp;&nbsp;main
</UL>

<P><STRONG><a name="[8a]"></a>INS</STRONG> (Thumb, 720 bytes, Stack size 72 bytes, ins.o(.text.INS))
<BR><BR>[Stack]<UL><LI>Max Depth = 480<LI>Call Chain = INS &rArr; get_two_points_distance &rArr; sin &rArr; __ieee754_rem_pio2 &rArr; __aeabi_dadd &rArr; _double_epilogue &rArr; _double_round
</UL>
<BR>[Calls]<UL><LI><a href="#[8c]">&gt;&gt;</a>&nbsp;&nbsp;&nbsp;get_two_points_distance
<LI><a href="#[8d]">&gt;&gt;</a>&nbsp;&nbsp;&nbsp;get_two_points_azimuth
<LI><a href="#[8f]">&gt;&gt;</a>&nbsp;&nbsp;&nbsp;filter
<LI><a href="#[8e]">&gt;&gt;</a>&nbsp;&nbsp;&nbsp;__aeabi_fcmple
<LI><a href="#[90]">&gt;&gt;</a>&nbsp;&nbsp;&nbsp;__aeabi_fcmpge
<LI><a href="#[6c]">&gt;&gt;</a>&nbsp;&nbsp;&nbsp;__aeabi_d2f
<LI><a href="#[8b]">&gt;&gt;</a>&nbsp;&nbsp;&nbsp;__aeabi_f2d
<LI><a href="#[59]">&gt;&gt;</a>&nbsp;&nbsp;&nbsp;__aeabi_fsub
<LI><a href="#[56]">&gt;&gt;</a>&nbsp;&nbsp;&nbsp;__aeabi_fadd
<LI><a href="#[7e]">&gt;&gt;</a>&nbsp;&nbsp;&nbsp;__aeabi_f2iz
</UL>
<BR>[Called By]<UL><LI><a href="#[48]">&gt;&gt;</a>&nbsp;&nbsp;&nbsp;main
</UL>

<P><STRONG><a name="[91]"></a>InvSqrt</STRONG> (Thumb, 88 bytes, Stack size 32 bytes, math_base.o(.text.InvSqrt))
<BR><BR>[Stack]<UL><LI>Max Depth = 52<LI>Call Chain = InvSqrt &rArr; __aeabi_fsub &rArr; __aeabi_fadd &rArr; _float_epilogue
</UL>
<BR>[Calls]<UL><LI><a href="#[59]">&gt;&gt;</a>&nbsp;&nbsp;&nbsp;__aeabi_fsub
<LI><a href="#[75]">&gt;&gt;</a>&nbsp;&nbsp;&nbsp;__aeabi_fmul
</UL>
<BR>[Called By]<UL><LI><a href="#[ab]">&gt;&gt;</a>&nbsp;&nbsp;&nbsp;icmAHRSupdate
</UL>

<P><STRONG><a name="[92]"></a>Key1_Action</STRONG> (Thumb, 46 bytes, Stack size 16 bytes, key.o(.text.Key1_Action))
<BR><BR>[Stack]<UL><LI>Max Depth = 36<LI>Call Chain = Key1_Action &rArr; __aeabi_fadd &rArr; _float_epilogue
</UL>
<BR>[Calls]<UL><LI><a href="#[56]">&gt;&gt;</a>&nbsp;&nbsp;&nbsp;__aeabi_fadd
</UL>
<BR>[Called By]<UL><LI><a href="#[97]">&gt;&gt;</a>&nbsp;&nbsp;&nbsp;Key_Scans
</UL>

<P><STRONG><a name="[99]"></a>Key2_Action</STRONG> (Thumb, 26 bytes, Stack size 0 bytes, key.o(.text.Key2_Action))
<BR><BR>[Called By]<UL><LI><a href="#[97]">&gt;&gt;</a>&nbsp;&nbsp;&nbsp;Key_Scans
</UL>

<P><STRONG><a name="[9a]"></a>Key3_Action</STRONG> (Thumb, 28 bytes, Stack size 0 bytes, key.o(.text.Key3_Action))
<BR><BR>[Called By]<UL><LI><a href="#[97]">&gt;&gt;</a>&nbsp;&nbsp;&nbsp;Key_Scans
</UL>

<P><STRONG><a name="[93]"></a>Key4_Action</STRONG> (Thumb, 20 bytes, Stack size 8 bytes, key.o(.text.Key4_Action))
<BR><BR>[Stack]<UL><LI>Max Depth = 64<LI>Call Chain = Key4_Action &rArr; Point_write &rArr; flash_write_page_from_buffer &rArr; flash_erase_page
</UL>
<BR>[Calls]<UL><LI><a href="#[94]">&gt;&gt;</a>&nbsp;&nbsp;&nbsp;Point_write
</UL>
<BR>[Called By]<UL><LI><a href="#[97]">&gt;&gt;</a>&nbsp;&nbsp;&nbsp;Key_Scans
</UL>

<P><STRONG><a name="[95]"></a>Key_Init</STRONG> (Thumb, 98 bytes, Stack size 24 bytes, key.o(.text.Key_Init))
<BR><BR>[Stack]<UL><LI>Max Depth = 36<LI>Call Chain = Key_Init &rArr; gpio_init
</UL>
<BR>[Calls]<UL><LI><a href="#[96]">&gt;&gt;</a>&nbsp;&nbsp;&nbsp;gpio_init
</UL>
<BR>[Called By]<UL><LI><a href="#[48]">&gt;&gt;</a>&nbsp;&nbsp;&nbsp;main
</UL>

<P><STRONG><a name="[97]"></a>Key_Scans</STRONG> (Thumb, 580 bytes, Stack size 8 bytes, key.o(.text.Key_Scans))
<BR><BR>[Stack]<UL><LI>Max Depth = 72<LI>Call Chain = Key_Scans &rArr; Key4_Action &rArr; Point_write &rArr; flash_write_page_from_buffer &rArr; flash_erase_page
</UL>
<BR>[Calls]<UL><LI><a href="#[98]">&gt;&gt;</a>&nbsp;&nbsp;&nbsp;gpio_get_level
<LI><a href="#[93]">&gt;&gt;</a>&nbsp;&nbsp;&nbsp;Key4_Action
<LI><a href="#[9a]">&gt;&gt;</a>&nbsp;&nbsp;&nbsp;Key3_Action
<LI><a href="#[99]">&gt;&gt;</a>&nbsp;&nbsp;&nbsp;Key2_Action
<LI><a href="#[92]">&gt;&gt;</a>&nbsp;&nbsp;&nbsp;Key1_Action
</UL>
<BR>[Called By]<UL><LI><a href="#[3b]">&gt;&gt;</a>&nbsp;&nbsp;&nbsp;TIM6_IRQHandler
</UL>

<P><STRONG><a name="[9b]"></a>Motor_Control</STRONG> (Thumb, 176 bytes, Stack size 8 bytes, motor.o(.text.Motor_Control))
<BR><BR>[Stack]<UL><LI>Max Depth = 96<LI>Call Chain = Motor_Control &rArr; pwm_set_duty &rArr; debug_assert_handler &rArr; printf
</UL>
<BR>[Calls]<UL><LI><a href="#[9d]">&gt;&gt;</a>&nbsp;&nbsp;&nbsp;pwm_set_duty
<LI><a href="#[72]">&gt;&gt;</a>&nbsp;&nbsp;&nbsp;gpio_set_level
<LI><a href="#[65]">&gt;&gt;</a>&nbsp;&nbsp;&nbsp;__aeabi_i2f
<LI><a href="#[9c]">&gt;&gt;</a>&nbsp;&nbsp;&nbsp;Motor_PID
</UL>
<BR>[Called By]<UL><LI><a href="#[21]">&gt;&gt;</a>&nbsp;&nbsp;&nbsp;TIM1_UP_IRQHandler
</UL>

<P><STRONG><a name="[9e]"></a>Motor_Init</STRONG> (Thumb, 54 bytes, Stack size 16 bytes, motor.o(.text.Motor_Init))
<BR><BR>[Stack]<UL><LI>Max Depth = 112<LI>Call Chain = Motor_Init &rArr; pwm_init &rArr; debug_assert_handler &rArr; printf
</UL>
<BR>[Calls]<UL><LI><a href="#[9f]">&gt;&gt;</a>&nbsp;&nbsp;&nbsp;pwm_init
<LI><a href="#[96]">&gt;&gt;</a>&nbsp;&nbsp;&nbsp;gpio_init
<LI><a href="#[a0]">&gt;&gt;</a>&nbsp;&nbsp;&nbsp;encoder_init_dir
</UL>
<BR>[Called By]<UL><LI><a href="#[48]">&gt;&gt;</a>&nbsp;&nbsp;&nbsp;main
</UL>

<P><STRONG><a name="[9c]"></a>Motor_PID</STRONG> (Thumb, 152 bytes, Stack size 40 bytes, motor.o(.text.Motor_PID))
<BR><BR>[Stack]<UL><LI>Max Depth = 60<LI>Call Chain = Motor_PID &rArr; __aeabi_fsub &rArr; __aeabi_fadd &rArr; _float_epilogue
</UL>
<BR>[Calls]<UL><LI><a href="#[59]">&gt;&gt;</a>&nbsp;&nbsp;&nbsp;__aeabi_fsub
<LI><a href="#[75]">&gt;&gt;</a>&nbsp;&nbsp;&nbsp;__aeabi_fmul
<LI><a href="#[56]">&gt;&gt;</a>&nbsp;&nbsp;&nbsp;__aeabi_fadd
<LI><a href="#[7e]">&gt;&gt;</a>&nbsp;&nbsp;&nbsp;__aeabi_f2iz
</UL>
<BR>[Called By]<UL><LI><a href="#[9b]">&gt;&gt;</a>&nbsp;&nbsp;&nbsp;Motor_Control
</UL>

<P><STRONG><a name="[94]"></a>Point_write</STRONG> (Thumb, 316 bytes, Stack size 8 bytes, ins.o(.text.Point_write))
<BR><BR>[Stack]<UL><LI>Max Depth = 56<LI>Call Chain = Point_write &rArr; flash_write_page_from_buffer &rArr; flash_erase_page
</UL>
<BR>[Calls]<UL><LI><a href="#[a3]">&gt;&gt;</a>&nbsp;&nbsp;&nbsp;flash_write_page_from_buffer
<LI><a href="#[a2]">&gt;&gt;</a>&nbsp;&nbsp;&nbsp;flash_erase_page
<LI><a href="#[a1]">&gt;&gt;</a>&nbsp;&nbsp;&nbsp;flash_check
<LI><a href="#[a4]">&gt;&gt;</a>&nbsp;&nbsp;&nbsp;flash_buffer_clear
</UL>
<BR>[Called By]<UL><LI><a href="#[93]">&gt;&gt;</a>&nbsp;&nbsp;&nbsp;Key4_Action
</UL>

<P><STRONG><a name="[a5]"></a>Servo</STRONG> (Thumb, 196 bytes, Stack size 16 bytes, servo.o(.text.Servo))
<BR><BR>[Stack]<UL><LI>Max Depth = 104<LI>Call Chain = Servo &rArr; __aeabi_dadd &rArr; _double_epilogue &rArr; _double_round
</UL>
<BR>[Calls]<UL><LI><a href="#[5b]">&gt;&gt;</a>&nbsp;&nbsp;&nbsp;__aeabi_fdiv
<LI><a href="#[a8]">&gt;&gt;</a>&nbsp;&nbsp;&nbsp;__aeabi_fcmplt
<LI><a href="#[a7]">&gt;&gt;</a>&nbsp;&nbsp;&nbsp;__aeabi_fcmpgt
<LI><a href="#[5c]">&gt;&gt;</a>&nbsp;&nbsp;&nbsp;__aeabi_dadd
<LI><a href="#[6b]">&gt;&gt;</a>&nbsp;&nbsp;&nbsp;__aeabi_d2uiz
<LI><a href="#[a6]">&gt;&gt;</a>&nbsp;&nbsp;&nbsp;Servo_PID
<LI><a href="#[8b]">&gt;&gt;</a>&nbsp;&nbsp;&nbsp;__aeabi_f2d
<LI><a href="#[63]">&gt;&gt;</a>&nbsp;&nbsp;&nbsp;__aeabi_dmul
<LI><a href="#[9d]">&gt;&gt;</a>&nbsp;&nbsp;&nbsp;pwm_set_duty
<LI><a href="#[65]">&gt;&gt;</a>&nbsp;&nbsp;&nbsp;__aeabi_i2f
</UL>
<BR>[Called By]<UL><LI><a href="#[21]">&gt;&gt;</a>&nbsp;&nbsp;&nbsp;TIM1_UP_IRQHandler
</UL>

<P><STRONG><a name="[a9]"></a>Servo_Init</STRONG> (Thumb, 36 bytes, Stack size 16 bytes, servo.o(.text.Servo_Init))
<BR><BR>[Stack]<UL><LI>Max Depth = 112<LI>Call Chain = Servo_Init &rArr; pwm_init &rArr; debug_assert_handler &rArr; printf
</UL>
<BR>[Calls]<UL><LI><a href="#[9d]">&gt;&gt;</a>&nbsp;&nbsp;&nbsp;pwm_set_duty
<LI><a href="#[9f]">&gt;&gt;</a>&nbsp;&nbsp;&nbsp;pwm_init
</UL>
<BR>[Called By]<UL><LI><a href="#[48]">&gt;&gt;</a>&nbsp;&nbsp;&nbsp;main
</UL>

<P><STRONG><a name="[a6]"></a>Servo_PID</STRONG> (Thumb, 152 bytes, Stack size 40 bytes, servo.o(.text.Servo_PID))
<BR><BR>[Stack]<UL><LI>Max Depth = 60<LI>Call Chain = Servo_PID &rArr; __aeabi_fsub &rArr; __aeabi_fadd &rArr; _float_epilogue
</UL>
<BR>[Calls]<UL><LI><a href="#[59]">&gt;&gt;</a>&nbsp;&nbsp;&nbsp;__aeabi_fsub
<LI><a href="#[75]">&gt;&gt;</a>&nbsp;&nbsp;&nbsp;__aeabi_fmul
<LI><a href="#[56]">&gt;&gt;</a>&nbsp;&nbsp;&nbsp;__aeabi_fadd
<LI><a href="#[7e]">&gt;&gt;</a>&nbsp;&nbsp;&nbsp;__aeabi_f2iz
</UL>
<BR>[Called By]<UL><LI><a href="#[a5]">&gt;&gt;</a>&nbsp;&nbsp;&nbsp;Servo
</UL>

<P><STRONG><a name="[49]"></a>SystemInit</STRONG> (Thumb, 2 bytes, Stack size 0 bytes, system_mm32f3277g.o(.text.SystemInit))
<BR>[Address Reference Count : 1]<UL><LI> startup_mm32f3277g.o(.text)
</UL>
<P><STRONG><a name="[21]"></a>TIM1_UP_IRQHandler</STRONG> (Thumb, 44 bytes, Stack size 8 bytes, isr.o(.text.TIM1_UP_IRQHandler))
<BR><BR>[Stack]<UL><LI>Max Depth = 112<LI>Call Chain = TIM1_UP_IRQHandler &rArr; Servo &rArr; __aeabi_dadd &rArr; _double_epilogue &rArr; _double_round
</UL>
<BR>[Calls]<UL><LI><a href="#[a5]">&gt;&gt;</a>&nbsp;&nbsp;&nbsp;Servo
<LI><a href="#[9b]">&gt;&gt;</a>&nbsp;&nbsp;&nbsp;Motor_Control
</UL>
<BR>[Address Reference Count : 1]<UL><LI> startup_mm32f3277g.o(RESET)
</UL>
<P><STRONG><a name="[24]"></a>TIM2_IRQHandler</STRONG> (Thumb, 30 bytes, Stack size 0 bytes, isr.o(.text.TIM2_IRQHandler))
<BR>[Address Reference Count : 1]<UL><LI> startup_mm32f3277g.o(RESET)
</UL>
<P><STRONG><a name="[25]"></a>TIM3_IRQHandler</STRONG> (Thumb, 34 bytes, Stack size 0 bytes, isr.o(.text.TIM3_IRQHandler))
<BR>[Address Reference Count : 1]<UL><LI> startup_mm32f3277g.o(RESET)
</UL>
<P><STRONG><a name="[26]"></a>TIM4_IRQHandler</STRONG> (Thumb, 34 bytes, Stack size 0 bytes, isr.o(.text.TIM4_IRQHandler))
<BR>[Address Reference Count : 1]<UL><LI> startup_mm32f3277g.o(RESET)
</UL>
<P><STRONG><a name="[37]"></a>TIM5_IRQHandler</STRONG> (Thumb, 34 bytes, Stack size 0 bytes, isr.o(.text.TIM5_IRQHandler))
<BR>[Address Reference Count : 1]<UL><LI> startup_mm32f3277g.o(RESET)
</UL>
<P><STRONG><a name="[3b]"></a>TIM6_IRQHandler</STRONG> (Thumb, 44 bytes, Stack size 8 bytes, isr.o(.text.TIM6_IRQHandler))
<BR><BR>[Stack]<UL><LI>Max Depth = 80<LI>Call Chain = TIM6_IRQHandler &rArr; Key_Scans &rArr; Key4_Action &rArr; Point_write &rArr; flash_write_page_from_buffer &rArr; flash_erase_page
</UL>
<BR>[Calls]<UL><LI><a href="#[97]">&gt;&gt;</a>&nbsp;&nbsp;&nbsp;Key_Scans
<LI><a href="#[71]">&gt;&gt;</a>&nbsp;&nbsp;&nbsp;Beep_Set
</UL>
<BR>[Address Reference Count : 1]<UL><LI> startup_mm32f3277g.o(RESET)
</UL>
<P><STRONG><a name="[3c]"></a>TIM7_IRQHandler</STRONG> (Thumb, 34 bytes, Stack size 0 bytes, isr.o(.text.TIM7_IRQHandler))
<BR>[Address Reference Count : 1]<UL><LI> startup_mm32f3277g.o(RESET)
</UL>
<P><STRONG><a name="[32]"></a>TIM8_UP_IRQHandler</STRONG> (Thumb, 48 bytes, Stack size 8 bytes, isr.o(.text.TIM8_UP_IRQHandler))
<BR><BR>[Stack]<UL><LI>Max Depth = 552<LI>Call Chain = TIM8_UP_IRQHandler &rArr; icmAHRSupdate &rArr; atan2 &rArr; atan &rArr; __kernel_poly &rArr; __aeabi_dadd &rArr; _double_epilogue &rArr; _double_round
</UL>
<BR>[Calls]<UL><LI><a href="#[aa]">&gt;&gt;</a>&nbsp;&nbsp;&nbsp;tsl1401_collect_pit_handler
<LI><a href="#[ab]">&gt;&gt;</a>&nbsp;&nbsp;&nbsp;icmAHRSupdate
<LI><a href="#[81]">&gt;&gt;</a>&nbsp;&nbsp;&nbsp;Get_Encoder
</UL>
<BR>[Address Reference Count : 1]<UL><LI> startup_mm32f3277g.o(RESET)
</UL>
<P><STRONG><a name="[2b]"></a>UART1_IRQHandler</STRONG> (Thumb, 72 bytes, Stack size 0 bytes, isr.o(.text.UART1_IRQHandler))
<BR>[Address Reference Count : 1]<UL><LI> startup_mm32f3277g.o(RESET)
</UL>
<P><STRONG><a name="[2c]"></a>UART2_IRQHandler</STRONG> (Thumb, 72 bytes, Stack size 0 bytes, isr.o(.text.UART2_IRQHandler))
<BR>[Address Reference Count : 1]<UL><LI> startup_mm32f3277g.o(RESET)
</UL>
<P><STRONG><a name="[2d]"></a>UART3_IRQHandler</STRONG> (Thumb, 78 bytes, Stack size 8 bytes, isr.o(.text.UART3_IRQHandler))
<BR><BR>[Stack]<UL><LI>Max Depth = 32<LI>Call Chain = UART3_IRQHandler &rArr; gps_uart_callback &rArr; uart_query_byte
</UL>
<BR>[Calls]<UL><LI><a href="#[ac]">&gt;&gt;</a>&nbsp;&nbsp;&nbsp;gps_uart_callback
</UL>
<BR>[Address Reference Count : 1]<UL><LI> startup_mm32f3277g.o(RESET)
</UL>
<P><STRONG><a name="[39]"></a>UART4_IRQHandler</STRONG> (Thumb, 72 bytes, Stack size 0 bytes, isr.o(.text.UART4_IRQHandler))
<BR>[Address Reference Count : 1]<UL><LI> startup_mm32f3277g.o(RESET)
</UL>
<P><STRONG><a name="[3a]"></a>UART5_IRQHandler</STRONG> (Thumb, 72 bytes, Stack size 0 bytes, isr.o(.text.UART5_IRQHandler))
<BR>[Address Reference Count : 1]<UL><LI> startup_mm32f3277g.o(RESET)
</UL>
<P><STRONG><a name="[45]"></a>UART6_IRQHandler</STRONG> (Thumb, 78 bytes, Stack size 8 bytes, isr.o(.text.UART6_IRQHandler))
<BR><BR>[Stack]<UL><LI>Max Depth = 80<LI>Call Chain = UART6_IRQHandler &rArr; wireless_module_uart_handler &rArr; bluetooth_ch9141_uart_callback &rArr; fifo_write_buffer &rArr; fifo_head_offset
</UL>
<BR>[Calls]<UL><LI><a href="#[ad]">&gt;&gt;</a>&nbsp;&nbsp;&nbsp;wireless_module_uart_handler
</UL>
<BR>[Address Reference Count : 1]<UL><LI> startup_mm32f3277g.o(RESET)
</UL>
<P><STRONG><a name="[46]"></a>UART7_IRQHandler</STRONG> (Thumb, 72 bytes, Stack size 0 bytes, isr.o(.text.UART7_IRQHandler))
<BR>[Address Reference Count : 1]<UL><LI> startup_mm32f3277g.o(RESET)
</UL>
<P><STRONG><a name="[47]"></a>UART8_IRQHandler</STRONG> (Thumb, 78 bytes, Stack size 8 bytes, isr.o(.text.UART8_IRQHandler))
<BR><BR>[Stack]<UL><LI>Max Depth = 32<LI>Call Chain = UART8_IRQHandler &rArr; CopeSerial8Data &rArr; uart_query_byte
</UL>
<BR>[Calls]<UL><LI><a href="#[73]">&gt;&gt;</a>&nbsp;&nbsp;&nbsp;CopeSerial8Data
</UL>
<BR>[Address Reference Count : 1]<UL><LI> startup_mm32f3277g.o(RESET)
</UL>
<P><STRONG><a name="[ae]"></a>VOFA_Send</STRONG> (Thumb, 280 bytes, Stack size 136 bytes, vofa.o(.text.VOFA_Send))
<BR><BR>[Stack]<UL><LI>Max Depth = 560<LI>Call Chain = VOFA_Send &rArr; myprintf &rArr; __aeabi_dsub &rArr; __aeabi_dadd &rArr; _double_epilogue &rArr; _double_round
</UL>
<BR>[Calls]<UL><LI><a href="#[af]">&gt;&gt;</a>&nbsp;&nbsp;&nbsp;myprintf
<LI><a href="#[66]">&gt;&gt;</a>&nbsp;&nbsp;&nbsp;__aeabi_ui2f
<LI><a href="#[8b]">&gt;&gt;</a>&nbsp;&nbsp;&nbsp;__aeabi_f2d
</UL>
<BR>[Called By]<UL><LI><a href="#[48]">&gt;&gt;</a>&nbsp;&nbsp;&nbsp;main
</UL>

<P><STRONG><a name="[106]"></a>adc_convert</STRONG> (Thumb, 150 bytes, Stack size 4 bytes, zf_driver_adc.o(.text.adc_convert))
<BR><BR>[Stack]<UL><LI>Max Depth = 4<LI>Call Chain = adc_convert
</UL>
<BR>[Called By]<UL><LI><a href="#[aa]">&gt;&gt;</a>&nbsp;&nbsp;&nbsp;tsl1401_collect_pit_handler
</UL>

<P><STRONG><a name="[c1]"></a>afio_init</STRONG> (Thumb, 380 bytes, Stack size 12 bytes, zf_driver_gpio.o(.text.afio_init))
<BR><BR>[Stack]<UL><LI>Max Depth = 12<LI>Call Chain = afio_init
</UL>
<BR>[Called By]<UL><LI><a href="#[e3]">&gt;&gt;</a>&nbsp;&nbsp;&nbsp;spi_init
<LI><a href="#[79]">&gt;&gt;</a>&nbsp;&nbsp;&nbsp;ips200_init
<LI><a href="#[9f]">&gt;&gt;</a>&nbsp;&nbsp;&nbsp;pwm_init
<LI><a href="#[a0]">&gt;&gt;</a>&nbsp;&nbsp;&nbsp;encoder_init_dir
<LI><a href="#[85]">&gt;&gt;</a>&nbsp;&nbsp;&nbsp;uart_init
</UL>

<P><STRONG><a name="[b0]"></a>bluetooth_ch9141_uart_callback</STRONG> (Thumb, 40 bytes, Stack size 16 bytes, zf_device_bluetooth_ch9141.o(.text.bluetooth_ch9141_uart_callback))
<BR><BR>[Stack]<UL><LI>Max Depth = 56<LI>Call Chain = bluetooth_ch9141_uart_callback &rArr; fifo_write_buffer &rArr; fifo_head_offset
</UL>
<BR>[Calls]<UL><LI><a href="#[b1]">&gt;&gt;</a>&nbsp;&nbsp;&nbsp;fifo_write_buffer
<LI><a href="#[74]">&gt;&gt;</a>&nbsp;&nbsp;&nbsp;uart_query_byte
</UL>
<BR>[Called By]<UL><LI><a href="#[ad]">&gt;&gt;</a>&nbsp;&nbsp;&nbsp;wireless_module_uart_handler
</UL>

<P><STRONG><a name="[76]"></a>camera_dma_handler</STRONG> (Thumb, 106 bytes, Stack size 16 bytes, zf_device_type.o(.text.camera_dma_handler))
<BR><BR>[Stack]<UL><LI>Max Depth = 20<LI>Call Chain = camera_dma_handler &rArr; dma_disable
</UL>
<BR>[Calls]<UL><LI><a href="#[b2]">&gt;&gt;</a>&nbsp;&nbsp;&nbsp;dma_disable
</UL>
<BR>[Called By]<UL><LI><a href="#[18]">&gt;&gt;</a>&nbsp;&nbsp;&nbsp;DMA1_Channel4_IRQHandler
</UL>

<P><STRONG><a name="[77]"></a>camera_vsync_handler</STRONG> (Thumb, 190 bytes, Stack size 40 bytes, zf_device_type.o(.text.camera_vsync_handler))
<BR><BR>[Stack]<UL><LI>Max Depth = 44<LI>Call Chain = camera_vsync_handler &rArr; dma_set_count
</UL>
<BR>[Calls]<UL><LI><a href="#[b3]">&gt;&gt;</a>&nbsp;&nbsp;&nbsp;dma_set_count
<LI><a href="#[b4]">&gt;&gt;</a>&nbsp;&nbsp;&nbsp;dma_enable
<LI><a href="#[b2]">&gt;&gt;</a>&nbsp;&nbsp;&nbsp;dma_disable
</UL>
<BR>[Called By]<UL><LI><a href="#[1f]">&gt;&gt;</a>&nbsp;&nbsp;&nbsp;EXTI9_5_IRQHandler
</UL>

<P><STRONG><a name="[b5]"></a>clock_init</STRONG> (Thumb, 36 bytes, Stack size 16 bytes, zf_common_clock.o(.text.clock_init))
<BR><BR>[Stack]<UL><LI>Max Depth = 56<LI>Call Chain = clock_init &rArr; clock_set_freq &rArr; get_greatest_common_divisor
</UL>
<BR>[Calls]<UL><LI><a href="#[b8]">&gt;&gt;</a>&nbsp;&nbsp;&nbsp;interrupt_init
<LI><a href="#[b7]">&gt;&gt;</a>&nbsp;&nbsp;&nbsp;clock_set_freq
<LI><a href="#[b6]">&gt;&gt;</a>&nbsp;&nbsp;&nbsp;clock_reset
</UL>
<BR>[Called By]<UL><LI><a href="#[48]">&gt;&gt;</a>&nbsp;&nbsp;&nbsp;main
</UL>

<P><STRONG><a name="[ba]"></a>debug_assert_handler</STRONG> (Thumb, 66 bytes, Stack size 24 bytes, zf_common_debug.o(.text.debug_assert_handler))
<BR><BR>[Stack]<UL><LI>Max Depth = 48<LI>Call Chain = debug_assert_handler &rArr; printf
</UL>
<BR>[Calls]<UL><LI><a href="#[bc]">&gt;&gt;</a>&nbsp;&nbsp;&nbsp;interrupt_global_disable
<LI><a href="#[bb]">&gt;&gt;</a>&nbsp;&nbsp;&nbsp;printf
</UL>
<BR>[Called By]<UL><LI><a href="#[80]">&gt;&gt;</a>&nbsp;&nbsp;&nbsp;ips200_show_uint
<LI><a href="#[7a]">&gt;&gt;</a>&nbsp;&nbsp;&nbsp;ips200_show_string
<LI><a href="#[7d]">&gt;&gt;</a>&nbsp;&nbsp;&nbsp;ips200_show_int
<LI><a href="#[7f]">&gt;&gt;</a>&nbsp;&nbsp;&nbsp;ips200_show_float
<LI><a href="#[7b]">&gt;&gt;</a>&nbsp;&nbsp;&nbsp;ips200_draw_line
<LI><a href="#[9d]">&gt;&gt;</a>&nbsp;&nbsp;&nbsp;pwm_set_duty
<LI><a href="#[9f]">&gt;&gt;</a>&nbsp;&nbsp;&nbsp;pwm_init
<LI><a href="#[a0]">&gt;&gt;</a>&nbsp;&nbsp;&nbsp;encoder_init_dir
<LI><a href="#[100]">&gt;&gt;</a>&nbsp;&nbsp;&nbsp;pit_init
<LI><a href="#[f6]">&gt;&gt;</a>&nbsp;&nbsp;&nbsp;ips200_draw_point
</UL>

<P><STRONG><a name="[bd]"></a>debug_init</STRONG> (Thumb, 34 bytes, Stack size 8 bytes, zf_common_debug.o(.text.debug_init))
<BR><BR>[Stack]<UL><LI>Max Depth = 44<LI>Call Chain = debug_init &rArr; uart_init &rArr; afio_init
</UL>
<BR>[Calls]<UL><LI><a href="#[85]">&gt;&gt;</a>&nbsp;&nbsp;&nbsp;uart_init
</UL>
<BR>[Called By]<UL><LI><a href="#[48]">&gt;&gt;</a>&nbsp;&nbsp;&nbsp;main
</UL>

<P><STRONG><a name="[be]"></a>debug_log_handler</STRONG> (Thumb, 62 bytes, Stack size 24 bytes, zf_common_debug.o(.text.debug_log_handler))
<BR><BR>[Stack]<UL><LI>Max Depth = 48<LI>Call Chain = debug_log_handler &rArr; printf
</UL>
<BR>[Calls]<UL><LI><a href="#[bb]">&gt;&gt;</a>&nbsp;&nbsp;&nbsp;printf
</UL>
<BR>[Called By]<UL><LI><a href="#[e2]">&gt;&gt;</a>&nbsp;&nbsp;&nbsp;icm20602_init
</UL>

<P><STRONG><a name="[b2]"></a>dma_disable</STRONG> (Thumb, 50 bytes, Stack size 4 bytes, zf_driver_dma.o(.text.dma_disable))
<BR><BR>[Stack]<UL><LI>Max Depth = 4<LI>Call Chain = dma_disable
</UL>
<BR>[Called By]<UL><LI><a href="#[77]">&gt;&gt;</a>&nbsp;&nbsp;&nbsp;camera_vsync_handler
<LI><a href="#[76]">&gt;&gt;</a>&nbsp;&nbsp;&nbsp;camera_dma_handler
</UL>

<P><STRONG><a name="[b4]"></a>dma_enable</STRONG> (Thumb, 50 bytes, Stack size 4 bytes, zf_driver_dma.o(.text.dma_enable))
<BR><BR>[Stack]<UL><LI>Max Depth = 4<LI>Call Chain = dma_enable
</UL>
<BR>[Called By]<UL><LI><a href="#[77]">&gt;&gt;</a>&nbsp;&nbsp;&nbsp;camera_vsync_handler
</UL>

<P><STRONG><a name="[b3]"></a>dma_set_count</STRONG> (Thumb, 52 bytes, Stack size 4 bytes, zf_driver_dma.o(.text.dma_set_count))
<BR><BR>[Stack]<UL><LI>Max Depth = 4<LI>Call Chain = dma_set_count
</UL>
<BR>[Called By]<UL><LI><a href="#[77]">&gt;&gt;</a>&nbsp;&nbsp;&nbsp;camera_vsync_handler
</UL>

<P><STRONG><a name="[83]"></a>encoder_clear_count</STRONG> (Thumb, 144 bytes, Stack size 8 bytes, zf_driver_encoder.o(.text.encoder_clear_count))
<BR><BR>[Stack]<UL><LI>Max Depth = 8<LI>Call Chain = encoder_clear_count
</UL>
<BR>[Called By]<UL><LI><a href="#[81]">&gt;&gt;</a>&nbsp;&nbsp;&nbsp;Get_Encoder
</UL>

<P><STRONG><a name="[82]"></a>encoder_get_count</STRONG> (Thumb, 654 bytes, Stack size 16 bytes, zf_driver_encoder.o(.text.encoder_get_count))
<BR><BR>[Stack]<UL><LI>Max Depth = 20<LI>Call Chain = encoder_get_count &rArr; gpio_get_level
</UL>
<BR>[Calls]<UL><LI><a href="#[98]">&gt;&gt;</a>&nbsp;&nbsp;&nbsp;gpio_get_level
</UL>
<BR>[Called By]<UL><LI><a href="#[81]">&gt;&gt;</a>&nbsp;&nbsp;&nbsp;Get_Encoder
</UL>

<P><STRONG><a name="[a0]"></a>encoder_init_dir</STRONG> (Thumb, 288 bytes, Stack size 40 bytes, zf_driver_encoder.o(.text.encoder_init_dir))
<BR><BR>[Stack]<UL><LI>Max Depth = 88<LI>Call Chain = encoder_init_dir &rArr; debug_assert_handler &rArr; printf
</UL>
<BR>[Calls]<UL><LI><a href="#[bf]">&gt;&gt;</a>&nbsp;&nbsp;&nbsp;timer_funciton_check
<LI><a href="#[c0]">&gt;&gt;</a>&nbsp;&nbsp;&nbsp;timer_clock_enable
<LI><a href="#[c1]">&gt;&gt;</a>&nbsp;&nbsp;&nbsp;afio_init
<LI><a href="#[ba]">&gt;&gt;</a>&nbsp;&nbsp;&nbsp;debug_assert_handler
<LI><a href="#[96]">&gt;&gt;</a>&nbsp;&nbsp;&nbsp;gpio_init
</UL>
<BR>[Called By]<UL><LI><a href="#[9e]">&gt;&gt;</a>&nbsp;&nbsp;&nbsp;Motor_Init
</UL>

<P><STRONG><a name="[c3]"></a>fifo_head_offset</STRONG> (Thumb, 46 bytes, Stack size 8 bytes, zf_common_fifo.o(.text.fifo_head_offset))
<BR><BR>[Stack]<UL><LI>Max Depth = 8<LI>Call Chain = fifo_head_offset
</UL>
<BR>[Called By]<UL><LI><a href="#[b1]">&gt;&gt;</a>&nbsp;&nbsp;&nbsp;fifo_write_buffer
</UL>

<P><STRONG><a name="[b1]"></a>fifo_write_buffer</STRONG> (Thumb, 178 bytes, Stack size 32 bytes, zf_common_fifo.o(.text.fifo_write_buffer))
<BR><BR>[Stack]<UL><LI>Max Depth = 40<LI>Call Chain = fifo_write_buffer &rArr; fifo_head_offset
</UL>
<BR>[Calls]<UL><LI><a href="#[c4]">&gt;&gt;</a>&nbsp;&nbsp;&nbsp;interrupt_global_enable
<LI><a href="#[c3]">&gt;&gt;</a>&nbsp;&nbsp;&nbsp;fifo_head_offset
<LI><a href="#[bc]">&gt;&gt;</a>&nbsp;&nbsp;&nbsp;interrupt_global_disable
<LI><a href="#[c2]">&gt;&gt;</a>&nbsp;&nbsp;&nbsp;__aeabi_memcpy
</UL>
<BR>[Called By]<UL><LI><a href="#[b0]">&gt;&gt;</a>&nbsp;&nbsp;&nbsp;bluetooth_ch9141_uart_callback
<LI><a href="#[10b]">&gt;&gt;</a>&nbsp;&nbsp;&nbsp;wireless_uart_callback
</UL>

<P><STRONG><a name="[8f]"></a>filter</STRONG> (Thumb, 214 bytes, Stack size 32 bytes, ins.o(.text.filter))
<BR><BR>[Stack]<UL><LI>Max Depth = 52<LI>Call Chain = filter &rArr; __aeabi_fadd &rArr; _float_epilogue
</UL>
<BR>[Calls]<UL><LI><a href="#[5b]">&gt;&gt;</a>&nbsp;&nbsp;&nbsp;__aeabi_fdiv
[...]
<BR>[Called By]<UL><LI><a href="#[8c]">&gt;&gt;</a>&nbsp;&nbsp;&nbsp;get_two_points_distance
<LI><a href="#[ab]">&gt;&gt;</a>&nbsp;&nbsp;&nbsp;icmAHRSupdate
</UL>

<P><STRONG><a name="[120]"></a>atan</STRONG> (Thumb, 474 bytes, Stack size 40 bytes, atan.o(i.atan))
<BR><BR>[Stack]<UL><LI>Max Depth = 152<LI>Call Chain = atan &rArr; __kernel_poly &rArr; __aeabi_dadd &rArr; _double_epilogue &rArr; _double_round
</UL>
<BR>[Calls]<UL><LI><a href="#[64]">&gt;&gt;</a>&nbsp;&nbsp;&nbsp;__aeabi_ddiv
<LI><a href="#[5c]">&gt;&gt;</a>&nbsp;&nbsp;&nbsp;__aeabi_dadd
<LI><a href="#[61]">&gt;&gt;</a>&nbsp;&nbsp;&nbsp;__aeabi_dsub
<LI><a href="#[63]">&gt;&gt;</a>&nbsp;&nbsp;&nbsp;__aeabi_dmul
<LI><a href="#[111]">&gt;&gt;</a>&nbsp;&nbsp;&nbsp;__kernel_poly
<LI><a href="#[113]">&gt;&gt;</a>&nbsp;&nbsp;&nbsp;__ARM_fpclassify
<LI><a href="#[114]">&gt;&gt;</a>&nbsp;&nbsp;&nbsp;__mathlib_dbl_underflow
<LI><a href="#[116]">&gt;&gt;</a>&nbsp;&nbsp;&nbsp;__mathlib_dbl_infnan
<LI><a href="#[62]">&gt;&gt;</a>&nbsp;&nbsp;&nbsp;__aeabi_drsub
<LI><a href="#[10f]">&gt;&gt;</a>&nbsp;&nbsp;&nbsp;__ARM_scalbn
</UL>
<BR>[Called By]<UL><LI><a href="#[d3]">&gt;&gt;</a>&nbsp;&nbsp;&nbsp;atan2
</UL>

<P><STRONG><a name="[d3]"></a>atan2</STRONG> (Thumb, 374 bytes, Stack size 32 bytes, atan2.o(i.atan2))
<BR><BR>[Stack]<UL><LI>Max Depth = 184<LI>Call Chain = atan2 &rArr; atan &rArr; __kernel_poly &rArr; __aeabi_dadd &rArr; _double_epilogue &rArr; _double_round
</UL>
<BR>[Calls]<UL><LI><a href="#[64]">&gt;&gt;</a>&nbsp;&nbsp;&nbsp;__aeabi_ddiv
<LI><a href="#[61]">&gt;&gt;</a>&nbsp;&nbsp;&nbsp;__aeabi_dsub
<LI><a href="#[11f]">&gt;&gt;</a>&nbsp;&nbsp;&nbsp;__set_errno
<LI><a href="#[117]">&gt;&gt;</a>&nbsp;&nbsp;&nbsp;__mathlib_dbl_infnan2
<LI><a href="#[120]">&gt;&gt;</a>&nbsp;&nbsp;&nbsp;atan
<LI><a href="#[121]">&gt;&gt;</a>&nbsp;&nbsp;&nbsp;__aeabi_cdcmpeq
<LI><a href="#[62]">&gt;&gt;</a>&nbsp;&nbsp;&nbsp;__aeabi_drsub
</UL>
<BR>[Called By]<UL><LI><a href="#[8d]">&gt;&gt;</a>&nbsp;&nbsp;&nbsp;get_two_points_azimuth
<LI><a href="#[ab]">&gt;&gt;</a>&nbsp;&nbsp;&nbsp;icmAHRSupdate
</UL>

<P><STRONG><a name="[d2]"></a>cos</STRONG> (Thumb, 148 bytes, Stack size 32 bytes, cos.o(i.cos))
<BR><BR>[Stack]<UL><LI>Max Depth = 248<LI>Call Chain = cos &rArr; __ieee754_rem_pio2 &rArr; __aeabi_dadd &rArr; _double_epilogue &rArr; _double_round
</UL>
<BR>[Calls]<UL><LI><a href="#[11f]">&gt;&gt;</a>&nbsp;&nbsp;&nbsp;__set_errno
<LI><a href="#[112]">&gt;&gt;</a>&nbsp;&nbsp;&nbsp;__kernel_sin
<LI><a href="#[10e]">&gt;&gt;</a>&nbsp;&nbsp;&nbsp;__ieee754_rem_pio2
<LI><a href="#[118]">&gt;&gt;</a>&nbsp;&nbsp;&nbsp;__mathlib_dbl_invalid
<LI><a href="#[116]">&gt;&gt;</a>&nbsp;&nbsp;&nbsp;__mathlib_dbl_infnan
<LI><a href="#[110]">&gt;&gt;</a>&nbsp;&nbsp;&nbsp;__kernel_cos
</UL>
<BR>[Called By]<UL><LI><a href="#[8c]">&gt;&gt;</a>&nbsp;&nbsp;&nbsp;get_two_points_distance
<LI><a href="#[8d]">&gt;&gt;</a>&nbsp;&nbsp;&nbsp;get_two_points_azimuth
</UL>

<P><STRONG><a name="[d5]"></a>pow</STRONG> (Thumb, 2532 bytes, Stack size 112 bytes, pow.o(i.pow))
<BR><BR>[Stack]<UL><LI>Max Depth = 224<LI>Call Chain = pow &rArr; __kernel_poly &rArr; __aeabi_dadd &rArr; _double_epilogue &rArr; _double_round
</UL>
<BR>[Calls]<UL><LI><a href="#[64]">&gt;&gt;</a>&nbsp;&nbsp;&nbsp;__aeabi_ddiv
<LI><a href="#[5c]">&gt;&gt;</a>&nbsp;&nbsp;&nbsp;__aeabi_dadd
<LI><a href="#[67]">&gt;&gt;</a>&nbsp;&nbsp;&nbsp;__aeabi_i2d
<LI><a href="#[61]">&gt;&gt;</a>&nbsp;&nbsp;&nbsp;__aeabi_dsub
<LI><a href="#[63]">&gt;&gt;</a>&nbsp;&nbsp;&nbsp;__aeabi_dmul
<LI><a href="#[11f]">&gt;&gt;</a>&nbsp;&nbsp;&nbsp;__set_errno
<LI><a href="#[111]">&gt;&gt;</a>&nbsp;&nbsp;&nbsp;__kernel_poly
<LI><a href="#[113]">&gt;&gt;</a>&nbsp;&nbsp;&nbsp;__ARM_fpclassify
<LI><a href="#[114]">&gt;&gt;</a>&nbsp;&nbsp;&nbsp;__mathlib_dbl_underflow
<LI><a href="#[119]">&gt;&gt;</a>&nbsp;&nbsp;&nbsp;__mathlib_dbl_overflow
<LI><a href="#[118]">&gt;&gt;</a>&nbsp;&nbsp;&nbsp;__mathlib_dbl_invalid
<LI><a href="#[117]">&gt;&gt;</a>&nbsp;&nbsp;&nbsp;__mathlib_dbl_infnan2
<LI><a href="#[115]">&gt;&gt;</a>&nbsp;&nbsp;&nbsp;__mathlib_dbl_divzero
<LI><a href="#[d6]">&gt;&gt;</a>&nbsp;&nbsp;&nbsp;sqrt
<LI><a href="#[11b]">&gt;&gt;</a>&nbsp;&nbsp;&nbsp;__aeabi_cdrcmple
<LI><a href="#[62]">&gt;&gt;</a>&nbsp;&nbsp;&nbsp;__aeabi_drsub
<LI><a href="#[10f]">&gt;&gt;</a>&nbsp;&nbsp;&nbsp;__ARM_scalbn
</UL>
<BR>[Called By]<UL><LI><a href="#[8c]">&gt;&gt;</a>&nbsp;&nbsp;&nbsp;get_two_points_distance
</UL>

<P><STRONG><a name="[d1]"></a>sin</STRONG> (Thumb, 150 bytes, Stack size 32 bytes, sin.o(i.sin))
<BR><BR>[Stack]<UL><LI>Max Depth = 248<LI>Call Chain = sin &rArr; __ieee754_rem_pio2 &rArr; __aeabi_dadd &rArr; _double_epilogue &rArr; _double_round
</UL>
<BR>[Calls]<UL><LI><a href="#[11f]">&gt;&gt;</a>&nbsp;&nbsp;&nbsp;__set_errno
<LI><a href="#[112]">&gt;&gt;</a>&nbsp;&nbsp;&nbsp;__kernel_sin
<LI><a href="#[10e]">&gt;&gt;</a>&nbsp;&nbsp;&nbsp;__ieee754_rem_pio2
<LI><a href="#[118]">&gt;&gt;</a>&nbsp;&nbsp;&nbsp;__mathlib_dbl_invalid
<LI><a href="#[116]">&gt;&gt;</a>&nbsp;&nbsp;&nbsp;__mathlib_dbl_infnan
<LI><a href="#[110]">&gt;&gt;</a>&nbsp;&nbsp;&nbsp;__kernel_cos
</UL>
<BR>[Called By]<UL><LI><a href="#[8c]">&gt;&gt;</a>&nbsp;&nbsp;&nbsp;get_two_points_distance
<LI><a href="#[8d]">&gt;&gt;</a>&nbsp;&nbsp;&nbsp;get_two_points_azimuth
</UL>

<P><STRONG><a name="[d6]"></a>sqrt</STRONG> (Thumb, 76 bytes, Stack size 24 bytes, sqrt.o(i.sqrt))
<BR><BR>[Stack]<UL><LI>Max Depth = 64<LI>Call Chain = sqrt &rArr; _dsqrt &rArr; _double_round
</UL>
<BR>[Calls]<UL><LI><a href="#[11f]">&gt;&gt;</a>&nbsp;&nbsp;&nbsp;__set_errno
<LI><a href="#[6e]">&gt;&gt;</a>&nbsp;&nbsp;&nbsp;_dsqrt
</UL>
<BR>[Called By]<UL><LI><a href="#[8c]">&gt;&gt;</a>&nbsp;&nbsp;&nbsp;get_two_points_distance
<LI><a href="#[d5]">&gt;&gt;</a>&nbsp;&nbsp;&nbsp;pow
<LI><a href="#[d7]">&gt;&gt;</a>&nbsp;&nbsp;&nbsp;asin
</UL>
<P>
<H3>
Local Symbols
</H3>
<P><STRONG><a name="[109]"></a>vofa_transmit</STRONG> (Thumb, 104 bytes, Stack size 24 bytes, vofa.o(.text.vofa_transmit))
<BR><BR>[Stack]<UL><LI>Max Depth = 36<LI>Call Chain = vofa_transmit &rArr; uart_write_buffer
</UL>
<BR>[Calls]<UL><LI><a href="#[de]">&gt;&gt;</a>&nbsp;&nbsp;&nbsp;uart_write_buffer
</UL>
<BR>[Called By]<UL><LI><a href="#[4c]">&gt;&gt;</a>&nbsp;&nbsp;&nbsp;vofa_sendzip
</UL>

<P><STRONG><a name="[10a]"></a>vofa_transmit_leader</STRONG> (Thumb, 102 bytes, Stack size 24 bytes, vofa.o(.text.vofa_transmit_leader))
<BR><BR>[Stack]<UL><LI>Max Depth = 36<LI>Call Chain = vofa_transmit_leader &rArr; uart_write_buffer
</UL>
<BR>[Calls]<UL><LI><a href="#[de]">&gt;&gt;</a>&nbsp;&nbsp;&nbsp;uart_write_buffer
</UL>
<BR>[Called By]<UL><LI><a href="#[4c]">&gt;&gt;</a>&nbsp;&nbsp;&nbsp;vofa_sendzip
</UL>

<P><STRONG><a name="[b6]"></a>clock_reset</STRONG> (Thumb, 152 bytes, Stack size 4 bytes, zf_common_clock.o(.text.clock_reset))
<BR><BR>[Stack]<UL><LI>Max Depth = 4<LI>Call Chain = clock_reset
</UL>
<BR>[Called By]<UL><LI><a href="#[b5]">&gt;&gt;</a>&nbsp;&nbsp;&nbsp;clock_init
</UL>

<P><STRONG><a name="[b7]"></a>clock_set_freq</STRONG> (Thumb, 530 bytes, Stack size 32 bytes, zf_common_clock.o(.text.clock_set_freq))
<BR><BR>[Stack]<UL><LI>Max Depth = 40<LI>Call Chain = clock_set_freq &rArr; get_greatest_common_divisor
</UL>
<BR>[Calls]<UL><LI><a href="#[b9]">&gt;&gt;</a>&nbsp;&nbsp;&nbsp;get_greatest_common_divisor
</UL>
<BR>[Called By]<UL><LI><a href="#[b5]">&gt;&gt;</a>&nbsp;&nbsp;&nbsp;clock_init
</UL>

<P><STRONG><a name="[ee]"></a>__NVIC_DisableIRQ</STRONG> (Thumb, 56 bytes, Stack size 4 bytes, zf_common_interrupt.o(.text.__NVIC_DisableIRQ))
<BR><BR>[Stack]<UL><LI>Max Depth = 4<LI>Call Chain = __NVIC_DisableIRQ
</UL>
<BR>[Called By]<UL><LI><a href="#[ed]">&gt;&gt;</a>&nbsp;&nbsp;&nbsp;interrupt_disable
</UL>

<P><STRONG><a name="[f0]"></a>__NVIC_EnableIRQ</STRONG> (Thumb, 48 bytes, Stack size 4 bytes, zf_common_interrupt.o(.text.__NVIC_EnableIRQ))
<BR><BR>[Stack]<UL><LI>Max Depth = 4<LI>Call Chain = __NVIC_EnableIRQ
</UL>
<BR>[Called By]<UL><LI><a href="#[ef]">&gt;&gt;</a>&nbsp;&nbsp;&nbsp;interrupt_enable
</UL>

<P><STRONG><a name="[f2]"></a>__NVIC_SetPriority</STRONG> (Thumb, 66 bytes, Stack size 8 bytes, zf_common_interrupt.o(.text.__NVIC_SetPriority))
<BR><BR>[Stack]<UL><LI>Max Depth = 8<LI>Call Chain = __NVIC_SetPriority
</UL>
<BR>[Called By]<UL><LI><a href="#[87]">&gt;&gt;</a>&nbsp;&nbsp;&nbsp;interrupt_set_priority
</UL>

<P><STRONG><a name="[f1]"></a>__NVIC_SetPriorityGrouping</STRONG> (Thumb, 60 bytes, Stack size 12 bytes, zf_common_interrupt.o(.text.__NVIC_SetPriorityGrouping))
<BR><BR>[Stack]<UL><LI>Max Depth = 12<LI>Call Chain = __NVIC_SetPriorityGrouping
</UL>
<BR>[Called By]<UL><LI><a href="#[b8]">&gt;&gt;</a>&nbsp;&nbsp;&nbsp;interrupt_init
</UL>

<P><STRONG><a name="[c9]"></a>get_double_number</STRONG> (Thumb, 70 bytes, Stack size 40 bytes, zf_device_gps_tau1201.o(.text.get_double_number))
<BR><BR>[Stack]<UL><LI>Max Depth = 200<LI>Call Chain = get_double_number &rArr; str_to_double &rArr; __aeabi_dadd &rArr; _double_epilogue &rArr; _double_round
</UL>
<BR>[Calls]<UL><LI><a href="#[cc]">&gt;&gt;</a>&nbsp;&nbsp;&nbsp;str_to_double
<LI><a href="#[ca]">&gt;&gt;</a>&nbsp;&nbsp;&nbsp;get_parameter_index
<LI><a href="#[cb]">&gt;&gt;</a>&nbsp;&nbsp;&nbsp;strncpy
</UL>
<BR>[Called By]<UL><LI><a href="#[da]">&gt;&gt;</a>&nbsp;&nbsp;&nbsp;gps_gnrmc_parse
</UL>

<P><STRONG><a name="[cd]"></a>get_float_number</STRONG> (Thumb, 70 bytes, Stack size 32 bytes, zf_device_gps_tau1201.o(.text.get_float_number))
<BR><BR>[Stack]<UL><LI>Max Depth = 192<LI>Call Chain = get_float_number &rArr; str_to_double &rArr; __aeabi_dadd &rArr; _double_epilogue &rArr; _double_round
</UL>
<BR>[Calls]<UL><LI><a href="#[cc]">&gt;&gt;</a>&nbsp;&nbsp;&nbsp;str_to_double
<LI><a href="#[6c]">&gt;&gt;</a>&nbsp;&nbsp;&nbsp;__aeabi_d2f
<LI><a href="#[ca]">&gt;&gt;</a>&nbsp;&nbsp;&nbsp;get_parameter_index
<LI><a href="#[cb]">&gt;&gt;</a>&nbsp;&nbsp;&nbsp;strncpy
</UL>
<BR>[Called By]<UL><LI><a href="#[da]">&gt;&gt;</a>&nbsp;&nbsp;&nbsp;gps_gnrmc_parse
<LI><a href="#[db]">&gt;&gt;</a>&nbsp;&nbsp;&nbsp;gps_gngga_parse
</UL>

<P><STRONG><a name="[ce]"></a>get_int_number</STRONG> (Thumb, 66 bytes, Stack size 32 bytes, zf_device_gps_tau1201.o(.text.get_int_number))
<BR><BR>[Stack]<UL><LI>Max Depth = 64<LI>Call Chain = get_int_number &rArr; get_parameter_index
</UL>
<BR>[Calls]<UL><LI><a href="#[cf]">&gt;&gt;</a>&nbsp;&nbsp;&nbsp;str_to_int
<LI><a href="#[ca]">&gt;&gt;</a>&nbsp;&nbsp;&nbsp;get_parameter_index
<LI><a href="#[cb]">&gt;&gt;</a>&nbsp;&nbsp;&nbsp;strncpy
</UL>
<BR>[Called By]<UL><LI><a href="#[db]">&gt;&gt;</a>&nbsp;&nbsp;&nbsp;gps_gngga_parse
</UL>

<P><STRONG><a name="[ca]"></a>get_parameter_index</STRONG> (Thumb, 146 bytes, Stack size 32 bytes, zf_device_gps_tau1201.o(.text.get_parameter_index))
<BR><BR>[Stack]<UL><LI>Max Depth = 32<LI>Call Chain = get_parameter_index
</UL>
<BR>[Calls]<UL><LI><a href="#[d0]">&gt;&gt;</a>&nbsp;&nbsp;&nbsp;strchr
</UL>
<BR>[Called By]<UL><LI><a href="#[da]">&gt;&gt;</a>&nbsp;&nbsp;&nbsp;gps_gnrmc_parse
<LI><a href="#[db]">&gt;&gt;</a>&nbsp;&nbsp;&nbsp;gps_gngga_parse
<LI><a href="#[ce]">&gt;&gt;</a>&nbsp;&nbsp;&nbsp;get_int_number
<LI><a href="#[cd]">&gt;&gt;</a>&nbsp;&nbsp;&nbsp;get_float_number
<LI><a href="#[c9]">&gt;&gt;</a>&nbsp;&nbsp;&nbsp;get_double_number
</UL>

<P><STRONG><a name="[db]"></a>gps_gngga_parse</STRONG> (Thumb, 144 bytes, Stack size 48 bytes, zf_device_gps_tau1201.o(.text.gps_gngga_parse))
<BR><BR>[Stack]<UL><LI>Max Depth = 240<LI>Call Chain = gps_gngga_parse &rArr; get_float_number &rArr; str_to_double &rArr; __aeabi_dadd &rArr; _double_epilogue &rArr; _double_round
</UL>
<BR>[Calls]<UL><LI><a href="#[56]">&gt;&gt;</a>&nbsp;&nbsp;&nbsp;__aeabi_fadd
<LI><a href="#[ca]">&gt;&gt;</a>&nbsp;&nbsp;&nbsp;get_parameter_index
<LI><a href="#[ce]">&gt;&gt;</a>&nbsp;&nbsp;&nbsp;get_int_number
<LI><a href="#[cd]">&gt;&gt;</a>&nbsp;&nbsp;&nbsp;get_float_number
</UL>
<BR>[Called By]<UL><LI><a href="#[d8]">&gt;&gt;</a>&nbsp;&nbsp;&nbsp;gps_data_parse
</UL>

<P><STRONG><a name="[da]"></a>gps_gnrmc_parse</STRONG> (Thumb, 832 bytes, Stack size 192 bytes, zf_device_gps_tau1201.o(.text.gps_gnrmc_parse))
<BR><BR>[Stack]<UL><LI>Max Depth = 392<LI>Call Chain = gps_gnrmc_parse &rArr; get_double_number &rArr; str_to_double &rArr; __aeabi_dadd &rArr; _double_epilogue &rArr; _double_round
</UL>
<BR>[Calls]<UL><LI><a href="#[64]">&gt;&gt;</a>&nbsp;&nbsp;&nbsp;__aeabi_ddiv
<LI><a href="#[6c]">&gt;&gt;</a>&nbsp;&nbsp;&nbsp;__aeabi_d2f
<LI><a href="#[5c]">&gt;&gt;</a>&nbsp;&nbsp;&nbsp;__aeabi_dadd
<LI><a href="#[67]">&gt;&gt;</a>&nbsp;&nbsp;&nbsp;__aeabi_i2d
<LI><a href="#[61]">&gt;&gt;</a>&nbsp;&nbsp;&nbsp;__aeabi_dsub
<LI><a href="#[69]">&gt;&gt;</a>&nbsp;&nbsp;&nbsp;__aeabi_d2iz
<LI><a href="#[65]">&gt;&gt;</a>&nbsp;&nbsp;&nbsp;__aeabi_i2f
<LI><a href="#[59]">&gt;&gt;</a>&nbsp;&nbsp;&nbsp;__aeabi_fsub
<LI><a href="#[75]">&gt;&gt;</a>&nbsp;&nbsp;&nbsp;__aeabi_fmul
<LI><a href="#[7e]">&gt;&gt;</a>&nbsp;&nbsp;&nbsp;__aeabi_f2iz
<LI><a href="#[68]">&gt;&gt;</a>&nbsp;&nbsp;&nbsp;__aeabi_ui2d
<LI><a href="#[dc]">&gt;&gt;</a>&nbsp;&nbsp;&nbsp;utc_to_btc
<LI><a href="#[ca]">&gt;&gt;</a>&nbsp;&nbsp;&nbsp;get_parameter_index
<LI><a href="#[cd]">&gt;&gt;</a>&nbsp;&nbsp;&nbsp;get_float_number
<LI><a href="#[c9]">&gt;&gt;</a>&nbsp;&nbsp;&nbsp;get_double_number
</UL>
<BR>[Called By]<UL><LI><a href="#[d8]">&gt;&gt;</a>&nbsp;&nbsp;&nbsp;gps_data_parse
</UL>

<P><STRONG><a name="[dc]"></a>utc_to_btc</STRONG> (Thumb, 284 bytes, Stack size 8 bytes, zf_device_gps_tau1201.o(.text.utc_to_btc))
<BR><BR>[Stack]<UL><LI>Max Depth = 8<LI>Call Chain = utc_to_btc
</UL>
<BR>[Called By]<UL><LI><a href="#[da]">&gt;&gt;</a>&nbsp;&nbsp;&nbsp;gps_gnrmc_parse
</UL>

<P><STRONG><a name="[e6]"></a>icm20602_read_register</STRONG> (Thumb, 74 bytes, Stack size 16 bytes, zf_device_icm20602.o(.text.icm20602_read_register))
<BR><BR>[Stack]<UL><LI>Max Depth = 20<LI>Call Chain = icm20602_read_register &rArr; spi_read_8bit_register
</UL>
<BR>[Calls]<UL><LI><a href="#[e7]">&gt;&gt;</a>&nbsp;&nbsp;&nbsp;spi_read_8bit_register
</UL>
<BR>[Called By]<UL><LI><a href="#[e2]">&gt;&gt;</a>&nbsp;&nbsp;&nbsp;icm20602_init
<LI><a href="#[e4]">&gt;&gt;</a>&nbsp;&nbsp;&nbsp;icm20602_self_check
</UL>

<P><STRONG><a name="[e0]"></a>icm20602_read_registers</STRONG> (Thumb, 66 bytes, Stack size 24 bytes, zf_device_icm20602.o(.text.icm20602_read_registers))
<BR><BR>[Stack]<UL><LI>Max Depth = 36<LI>Call Chain = icm20602_read_registers &rArr; spi_read_8bit_registers
</UL>
<BR>[Calls]<UL><LI><a href="#[e8]">&gt;&gt;</a>&nbsp;&nbsp;&nbsp;spi_read_8bit_registers
</UL>
<BR>[Called By]<UL><LI><a href="#[e1]">&gt;&gt;</a>&nbsp;&nbsp;&nbsp;icm20602_get_gyro
<LI><a href="#[df]">&gt;&gt;</a>&nbsp;&nbsp;&nbsp;icm20602_get_acc
</UL>

<P><STRONG><a name="[e4]"></a>icm20602_self_check</STRONG> (Thumb, 94 bytes, Stack size 16 bytes, zf_device_icm20602.o(.text.icm20602_self_check))
<BR><BR>[Stack]<UL><LI>Max Depth = 36<LI>Call Chain = icm20602_self_check &rArr; icm20602_read_register &rArr; spi_read_8bit_register
</UL>
<BR>[Calls]<UL><LI><a href="#[89]">&gt;&gt;</a>&nbsp;&nbsp;&nbsp;system_delay
<LI><a href="#[e6]">&gt;&gt;</a>&nbsp;&nbsp;&nbsp;icm20602_read_register
</UL>
<BR>[Called By]<UL><LI><a href="#[e2]">&gt;&gt;</a>&nbsp;&nbsp;&nbsp;icm20602_init
</UL>

<P><STRONG><a name="[e5]"></a>icm20602_write_register</STRONG> (Thumb, 62 bytes, Stack size 16 bytes, zf_device_icm20602.o(.text.icm20602_write_register))
<BR><BR>[Stack]<UL><LI>Max Depth = 20<LI>Call Chain = icm20602_write_register &rArr; spi_write_8bit_register
</UL>
<BR>[Calls]<UL><LI><a href="#[e9]">&gt;&gt;</a>&nbsp;&nbsp;&nbsp;spi_write_8bit_register
</UL>
<BR>[Called By]<UL><LI><a href="#[e2]">&gt;&gt;</a>&nbsp;&nbsp;&nbsp;icm20602_init
</UL>

<P><STRONG><a name="[f4]"></a>ips200_set_region</STRONG> (Thumb, 74 bytes, Stack size 16 bytes, zf_device_ips200_parallel8.o(.text.ips200_set_region))
<BR><BR>[Stack]<UL><LI>Max Depth = 36<LI>Call Chain = ips200_set_region &rArr; ips200_write_16bit_data &rArr; ips200_write_data
</UL>
<BR>[Calls]<UL><LI><a href="#[fa]">&gt;&gt;</a>&nbsp;&nbsp;&nbsp;ips200_write_command
<LI><a href="#[f5]">&gt;&gt;</a>&nbsp;&nbsp;&nbsp;ips200_write_16bit_data
</UL>
<BR>[Called By]<UL><LI><a href="#[fc]">&gt;&gt;</a>&nbsp;&nbsp;&nbsp;ips200_show_char
<LI><a href="#[f6]">&gt;&gt;</a>&nbsp;&nbsp;&nbsp;ips200_draw_point
<LI><a href="#[f3]">&gt;&gt;</a>&nbsp;&nbsp;&nbsp;ips200_clear
</UL>

<P><STRONG><a name="[f5]"></a>ips200_write_16bit_data</STRONG> (Thumb, 92 bytes, Stack size 16 bytes, zf_device_ips200_parallel8.o(.text.ips200_write_16bit_data))
<BR><BR>[Stack]<UL><LI>Max Depth = 20<LI>Call Chain = ips200_write_16bit_data &rArr; ips200_write_data
</UL>
<BR>[Calls]<UL><LI><a href="#[ff]">&gt;&gt;</a>&nbsp;&nbsp;&nbsp;ips200_write_data
</UL>
<BR>[Called By]<UL><LI><a href="#[fc]">&gt;&gt;</a>&nbsp;&nbsp;&nbsp;ips200_show_char
<LI><a href="#[f6]">&gt;&gt;</a>&nbsp;&nbsp;&nbsp;ips200_draw_point
<LI><a href="#[f3]">&gt;&gt;</a>&nbsp;&nbsp;&nbsp;ips200_clear
<LI><a href="#[f4]">&gt;&gt;</a>&nbsp;&nbsp;&nbsp;ips200_set_region
</UL>

<P><STRONG><a name="[fb]"></a>ips200_write_8bit_data</STRONG> (Thumb, 62 bytes, Stack size 16 bytes, zf_device_ips200_parallel8.o(.text.ips200_write_8bit_data))
<BR><BR>[Stack]<UL><LI>Max Depth = 20<LI>Call Chain = ips200_write_8bit_data &rArr; ips200_write_data
</UL>
<BR>[Calls]<UL><LI><a href="#[ff]">&gt;&gt;</a>&nbsp;&nbsp;&nbsp;ips200_write_data
</UL>
<BR>[Called By]<UL><LI><a href="#[79]">&gt;&gt;</a>&nbsp;&nbsp;&nbsp;ips200_init
</UL>

<P><STRONG><a name="[fa]"></a>ips200_write_command</STRONG> (Thumb, 60 bytes, Stack size 4 bytes, zf_device_ips200_parallel8.o(.text.ips200_write_command))
<BR><BR>[Stack]<UL><LI>Max Depth = 4<LI>Call Chain = ips200_write_command
</UL>
<BR>[Called By]<UL><LI><a href="#[79]">&gt;&gt;</a>&nbsp;&nbsp;&nbsp;ips200_init
<LI><a href="#[f4]">&gt;&gt;</a>&nbsp;&nbsp;&nbsp;ips200_set_region
</UL>

<P><STRONG><a name="[ff]"></a>ips200_write_data</STRONG> (Thumb, 24 bytes, Stack size 4 bytes, zf_device_ips200_parallel8.o(.text.ips200_write_data))
<BR><BR>[Stack]<UL><LI>Max Depth = 4<LI>Call Chain = ips200_write_data
</UL>
<BR>[Called By]<UL><LI><a href="#[fb]">&gt;&gt;</a>&nbsp;&nbsp;&nbsp;ips200_write_8bit_data
<LI><a href="#[f5]">&gt;&gt;</a>&nbsp;&nbsp;&nbsp;ips200_write_16bit_data
</UL>

<P><STRONG><a name="[11a]"></a>_fp_digits</STRONG> (Thumb, 366 bytes, Stack size 64 bytes, printfa.o(i._fp_digits), UNUSED)
<BR><BR>[Calls]<UL><LI><a href="#[64]">&gt;&gt;</a>&nbsp;&nbsp;&nbsp;__aeabi_ddiv
<LI><a href="#[5c]">&gt;&gt;</a>&nbsp;&nbsp;&nbsp;__aeabi_dadd
<LI><a href="#[63]">&gt;&gt;</a>&nbsp;&nbsp;&nbsp;__aeabi_dmul
<LI><a href="#[6d]">&gt;&gt;</a>&nbsp;&nbsp;&nbsp;__aeabi_uldivmod
<LI><a href="#[6f]">&gt;&gt;</a>&nbsp;&nbsp;&nbsp;__aeabi_d2ulz
<LI><a href="#[11b]">&gt;&gt;</a>&nbsp;&nbsp;&nbsp;__aeabi_cdrcmple
</UL>
<BR>[Called By]<UL><LI><a href="#[10d]">&gt;&gt;</a>&nbsp;&nbsp;&nbsp;_printf_core
</UL>

<P><STRONG><a name="[10d]"></a>_printf_core</STRONG> (Thumb, 1744 bytes, Stack size 136 bytes, printfa.o(i._printf_core), UNUSED)
<BR><BR>[Calls]<UL><LI><a href="#[6d]">&gt;&gt;</a>&nbsp;&nbsp;&nbsp;__aeabi_uldivmod
<LI><a href="#[11e]">&gt;&gt;</a>&nbsp;&nbsp;&nbsp;__aeabi_uidivmod
<LI><a href="#[11c]">&gt;&gt;</a>&nbsp;&nbsp;&nbsp;_printf_pre_padding
<LI><a href="#[11d]">&gt;&gt;</a>&nbsp;&nbsp;&nbsp;_printf_post_padding
<LI><a href="#[11a]">&gt;&gt;</a>&nbsp;&nbsp;&nbsp;_fp_digits
</UL>
<BR>[Called By]<UL><LI><a href="#[10c]">&gt;&gt;</a>&nbsp;&nbsp;&nbsp;__0printf
</UL>

<P><STRONG><a name="[11d]"></a>_printf_post_padding</STRONG> (Thumb, 36 bytes, Stack size 24 bytes, printfa.o(i._printf_post_padding), UNUSED)
<BR><BR>[Called By]<UL><LI><a href="#[10d]">&gt;&gt;</a>&nbsp;&nbsp;&nbsp;_printf_core
</UL>

<P><STRONG><a name="[11c]"></a>_printf_pre_padding</STRONG> (Thumb, 46 bytes, Stack size 24 bytes, printfa.o(i._printf_pre_padding), UNUSED)
<BR><BR>[Called By]<UL><LI><a href="#[10d]">&gt;&gt;</a>&nbsp;&nbsp;&nbsp;_printf_core
</UL>
<P>
<H3>
Undefined Global Symbols
</H3><HR></body></html>
