Component: ARM Compiler 6.16 Tool: armlink [5dfeaa00]

==============================================================================

Section Cross References

    main.o(.text.main) refers to zf_common_clock.o(.text.clock_init) for clock_init
    main.o(.text.main) refers to zf_common_debug.o(.text.debug_init) for debug_init
    main.o(.text.main) refers to gui.o(.text.GUI_Init) for GUI_Init
    main.o(.text.main) refers to zf_device_icm20602.o(.text.icm20602_init) for icm20602_init
    main.o(.text.main) refers to icm.o(.text.icmZeroInit) for icmZeroInit
    main.o(.text.main) refers to zf_device_gps_tau1201.o(.text.gps_init) for gps_init
    main.o(.text.main) refers to motor.o(.text.Motor_Init) for Motor_Init
    main.o(.text.main) refers to key.o(.text.Key_Init) for Key_Init
    main.o(.text.main) refers to servo.o(.text.Servo_Init) for Servo_Init
    main.o(.text.main) refers to hwt101.o(.text.HWT101_Init) for HWT101_Init
    main.o(.text.main) refers to zf_driver_delay.o(.text.system_delay) for system_delay
    main.o(.text.main) refers to zf_common_clock.o(.bss.system_clock) for system_clock
    main.o(.text.main) refers to zf_driver_pit.o(.text.pit_init) for pit_init
    main.o(.text.main) refers to zf_common_interrupt.o(.text.interrupt_set_priority) for interrupt_set_priority
    main.o(.text.main) refers to zf_driver_uart.o(.text.uart_init) for uart_init
    main.o(.text.main) refers to vofa.o(.text.vofa_create) for vofa_create
    main.o(.text.main) refers to vofa.o(.bss.cmd_rxbuf) for cmd_rxbuf
    main.o(.text.main) refers to vofa.o(.bss.custom_buf) for custom_buf
    main.o(.text.main) refers to vofa.o(.data.vofa_ch_data) for vofa_ch_data
    main.o(.text.main) refers to vofa.o(.bss.vofa_image) for vofa_image
    main.o(.text.main) refers to vofa.o(.text.vofa_init) for vofa_init
    main.o(.text.main) refers to gui.o(.text.GUI_Show) for GUI_Show
    main.o(.text.main) refers to zf_device_gps_tau1201.o(.bss.gps_tau1201_flag) for gps_tau1201_flag
    main.o(.text.main) refers to zf_device_gps_tau1201.o(.text.gps_data_parse) for gps_data_parse
    main.o(.text.main) refers to ins.o(.text.INS) for INS
    main.o(.text.main) refers to vofa.o(.text.VOFA_Send) for VOFA_Send
    main.o(.ARM.exidx.text.main) refers to main.o(.text.main) for [Anonymous Symbol]
    isr.o(.text.TIM1_UP_IRQHandler) refers to motor.o(.text.Motor_Control) for Motor_Control
    isr.o(.text.TIM1_UP_IRQHandler) refers to servo.o(.text.Servo) for Servo
    isr.o(.ARM.exidx.text.TIM1_UP_IRQHandler) refers to isr.o(.text.TIM1_UP_IRQHandler) for [Anonymous Symbol]
    isr.o(.ARM.exidx.text.TIM2_IRQHandler) refers to isr.o(.text.TIM2_IRQHandler) for [Anonymous Symbol]
    isr.o(.ARM.exidx.text.TIM3_IRQHandler) refers to isr.o(.text.TIM3_IRQHandler) for [Anonymous Symbol]
    isr.o(.ARM.exidx.text.TIM4_IRQHandler) refers to isr.o(.text.TIM4_IRQHandler) for [Anonymous Symbol]
    isr.o(.ARM.exidx.text.TIM5_IRQHandler) refers to isr.o(.text.TIM5_IRQHandler) for [Anonymous Symbol]
    isr.o(.text.TIM6_IRQHandler) refers to key.o(.text.Key_Scans) for Key_Scans
    isr.o(.text.TIM6_IRQHandler) refers to key.o(.text.Beep_Set) for Beep_Set
    isr.o(.ARM.exidx.text.TIM6_IRQHandler) refers to isr.o(.text.TIM6_IRQHandler) for [Anonymous Symbol]
    isr.o(.ARM.exidx.text.TIM7_IRQHandler) refers to isr.o(.text.TIM7_IRQHandler) for [Anonymous Symbol]
    isr.o(.text.TIM8_UP_IRQHandler) refers to zf_device_tsl1401.o(.text.tsl1401_collect_pit_handler) for tsl1401_collect_pit_handler
    isr.o(.text.TIM8_UP_IRQHandler) refers to motor.o(.text.Get_Encoder) for Get_Encoder
    isr.o(.text.TIM8_UP_IRQHandler) refers to ahrs.o(.text.icmAHRSupdate) for icmAHRSupdate
    isr.o(.ARM.exidx.text.TIM8_UP_IRQHandler) refers to isr.o(.text.TIM8_UP_IRQHandler) for [Anonymous Symbol]
    isr.o(.ARM.exidx.text.UART1_IRQHandler) refers to isr.o(.text.UART1_IRQHandler) for [Anonymous Symbol]
    isr.o(.ARM.exidx.text.UART2_IRQHandler) refers to isr.o(.text.UART2_IRQHandler) for [Anonymous Symbol]
    isr.o(.text.UART3_IRQHandler) refers to zf_device_gps_tau1201.o(.text.gps_uart_callback) for gps_uart_callback
    isr.o(.ARM.exidx.text.UART3_IRQHandler) refers to isr.o(.text.UART3_IRQHandler) for [Anonymous Symbol]
    isr.o(.ARM.exidx.text.UART4_IRQHandler) refers to isr.o(.text.UART4_IRQHandler) for [Anonymous Symbol]
    isr.o(.ARM.exidx.text.UART5_IRQHandler) refers to isr.o(.text.UART5_IRQHandler) for [Anonymous Symbol]
    isr.o(.text.UART6_IRQHandler) refers to zf_device_type.o(.text.wireless_module_uart_handler) for wireless_module_uart_handler
    isr.o(.ARM.exidx.text.UART6_IRQHandler) refers to isr.o(.text.UART6_IRQHandler) for [Anonymous Symbol]
    isr.o(.ARM.exidx.text.UART7_IRQHandler) refers to isr.o(.text.UART7_IRQHandler) for [Anonymous Symbol]
    isr.o(.text.UART8_IRQHandler) refers to hwt101.o(.text.CopeSerial8Data) for CopeSerial8Data
    isr.o(.ARM.exidx.text.UART8_IRQHandler) refers to isr.o(.text.UART8_IRQHandler) for [Anonymous Symbol]
[...]
    _main_scatterload                        0x08000405   Thumb Code     0  entry5.o(.ARM.Collect$$$$00000004)
    __main_after_scatterload                 0x08000409   Thumb Code     0  entry5.o(.ARM.Collect$$$$00000004)
    _main_clock                              0x08000409   Thumb Code     0  entry7b.o(.ARM.Collect$$$$00000008)
    _main_cpp_init                           0x08000409   Thumb Code     0  entry8b.o(.ARM.Collect$$$$0000000A)
    _main_init                               0x08000409   Thumb Code     0  entry9a.o(.ARM.Collect$$$$0000000B)
    __rt_final_cpp                           0x08000411   Thumb Code     0  entry10a.o(.ARM.Collect$$$$0000000D)
    __rt_final_exit                          0x08000411   Thumb Code     0  entry11a.o(.ARM.Collect$$$$0000000F)
    Reset_Handler                            0x08000415   Thumb Code     8  startup_mm32f3277g.o(.text)
    NMI_Handler                              0x0800041d   Thumb Code     2  startup_mm32f3277g.o(.text)
    HardFault_Handler                        0x0800041f   Thumb Code     2  startup_mm32f3277g.o(.text)
    MemManage_Handler                        0x08000421   Thumb Code     2  startup_mm32f3277g.o(.text)
    BusFault_Handler                         0x08000423   Thumb Code     2  startup_mm32f3277g.o(.text)
    UsageFault_Handler                       0x08000425   Thumb Code     2  startup_mm32f3277g.o(.text)
    SVC_Handler                              0x08000427   Thumb Code     2  startup_mm32f3277g.o(.text)
    DebugMon_Handler                         0x08000429   Thumb Code     2  startup_mm32f3277g.o(.text)
    PendSV_Handler                           0x0800042b   Thumb Code     2  startup_mm32f3277g.o(.text)
    SysTick_Handler                          0x0800042d   Thumb Code     2  startup_mm32f3277g.o(.text)
    ADC1_2_IRQHandler                        0x0800042f   Thumb Code     0  startup_mm32f3277g.o(.text)
    ADC3_IRQHandler                          0x0800042f   Thumb Code     0  startup_mm32f3277g.o(.text)
    CAN1_RX_IRQHandler                       0x0800042f   Thumb Code     0  startup_mm32f3277g.o(.text)
    COMP1_2_IRQHandler                       0x0800042f   Thumb Code     0  startup_mm32f3277g.o(.text)
    ETH_IRQHandler                           0x0800042f   Thumb Code     0  startup_mm32f3277g.o(.text)
    FLASH_IRQHandler                         0x0800042f   Thumb Code     0  startup_mm32f3277g.o(.text)
    FlashCache_IRQHandler                    0x0800042f   Thumb Code     0  startup_mm32f3277g.o(.text)
    I2C1_IRQHandler                          0x0800042f   Thumb Code     0  startup_mm32f3277g.o(.text)
    I2C2_IRQHandler                          0x0800042f   Thumb Code     0  startup_mm32f3277g.o(.text)
    OTG_FS_IRQHandler                        0x0800042f   Thumb Code     0  startup_mm32f3277g.o(.text)
    OTG_FS_WKUP_IRQHandler                   0x0800042f   Thumb Code     0  startup_mm32f3277g.o(.text)
    PVD_IRQHandler                           0x0800042f   Thumb Code     0  startup_mm32f3277g.o(.text)
    RCC_CRS_IRQHandler                       0x0800042f   Thumb Code     0  startup_mm32f3277g.o(.text)
    RTCAlarm_IRQHandler                      0x0800042f   Thumb Code     0  startup_mm32f3277g.o(.text)
    RTC_IRQHandler                           0x0800042f   Thumb Code     0  startup_mm32f3277g.o(.text)
    SDIO_IRQHandler                          0x0800042f   Thumb Code     0  startup_mm32f3277g.o(.text)
    SPI1_IRQHandler                          0x0800042f   Thumb Code     0  startup_mm32f3277g.o(.text)
    SPI2_IRQHandler                          0x0800042f   Thumb Code     0  startup_mm32f3277g.o(.text)
    SPI3_IRQHandler                          0x0800042f   Thumb Code     0  startup_mm32f3277g.o(.text)
    TAMPER_IRQHandler                        0x0800042f   Thumb Code     0  startup_mm32f3277g.o(.text)
    TIM1_BRK_IRQHandler                      0x0800042f   Thumb Code     0  startup_mm32f3277g.o(.text)
    TIM1_CC_IRQHandler                       0x0800042f   Thumb Code     0  startup_mm32f3277g.o(.text)
    TIM1_TRG_COM_IRQHandler                  0x0800042f   Thumb Code     0  startup_mm32f3277g.o(.text)
    TIM8_BRK_IRQHandler                      0x0800042f   Thumb Code     0  startup_mm32f3277g.o(.text)
    TIM8_CC_IRQHandler                       0x0800042f   Thumb Code     0  startup_mm32f3277g.o(.text)
    TIM8_TRG_COM_IRQHandler                  0x0800042f   Thumb Code     0  startup_mm32f3277g.o(.text)
    WWDG_IRQHandler                          0x0800042f   Thumb Code     0  startup_mm32f3277g.o(.text)
    __aeabi_memcpy                           0x08000439   Thumb Code    36  memcpya.o(.text)
    __aeabi_memcpy4                          0x08000439   Thumb Code     0  memcpya.o(.text)
    __aeabi_memcpy8                          0x08000439   Thumb Code     0  memcpya.o(.text)
    __aeabi_memset                           0x0800045d   Thumb Code    14  memseta.o(.text)
    __aeabi_memset4                          0x0800045d   Thumb Code     0  memseta.o(.text)
    __aeabi_memset8                          0x0800045d   Thumb Code     0  memseta.o(.text)
    __aeabi_memclr                           0x0800046b   Thumb Code     4  memseta.o(.text)
    __aeabi_memclr4                          0x0800046b   Thumb Code     0  memseta.o(.text)
    __aeabi_memclr8                          0x0800046b   Thumb Code     0  memseta.o(.text)
    _memset$wrapper                          0x0800046f   Thumb Code    18  memseta.o(.text)
    strncpy                                  0x08000481   Thumb Code    24  strncpy.o(.text)
    strchr                                   0x08000499   Thumb Code    20  strchr.o(.text)
    strncmp                                  0x080004ad   Thumb Code    30  strncmp.o(.text)
    __aeabi_fadd                             0x080004cb   Thumb Code   164  fadd.o(.text)
    __aeabi_fsub                             0x0800056f   Thumb Code     6  fadd.o(.text)
    __aeabi_frsub                            0x08000575   Thumb Code     6  fadd.o(.text)
    __aeabi_fmul                             0x0800057b   Thumb Code   100  fmul.o(.text)
    __aeabi_fdiv                             0x080005df   Thumb Code   124  fdiv.o(.text)
    __aeabi_dadd                             0x0800065b   Thumb Code   322  dadd.o(.text)
    __aeabi_dsub                             0x0800079d   Thumb Code     6  dadd.o(.text)
    __aeabi_drsub                            0x080007a3   Thumb Code     6  dadd.o(.text)
    __aeabi_dmul                             0x080007a9   Thumb Code   228  dmul.o(.text)
    __aeabi_ddiv                             0x0800088d   Thumb Code   222  ddiv.o(.text)
    __aeabi_fcmple                           0x0800096b   Thumb Code    28  fcmple.o(.text)
    __aeabi_fcmplt                           0x08000987   Thumb Code    28  fcmplt.o(.text)
    __aeabi_fcmpge                           0x080009a3   Thumb Code    28  fcmpge.o(.text)
    __aeabi_fcmpgt                           0x080009bf   Thumb Code    28  fcmpgt.o(.text)
    __aeabi_fcmpeq                           0x080009db   Thumb Code    28  fcmpeq.o(.text)
    __aeabi_dcmple                           0x080009f7   Thumb Code    54  dcmple.o(.text)
    __aeabi_dcmpge                           0x08000a2d   Thumb Code    54  dcmpge.o(.text)
    __aeabi_dcmpeq                           0x08000a63   Thumb Code    56  dcmpeq.o(.text)
    __aeabi_i2f                              0x08000a9b   Thumb Code    18  fflti.o(.text)
    __aeabi_ui2f                             0x08000aad   Thumb Code    10  ffltui.o(.text)
    __aeabi_i2d                              0x08000ab7   Thumb Code    34  dflti.o(.text)
    __aeabi_ui2d                             0x08000ad9   Thumb Code    26  dfltui.o(.text)
    __aeabi_f2iz                             0x08000af3   Thumb Code    50  ffixi.o(.text)
    __aeabi_d2iz                             0x08000b25   Thumb Code    62  dfixi.o(.text)
    __aeabi_d2uiz                            0x08000b63   Thumb Code    50  dfixui.o(.text)
    __aeabi_f2d                              0x08000b95   Thumb Code    38  f2d.o(.text)
    __aeabi_d2f                              0x08000bbb   Thumb Code    56  d2f.o(.text)
    __aeabi_uidiv                            0x08000bf3   Thumb Code     0  uidiv.o(.text)
    __aeabi_uidivmod                         0x08000bf3   Thumb Code    44  uidiv.o(.text)
    __aeabi_uldivmod                         0x08000c1f   Thumb Code    98  uldiv.o(.text)
    __aeabi_llsl                             0x08000c81   Thumb Code    30  llshl.o(.text)
    _ll_shift_l                              0x08000c81   Thumb Code     0  llshl.o(.text)
    __aeabi_llsr                             0x08000c9f   Thumb Code    32  llushr.o(.text)
    _ll_ushift_r                             0x08000c9f   Thumb Code     0  llushr.o(.text)
    __aeabi_lasr                             0x08000cbf   Thumb Code    36  llsshr.o(.text)
    _ll_sshift_r                             0x08000cbf   Thumb Code     0  llsshr.o(.text)
    __I$use$fp                               0x08000ce3   Thumb Code     0  iusefp.o(.text)
    _float_round                             0x08000ce3   Thumb Code    18  fepilogue.o(.text)
    _float_epilogue                          0x08000cf5   Thumb Code    92  fepilogue.o(.text)
    _double_round                            0x08000d51   Thumb Code    30  depilogue.o(.text)
    _double_epilogue                         0x08000d6f   Thumb Code   156  depilogue.o(.text)
    __ARM_scalbn                             0x08000e0b   Thumb Code    46  dscalb.o(.text)
    scalbn                                   0x08000e0b   Thumb Code     0  dscalb.o(.text)
    _dsqrt                                   0x08000e39   Thumb Code   162  dsqrt.o(.text)
    __aeabi_d2ulz                            0x08000edb   Thumb Code    48  dfixul.o(.text)
    __aeabi_cdcmpeq                          0x08000f0d   Thumb Code     0  cdcmple.o(.text)
    __aeabi_cdcmple                          0x08000f0d   Thumb Code    48  cdcmple.o(.text)
    __aeabi_cdrcmple                         0x08000f3d   Thumb Code    48  cdrcmple.o(.text)
    __scatterload                            0x08000f6d   Thumb Code    28  init.o(.text)
    __scatterload_rt2                        0x08000f6d   Thumb Code     0  init.o(.text)
    Beep_Set                                 0x08000f91   Thumb Code   108  key.o(.text.Beep_Set)
    CopeSerial8Data                          0x08000ffd   Thumb Code   240  hwt101.o(.text.CopeSerial8Data)
    DMA1_Channel1_IRQHandler                 0x080010ed   Thumb Code    32  isr.o(.text.DMA1_Channel1_IRQHandler)
    DMA1_Channel2_IRQHandler                 0x0800110d   Thumb Code    34  isr.o(.text.DMA1_Channel2_IRQHandler)
    DMA1_Channel3_IRQHandler                 0x08001131   Thumb Code    34  isr.o(.text.DMA1_Channel3_IRQHandler)
    DMA1_Channel4_IRQHandler                 0x08001155   Thumb Code    40  isr.o(.text.DMA1_Channel4_IRQHandler)
    DMA1_Channel5_IRQHandler                 0x0800117d   Thumb Code    34  isr.o(.text.DMA1_Channel5_IRQHandler)
    DMA1_Channel6_IRQHandler                 0x080011a1   Thumb Code    34  isr.o(.text.DMA1_Channel6_IRQHandler)
    DMA1_Channel7_IRQHandler                 0x080011c5   Thumb Code    34  isr.o(.text.DMA1_Channel7_IRQHandler)
    DMA2_Channel1_IRQHandler                 0x080011e9   Thumb Code    36  isr.o(.text.DMA2_Channel1_IRQHandler)
    DMA2_Channel2_IRQHandler                 0x0800120d   Thumb Code    38  isr.o(.text.DMA2_Channel2_IRQHandler)
    DMA2_Channel3_IRQHandler                 0x08001235   Thumb Code    38  isr.o(.text.DMA2_Channel3_IRQHandler)
    DMA2_Channel4_IRQHandler                 0x0800125d   Thumb Code    38  isr.o(.text.DMA2_Channel4_IRQHandler)
    DMA2_Channel5_IRQHandler                 0x08001285   Thumb Code    38  isr.o(.text.DMA2_Channel5_IRQHandler)
    EXTI0_IRQHandler                         0x080012ad   Thumb Code    18  isr.o(.text.EXTI0_IRQHandler)
    EXTI15_10_IRQHandler                     0x080012c1   Thumb Code   218  isr.o(.text.EXTI15_10_IRQHandler)
    EXTI1_IRQHandler                         0x0800139d   Thumb Code    18  isr.o(.text.EXTI1_IRQHandler)
    EXTI2_IRQHandler                         0x080013b1   Thumb Code    18  isr.o(.text.EXTI2_IRQHandler)
    EXTI3_IRQHandler                         0x080013c5   Thumb Code    18  isr.o(.text.EXTI3_IRQHandler)
    EXTI4_IRQHandler                         0x080013d9   Thumb Code    18  isr.o(.text.EXTI4_IRQHandler)
    EXTI9_5_IRQHandler                       0x080013ed   Thumb Code   188  isr.o(.text.EXTI9_5_IRQHandler)
    GUI_Init                                 0x080014a9   Thumb Code   354  gui.o(.text.GUI_Init)
    GUI_Show                                 0x0800160d   Thumb Code   458  gui.o(.text.GUI_Show)
    Get_Encoder                              0x080017d9   Thumb Code    34  motor.o(.text.Get_Encoder)
    HWT101_Init                              0x080017fd   Thumb Code    84  hwt101.o(.text.HWT101_Init)
    INS                                      0x08001851   Thumb Code   720  ins.o(.text.INS)
    InvSqrt                                  0x08001b21   Thumb Code    88  math_base.o(.text.InvSqrt)
    Key1_Action                              0x08001b79   Thumb Code    46  key.o(.text.Key1_Action)
    Key2_Action                              0x08001ba9   Thumb Code    26  key.o(.text.Key2_Action)
    Key3_Action                              0x08001bc5   Thumb Code    28  key.o(.text.Key3_Action)
    Key4_Action                              0x08001be1   Thumb Code    20  key.o(.text.Key4_Action)
    Key_Init                                 0x08001bf5   Thumb Code    98  key.o(.text.Key_Init)
    Key_Scans                                0x08001c59   Thumb Code   580  key.o(.text.Key_Scans)
    Motor_Control                            0x08001e9d   Thumb Code   176  motor.o(.text.Motor_Control)
    Motor_Init                               0x08001f4d   Thumb Code    54  motor.o(.text.Motor_Init)
    Motor_PID                                0x08001f85   Thumb Code   152  motor.o(.text.Motor_PID)
    Point_write                              0x0800201d   Thumb Code   316  ins.o(.text.Point_write)
    Servo                                    0x08002159   Thumb Code   196  servo.o(.text.Servo)
    Servo_Init                               0x0800221d   Thumb Code    36  servo.o(.text.Servo_Init)
    Servo_PID                                0x08002241   Thumb Code   152  servo.o(.text.Servo_PID)
    SystemInit                               0x080022d9   Thumb Code     2  system_mm32f3277g.o(.text.SystemInit)
    TIM1_UP_IRQHandler                       0x080022dd   Thumb Code    44  isr.o(.text.TIM1_UP_IRQHandler)
    TIM2_IRQHandler                          0x08002309   Thumb Code    30  isr.o(.text.TIM2_IRQHandler)
    TIM3_IRQHandler                          0x08002329   Thumb Code    34  isr.o(.text.TIM3_IRQHandler)
    TIM4_IRQHandler                          0x0800234d   Thumb Code    34  isr.o(.text.TIM4_IRQHandler)
    TIM5_IRQHandler                          0x08002371   Thumb Code    34  isr.o(.text.TIM5_IRQHandler)
    TIM6_IRQHandler                          0x08002395   Thumb Code    44  isr.o(.text.TIM6_IRQHandler)
    TIM7_IRQHandler                          0x080023c1   Thumb Code    34  isr.o(.text.TIM7_IRQHandler)
    TIM8_UP_IRQHandler                       0x080023e5   Thumb Code    48  isr.o(.text.TIM8_UP_IRQHandler)
    UART1_IRQHandler                         0x08002415   Thumb Code    72  isr.o(.text.UART1_IRQHandler)
    UART2_IRQHandler                         0x0800245d   Thumb Code    72  isr.o(.text.UART2_IRQHandler)
    UART3_IRQHandler                         0x080024a5   Thumb Code    78  isr.o(.text.UART3_IRQHandler)
    UART4_IRQHandler                         0x080024f5   Thumb Code    72  isr.o(.text.UART4_IRQHandler)
    UART5_IRQHandler                         0x0800253d   Thumb Code    72  isr.o(.text.UART5_IRQHandler)
    UART6_IRQHandler                         0x08002585   Thumb Code    78  isr.o(.text.UART6_IRQHandler)
    UART7_IRQHandler                         0x080025d5   Thumb Code    72  isr.o(.text.UART7_IRQHandler)
    UART8_IRQHandler                         0x0800261d   Thumb Code    78  isr.o(.text.UART8_IRQHandler)
    VOFA_Send                                0x0800266d   Thumb Code   280  vofa.o(.text.VOFA_Send)
    adc_convert                              0x0800286d   Thumb Code   150  zf_driver_adc.o(.text.adc_convert)
    afio_init                                0x08002905   Thumb Code   380  zf_driver_gpio.o(.text.afio_init)
    bluetooth_ch9141_uart_callback           0x08002a81   Thumb Code    40  zf_device_bluetooth_ch9141.o(.text.bluetooth_ch9141_uart_callback)
    camera_dma_handler                       0x08002aa9   Thumb Code   106  zf_device_type.o(.text.camera_dma_handler)
    camera_vsync_handler                     0x08002b15   Thumb Code   190  zf_device_type.o(.text.camera_vsync_handler)
    clock_init                               0x08002bd5   Thumb Code    36  zf_common_clock.o(.text.clock_init)
    debug_assert_handler                     0x08002ea5   Thumb Code    66  zf_common_debug.o(.text.debug_assert_handler)
    debug_init                               0x08002ee9   Thumb Code    34  zf_common_debug.o(.text.debug_init)
    debug_log_handler                        0x08002f0d   Thumb Code    62  zf_common_debug.o(.text.debug_log_handler)
    dma_disable                              0x08002f4d   Thumb Code    50  zf_driver_dma.o(.text.dma_disable)
    dma_enable                               0x08002f81   Thumb Code    50  zf_driver_dma.o(.text.dma_enable)
    dma_set_count                            0x08002fb5   Thumb Code    52  zf_driver_dma.o(.text.dma_set_count)
    encoder_clear_count                      0x08002fe9   Thumb Code   144  zf_driver_encoder.o(.text.encoder_clear_count)
    encoder_get_count                        0x08003079   Thumb Code   654  zf_driver_encoder.o(.text.encoder_get_count)
    encoder_init_dir                         0x08003309   Thumb Code   288  zf_driver_encoder.o(.text.encoder_init_dir)
    fifo_head_offset                         0x08003429   Thumb Code    46  zf_common_fifo.o(.text.fifo_head_offset)
    fifo_write_buffer                        0x08003459   Thumb Code   178  zf_common_fifo.o(.text.fifo_write_buffer)
    filter                                   0x0800350d   Thumb Code   214  ins.o(.text.filter)
    flash_buffer_clear                       0x080035e5   Thumb Code    22  zf_driver_flash.o(.text.flash_buffer_clear)
    flash_check                              0x080035fd   Thumb Code   102  zf_driver_flash.o(.text.flash_check)
    flash_erase_page                         0x08003665   Thumb Code   254  zf_driver_flash.o(.text.flash_erase_page)
    flash_write_page_from_buffer             0x08003765   Thumb Code   290  zf_driver_flash.o(.text.flash_write_page_from_buffer)
    float_to_str                             0x08003889   Thumb Code   512  zf_common_function.o(.text.float_to_str)
    fputc                                    0x08003a89   Thumb Code    24  zf_common_debug.o(.text.fputc)
    fsmc_init_ips200                         0x08003aa1   Thumb Code    74  zf_driver_fsmc.o(.text.fsmc_init_ips200)
    get_greatest_common_divisor              0x08003b7d   Thumb Code    66  zf_common_function.o(.text.get_greatest_common_divisor)
    get_two_points_azimuth                   0x08003c99   Thumb Code   412  zf_device_gps_tau1201.o(.text.get_two_points_azimuth)
    get_two_points_distance                  0x08003e35   Thumb Code   374  zf_device_gps_tau1201.o(.text.get_two_points_distance)
    gpio_get_level                           0x08003fad   Thumb Code    68  zf_driver_gpio.o(.text.gpio_get_level)
    gpio_init                                0x08003ff1   Thumb Code   466  zf_driver_gpio.o(.text.gpio_init)
    gpio_set_level                           0x080041c5   Thumb Code    98  zf_driver_gpio.o(.text.gpio_set_level)
    gps_data_parse                           0x08004229   Thumb Code   106  zf_device_gps_tau1201.o(.text.gps_data_parse)
    gps_init                                 0x08004665   Thumb Code   526  zf_device_gps_tau1201.o(.text.gps_init)
    gps_uart_callback                        0x08004875   Thumb Code   152  zf_device_gps_tau1201.o(.text.gps_uart_callback)
    icm20602_get_acc                         0x0800490d   Thumb Code    86  zf_device_icm20602.o(.text.icm20602_get_acc)
    icm20602_get_gyro                        0x08004965   Thumb Code    86  zf_device_icm20602.o(.text.icm20602_get_gyro)
    icm20602_init                            0x080049bd   Thumb Code   300  zf_device_icm20602.o(.text.icm20602_init)
    icmAHRSupdate                            0x08004c19   Thumb Code  1534  ahrs.o(.text.icmAHRSupdate)
    icmConvert                               0x08005219   Thumb Code   466  icm.o(.text.icmConvert)
    icmZeroInit                              0x080053ed   Thumb Code   368  icm.o(.text.icmZeroInit)
    image_property_get                       0x0800555d   Thumb Code   138  vofa.o(.text.image_property_get)
    image_property_set                       0x080055e9   Thumb Code    78  vofa.o(.text.image_property_set)
    int_to_str                               0x08005639   Thumb Code   246  zf_common_function.o(.text.int_to_str)
    interrupt_disable                        0x08005731   Thumb Code    20  zf_common_interrupt.o(.text.interrupt_disable)
    interrupt_enable                         0x08005745   Thumb Code    20  zf_common_interrupt.o(.text.interrupt_enable)
    interrupt_global_disable                 0x08005759   Thumb Code    34  zf_common_interrupt.o(.text.interrupt_global_disable)
    interrupt_global_enable                  0x0800577d   Thumb Code    50  zf_common_interrupt.o(.text.interrupt_global_enable)
    interrupt_init                           0x080057b1   Thumb Code    10  zf_common_interrupt.o(.text.interrupt_init)
    interrupt_set_priority                   0x080057bd   Thumb Code    28  zf_common_interrupt.o(.text.interrupt_set_priority)
    ips200_clear                             0x080057d9   Thumb Code   142  zf_device_ips200_parallel8.o(.text.ips200_clear)
    ips200_draw_line                         0x08005869   Thumb Code   600  zf_device_ips200_parallel8.o(.text.ips200_draw_line)
    ips200_draw_point                        0x08005ac1   Thumb Code   114  zf_device_ips200_parallel8.o(.text.ips200_draw_point)
    ips200_init                              0x08005b35   Thumb Code   778  zf_device_ips200_parallel8.o(.text.ips200_init)
    ips200_set_color                         0x08005e41   Thumb Code    42  zf_device_ips200_parallel8.o(.text.ips200_set_color)
    ips200_set_dir                           0x08005e6d   Thumb Code    90  zf_device_ips200_parallel8.o(.text.ips200_set_dir)
    ips200_show_char                         0x08005f15   Thumb Code   200  zf_device_ips200_parallel8.o(.text.ips200_show_char)
    ips200_show_float                        0x08005fdd   Thumb Code   362  zf_device_ips200_parallel8.o(.text.ips200_show_float)
    ips200_show_int                          0x08006149   Thumb Code   256  zf_device_ips200_parallel8.o(.text.ips200_show_int)
    ips200_show_string                       0x08006249   Thumb Code   150  zf_device_ips200_parallel8.o(.text.ips200_show_string)
    ips200_show_uint                         0x080062e1   Thumb Code   254  zf_device_ips200_parallel8.o(.text.ips200_show_uint)
    main                                     0x080064d1   Thumb Code   324  main.o(.text.main)
    myprintf                                 0x08006615   Thumb Code   896  vofa.o(.text.myprintf)
    number_conversion_ascii                  0x08006995   Thumb Code   230  vofa.o(.text.number_conversion_ascii)
    pit_init                                 0x08006a7d   Thumb Code   320  zf_driver_pit.o(.text.pit_init)
    printf_reverse_order                     0x08006bbd   Thumb Code    82  vofa.o(.text.printf_reverse_order)
    pwm_init                                 0x08006c11   Thumb Code   602  zf_driver_pwm.o(.text.pwm_init)
    pwm_set_duty                             0x08006e6d   Thumb Code   304  zf_driver_pwm.o(.text.pwm_set_duty)
    sendcmd                                  0x08006f9d   Thumb Code    58  hwt101.o(.text.sendcmd)
    spi_init                                 0x08006fd9   Thumb Code   664  zf_driver_spi.o(.text.spi_init)
    spi_read_8bit_register                   0x08007271   Thumb Code   208  zf_driver_spi.o(.text.spi_read_8bit_register)
    spi_read_8bit_registers                  0x08007341   Thumb Code   236  zf_driver_spi.o(.text.spi_read_8bit_registers)
    spi_write_8bit_register                  0x0800742d   Thumb Code   158  zf_driver_spi.o(.text.spi_write_8bit_register)
    str_to_double                            0x080074cd   Thumb Code   392  zf_common_function.o(.text.str_to_double)
    str_to_int                               0x08007655   Thumb Code   156  zf_common_function.o(.text.str_to_int)
    system_delay                             0x080076f1   Thumb Code   124  zf_driver_delay.o(.text.system_delay)
    timer_clock_enable                       0x0800776d   Thumb Code   182  zf_driver_timer.o(.text.timer_clock_enable)
    timer_funciton_check                     0x08007825   Thumb Code   104  zf_driver_timer.o(.text.timer_funciton_check)
    tsl1401_collect_pit_handler              0x0800788d   Thumb Code   224  zf_device_tsl1401.o(.text.tsl1401_collect_pit_handler)
    uart_init                                0x0800796d   Thumb Code   610  zf_driver_uart.o(.text.uart_init)
    uart_query_byte                          0x08007bd1   Thumb Code    80  zf_driver_uart.o(.text.uart_query_byte)
    uart_rx_interrupt                        0x08007c21   Thumb Code   118  zf_driver_uart.o(.text.uart_rx_interrupt)
    uart_write_buffer                        0x08007c99   Thumb Code    84  zf_driver_uart.o(.text.uart_write_buffer)
    uart_write_byte                          0x08007ced   Thumb Code    64  zf_driver_uart.o(.text.uart_write_byte)
    uint_to_str                              0x08007d2d   Thumb Code   174  zf_common_function.o(.text.uint_to_str)
    vofa_create                              0x08007ef9   Thumb Code    18  vofa.o(.text.vofa_create)
    vofa_init                                0x08007f0d   Thumb Code   228  vofa.o(.text.vofa_init)
    vofa_release                             0x08007ff1   Thumb Code    44  vofa.o(.text.vofa_release)
    vofa_sendzip                             0x0800801d   Thumb Code   470  vofa.o(.text.vofa_sendzip)
    vofa_unzip                               0x080082c5   Thumb Code    18  vofa.o(.text.vofa_unzip)
    wireless_module_uart_handler             0x080082d9   Thumb Code    50  zf_device_type.o(.text.wireless_module_uart_handler)
    wireless_uart_callback                   0x0800830d   Thumb Code    40  zf_device_wireless_uart.o(.text.wireless_uart_callback)
    __0printf                                0x08008335   Thumb Code    22  printfa.o(i.__0printf)
    __1printf                                0x08008335   Thumb Code     0  printfa.o(i.__0printf)
    __2printf                                0x08008335   Thumb Code     0  printfa.o(i.__0printf)
    __c89printf                              0x08008335   Thumb Code     0  printfa.o(i.__0printf)
    printf                                   0x08008335   Thumb Code     0  printfa.o(i.__0printf)
    __ARM_fpclassify                         0x08008355   Thumb Code    40  fpclassify.o(i.__ARM_fpclassify)
    free                                     0x0800837d   Thumb Code    76  malloc2.o(i.__free$2region)
    __ieee754_rem_pio2                       0x080083cd   Thumb Code   828  rred.o(i.__ieee754_rem_pio2)
    __kernel_cos                             0x08008755   Thumb Code   230  cos_i.o(i.__kernel_cos)
    __kernel_poly                            0x08008851   Thumb Code   170  poly.o(i.__kernel_poly)
    __kernel_sin                             0x080088fd   Thumb Code   224  sin_i.o(i.__kernel_sin)
    malloc                                   0x080089e9   Thumb Code    92  malloc2.o(i.__malloc$2region)
    __mathlib_dbl_divzero                    0x08008a55   Thumb Code    12  dunder.o(i.__mathlib_dbl_divzero)
    __mathlib_dbl_infnan                     0x08008a65   Thumb Code     6  dunder.o(i.__mathlib_dbl_infnan)
    __mathlib_dbl_infnan2                    0x08008a6b   Thumb Code     4  dunder.o(i.__mathlib_dbl_infnan2)
    __mathlib_dbl_invalid                    0x08008a6f   Thumb Code    12  dunder.o(i.__mathlib_dbl_invalid)
    __mathlib_dbl_overflow                   0x08008a7b   Thumb Code    14  dunder.o(i.__mathlib_dbl_overflow)
    __mathlib_dbl_underflow                  0x08008a89   Thumb Code    10  dunder.o(i.__mathlib_dbl_underflow)
    __scatterload_copy                       0x08008a99   Thumb Code    14  handlers.o(i.__scatterload_copy)
    __scatterload_null                       0x08008aa7   Thumb Code     2  handlers.o(i.__scatterload_null)
    __scatterload_zeroinit                   0x08008aa9   Thumb Code    14  handlers.o(i.__scatterload_zeroinit)
    __set_errno                              0x08008ab9   Thumb Code     6  errno.o(i.__set_errno)
    asin                                     0x08009379   Thumb Code   572  asin.o(i.asin)
    atan                                     0x080095e9   Thumb Code   474  atan.o(i.atan)
    atan2                                    0x08009809   Thumb Code   374  atan2.o(i.atan2)
    cos                                      0x080099a5   Thumb Code   148  cos.o(i.cos)
    pow                                      0x08009a41   Thumb Code  2532  pow.o(i.pow)
    sin                                      0x0800a42d   Thumb Code   150  sin.o(i.sin)
    sqrt                                     0x0800a4cd   Thumb Code    76  sqrt.o(i.sqrt)
    __mathlib_zero                           0x0800a6b8   Data           8  qnan.o(.constdata)
    tft_ascii                                0x0800aa22   Data        1520  zf_common_font.o(.rodata.tft_ascii)
    Region$$Table$$Base                      0x0800b014   Number         0  anon$$obj.o(Region$$Table)
    Region$$Table$$Limit                     0x0800b034   Number         0  anon$$obj.o(Region$$Table)
    __stdout                                 0x20000000   Data           4  stdout.o(.data)
    __microlib_freelist                      0x20000004   Data           4  mvars.o(.data)
    __microlib_freelist_initialised          0x20000008   Data           4  mvars.o(.data)
    ACCCMD                                   0x20000010   Data           3  hwt101.o(.data.ACCCMD)
    KD                                       0x20000014   Data           4  servo.o(.data.KD)
    KP                                       0x20000018   Data           4  servo.o(.data.KP)
    Position_KD                              0x2000001c   Data           4  motor.o(.data.Position_KD)
    Position_KP                              0x20000020   Data           4  motor.o(.data.Position_KP)
    Q_info                                   0x20000024   Data          16  ahrs.o(.data.Q_info)
    YAWCMD                                   0x20000034   Data           3  hwt101.o(.data.YAWCMD)
    gpio_group                               0x20000054   Data          32  zf_driver_gpio.o(.data.gpio_group)
    icm_ki                                   0x20000074   Data           4  ahrs.o(.data.icm_ki)
    icm_kp                                   0x20000078   Data           4  ahrs.o(.data.icm_kp)
    vofa_ch_data                             0x200000b8   Data          32  vofa.o(.data.vofa_ch_data)
    Azimuth                                  0x200000d8   Data           4  ins.o(.bss.Azimuth)
    Beep_flag                                0x200000e0   Data           4  key.o(.bss.Beep_flag)
    Direction                                0x20000128   Data           4  ins.o(.bss.Direction)
    Distance                                 0x2000012c   Data           4  ins.o(.bss.Distance)
    Encoder_Get                              0x20000130   Data           2  motor.o(.bss.Encoder_Get)
    I_ex                                     0x20000134   Data           4  ahrs.o(.bss.I_ex)
    I_ey                                     0x20000138   Data           4  ahrs.o(.bss.I_ey)
    I_ez                                     0x2000013c   Data           4  ahrs.o(.bss.I_ez)
    Motor_Duty                               0x2000014c   Data           4  motor.o(.bss.Motor_Duty)
    Servo_Duty                               0x20000160   Data           4  servo.o(.bss.Servo_Duty)
    Speed_Target                             0x20000174   Data           4  motor.o(.bss.Speed_Target)
    Veer                                     0x20000178   Data           4  ins.o(.bss.Veer)
    camera_type                              0x20000194   Data           1  zf_device_type.o(.bss.camera_type)
    cmd_rxbuf                                0x20000195   Data          13  vofa.o(.bss.cmd_rxbuf)
    custom_buf                               0x200001a2   Data          28  vofa.o(.bss.custom_buf)
    eulerAngle                               0x200001c0   Data          12  icm.o(.bss.eulerAngle)
    flash_union_buffer                       0x200001e8   Data        1024  zf_driver_flash.o(.bss.flash_union_buffer)
    gps_tau1201                              0x200005e8   Data          64  zf_device_gps_tau1201.o(.bss.gps_tau1201)
    gps_tau1201_buffer1                      0x20000628   Data         100  zf_device_gps_tau1201.o(.bss.gps_tau1201_buffer1)
    gps_tau1201_buffer2                      0x2000068c   Data         100  zf_device_gps_tau1201.o(.bss.gps_tau1201_buffer2)
    gps_tau1201_flag                         0x200006f0   Data           1  zf_device_gps_tau1201.o(.bss.gps_tau1201_flag)
    gps_tau1201_num                          0x200006f1   Data           1  zf_device_gps_tau1201.o(.bss.gps_tau1201_num)
    icmZero                                  0x200006f4   Data          24  icm.o(.bss.icmZero)
    icm_acc_x                                0x2000070c   Data           2  zf_device_icm20602.o(.bss.icm_acc_x)
    icm_acc_y                                0x2000070e   Data           2  zf_device_icm20602.o(.bss.icm_acc_y)
    icm_acc_z                                0x20000710   Data           2  zf_device_icm20602.o(.bss.icm_acc_z)
    icm_data                                 0x20000714   Data          24  icm.o(.bss.icm_data)
    icm_gyro_x                               0x2000072c   Data           2  zf_device_icm20602.o(.bss.icm_gyro_x)
    icm_gyro_y                               0x2000072e   Data           2  zf_device_icm20602.o(.bss.icm_gyro_y)
    icm_gyro_z                               0x20000730   Data           2  zf_device_icm20602.o(.bss.icm_gyro_z)
    latitude_get                             0x2000073c   Data           4  ins.o(.bss.latitude_get)
    mt9v03x_finish_flag                      0x20000740   Data           1  zf_device_mt9v03x.o(.bss.mt9v03x_finish_flag)
    ov7725_finish_flag                       0x20000741   Data           1  zf_device_ov7725.o(.bss.ov7725_finish_flag)
    point                                    0x20000744   Data           4  ins.o(.bss.point)
    scc8660_finish_flag                      0x20000748   Data           1  zf_device_scc8660.o(.bss.scc8660_finish_flag)
    stcAngle                                 0x2000074a   Data           8  hwt101.o(.bss.stcAngle)
    stcGyro                                  0x20000752   Data           8  hwt101.o(.bss.stcGyro)
    system_clock                             0x2000075c   Data           4  zf_common_clock.o(.bss.system_clock)
    tsl1401_data                             0x20000768   Data         512  zf_device_tsl1401.o(.bss.tsl1401_data)
    tsl1401_finish_flag                      0x20000968   Data           1  zf_device_tsl1401.o(.bss.tsl1401_finish_flag)
    vofa_image                               0x2000096a   Data         100  vofa.o(.bss.vofa_image)
    wireless_type                            0x200009ce   Data           1  zf_device_type.o(.bss.wireless_type)
    yaw                                      0x200009e4   Data           4  hwt101.o(.bss.yaw)
    zf_debug_init_flag                       0x200009e8   Data           1  zf_common_debug.o(.bss.zf_debug_init_flag)
    Image$$ARM_LIB_HEAP$$ZI$$Base            0x200009ec   Number         0  anon$$obj.o ABSOLUTE
    Image$$ARM_LIB_HEAP$$ZI$$Limit           0x20000dec   Number         0  anon$$obj.o ABSOLUTE
    Image$$ARM_LIB_STACK$$ZI$$Limit          0x20020000   Number         0  anon$$obj.o ABSOLUTE



==============================================================================

Memory Map of the image

  Image Entry point : 0x08000401

  Load Region LR_m_text (Base: 0x08000000, Size: 0x0000b110, Max: 0x00080000, ABSOLUTE)

    Execution Region VECTOR_ROM (Exec base: 0x08000000, Load base: 0x08000000, Size: 0x00000190, Max: 0x00000400, ABSOLUTE)

    Exec Addr    Load Addr    Size         Type   Attr      Idx    E Section Name        Object

    0x08000000   0x08000000   0x00000190   Data   RO         1405    RESET               startup_mm32f3277g.o


    Execution Region ER_m_text (Exec base: 0x08000400, Load base: 0x08000400, Size: 0x0000ac34, Max: 0x0007fc00, ABSOLUTE, FIXED)

    Exec Addr    Load Addr    Size         Type   Attr      Idx    E Section Name        Object

    0x08000400   0x08000400   0x00000000   Code   RO         2207  * .ARM.Collect$$$$00000000  mc_w.l(entry.o)
    0x08000400   0x08000400   0x00000004   Code   RO         2361    .ARM.Collect$$$$00000003  mc_w.l(entry4.o)
    0x08000404   0x08000404   0x00000004   Code   RO         2364    .ARM.Collect$$$$00000004  mc_w.l(entry5.o)
    0x08000408   0x08000408   0x00000000   Code   RO         2366    .ARM.Collect$$$$00000008  mc_w.l(entry7b.o)
    0x08000408   0x08000408   0x00000000   Code   RO         2368    .ARM.Collect$$$$0000000A  mc_w.l(entry8b.o)
    0x08000408   0x08000408   0x00000008   Code   RO         2369    .ARM.Collect$$$$0000000B  mc_w.l(entry9a.o)
    0x08000410   0x08000410   0x00000000   Code   RO         2371    .ARM.Collect$$$$0000000D  mc_w.l(entry10a.o)
    0x08000410   0x08000410   0x00000000   Code   RO         2373    .ARM.Collect$$$$0000000F  mc_w.l(entry11a.o)
    0x08000410   0x08000410   0x00000004   Code   RO         2362    .ARM.Collect$$$$00002714  mc_w.l(entry4.o)
    0x08000414   0x08000414   0x00000024   Code   RO         1406    .text               startup_mm32f3277g.o
    0x08000438   0x08000438   0x00000024   Code   RO         2210    .text               mc_w.l(memcpya.o)
    0x0800045c   0x0800045c   0x00000024   Code   RO         2212    .text               mc_w.l(memseta.o)
    0x08000480   0x08000480   0x00000018   Code   RO         2214    .text               mc_w.l(strncpy.o)
    0x08000498   0x08000498   0x00000014   Code   RO         2216    .text               mc_w.l(strchr.o)
    0x080004ac   0x080004ac   0x0000001e   Code   RO         2220    .text               mc_w.l(strncmp.o)
    0x080004ca   0x080004ca   0x000000b0   Code   RO         2280    .text               mf_w.l(fadd.o)
    0x0800057a   0x0800057a   0x00000064   Code   RO         2282    .text               mf_w.l(fmul.o)
    0x080005de   0x080005de   0x0000007c   Code   RO         2284    .text               mf_w.l(fdiv.o)
    0x0800065a   0x0800065a   0x0000014e   Code   RO         2286    .text               mf_w.l(dadd.o)
    0x080007a8   0x080007a8   0x000000e4   Code   RO         2288    .text               mf_w.l(dmul.o)
    0x0800088c   0x0800088c   0x000000de   Code   RO         2290    .text               mf_w.l(ddiv.o)
    0x0800096a   0x0800096a   0x0000001c   Code   RO         2292    .text               mf_w.l(fcmple.o)
    0x08000986   0x08000986   0x0000001c   Code   RO         2294    .text               mf_w.l(fcmplt.o)
    0x080009a2   0x080009a2   0x0000001c   Code   RO         2296    .text               mf_w.l(fcmpge.o)
    0x080009be   0x080009be   0x0000001c   Code   RO         2298    .text               mf_w.l(fcmpgt.o)
    0x080009da   0x080009da   0x0000001c   Code   RO         2300    .text               mf_w.l(fcmpeq.o)
    0x080009f6   0x080009f6   0x00000036   Code   RO         2302    .text               mf_w.l(dcmple.o)
    0x08000a2c   0x08000a2c   0x00000036   Code   RO         2304    .text               mf_w.l(dcmpge.o)
    0x08000a62   0x08000a62   0x00000038   Code   RO         2306    .text               mf_w.l(dcmpeq.o)
    0x08000a9a   0x08000a9a   0x00000012   Code   RO         2308    .text               mf_w.l(fflti.o)
    0x08000aac   0x08000aac   0x0000000a   Code   RO         2310    .text               mf_w.l(ffltui.o)
    0x08000ab6   0x08000ab6   0x00000022   Code   RO         2312    .text               mf_w.l(dflti.o)
    0x08000ad8   0x08000ad8   0x0000001a   Code   RO         2314    .text               mf_w.l(dfltui.o)
    0x08000af2   0x08000af2   0x00000032   Code   RO         2316    .text               mf_w.l(ffixi.o)
    0x08000b24   0x08000b24   0x0000003e   Code   RO         2318    .text               mf_w.l(dfixi.o)
    0x08000b62   0x08000b62   0x00000032   Code   RO         2320    .text               mf_w.l(dfixui.o)
    0x08000b94   0x08000b94   0x00000026   Code   RO         2322    .text               mf_w.l(f2d.o)
    0x08000bba   0x08000bba   0x00000038   Code   RO         2324    .text               mf_w.l(d2f.o)
    0x08000bf2   0x08000bf2   0x0000002c   Code   RO         2385    .text               mc_w.l(uidiv.o)
    0x08000c1e   0x08000c1e   0x00000062   Code   RO         2387    .text               mc_w.l(uldiv.o)
    0x08000c80   0x08000c80   0x0000001e   Code   RO         2389    .text               mc_w.l(llshl.o)
    0x08000c9e   0x08000c9e   0x00000020   Code   RO         2391    .text               mc_w.l(llushr.o)
    0x08000cbe   0x08000cbe   0x00000024   Code   RO         2393    .text               mc_w.l(llsshr.o)
    0x08000ce2   0x08000ce2   0x00000000   Code   RO         2404    .text               mc_w.l(iusefp.o)
    0x08000ce2   0x08000ce2   0x0000006e   Code   RO         2405    .text               mf_w.l(fepilogue.o)
    0x08000d50   0x08000d50   0x000000ba   Code   RO         2407    .text               mf_w.l(depilogue.o)
    0x08000e0a   0x08000e0a   0x0000002e   Code   RO         2409    .text               mf_w.l(dscalb.o)
    0x08000e38   0x08000e38   0x000000a2   Code   RO         2411    .text               mf_w.l(dsqrt.o)
    0x08000eda   0x08000eda   0x00000030   Code   RO         2413    .text               mf_w.l(dfixul.o)
    0x08000f0a   0x08000f0a   0x00000002   PAD
    0x08000f0c   0x08000f0c   0x00000030   Code   RO         2415    .text               mf_w.l(cdcmple.o)
    0x08000f3c   0x08000f3c   0x00000030   Code   RO         2417    .text               mf_w.l(cdrcmple.o)
    0x08000f6c   0x08000f6c   0x00000024   Code   RO         2419    .text               mc_w.l(init.o)
    0x08000f90   0x08000f90   0x0000006c   Code   RO          115    .text.Beep_Set      key.o
    0x08000ffc   0x08000ffc   0x000000f0   Code   RO          311    .text.CopeSerial8Data  hwt101.o
    0x080010ec   0x080010ec   0x00000020   Code   RO           59    .text.DMA1_Channel1_IRQHandler  isr.o
    0x0800110c   0x0800110c   0x00000022   Code   RO           61    .text.DMA1_Channel2_IRQHandler  isr.o
    0x0800112e   0x0800112e   0x00000002   PAD
    0x08001130   0x08001130   0x00000022   Code   RO           63    .text.DMA1_Channel3_IRQHandler  isr.o
    0x08001152   0x08001152   0x00000002   PAD
    0x08001154   0x08001154   0x00000028   Code   RO           65    .text.DMA1_Channel4_IRQHandler  isr.o
    0x0800117c   0x0800117c   0x00000022   Code   RO           67    .text.DMA1_Channel5_IRQHandler  isr.o
    0x0800119e   0x0800119e   0x00000002   PAD
    0x080011a0   0x080011a0   0x00000022   Code   RO           69    .text.DMA1_Channel6_IRQHandler  isr.o
    0x080011c2   0x080011c2   0x00000002   PAD
    0x080011c4   0x080011c4   0x00000022   Code   RO           71    .text.DMA1_Channel7_IRQHandler  isr.o
    0x080011e6   0x080011e6   0x00000002   PAD
    0x080011e8   0x080011e8   0x00000024   Code   RO           73    .text.DMA2_Channel1_IRQHandler  isr.o
    0x0800120c   0x0800120c   0x00000026   Code   RO           75    .text.DMA2_Channel2_IRQHandler  isr.o
    0x08001232   0x08001232   0x00000002   PAD
    0x08001234   0x08001234   0x00000026   Code   RO           77    .text.DMA2_Channel3_IRQHandler  isr.o
    0x0800125a   0x0800125a   0x00000002   PAD
    0x0800125c   0x0800125c   0x00000026   Code   RO           79    .text.DMA2_Channel4_IRQHandler  isr.o
    0x08001282   0x08001282   0x00000002   PAD
    0x08001284   0x08001284   0x00000026   Code   RO           81    .text.DMA2_Channel5_IRQHandler  isr.o
    0x080012aa   0x080012aa   0x00000002   PAD
    0x080012ac   0x080012ac   0x00000012   Code   RO           45    .text.EXTI0_IRQHandler  isr.o
    0x080012be   0x080012be   0x00000002   PAD
    0x080012c0   0x080012c0   0x000000da   Code   RO           57    .text.EXTI15_10_IRQHandler  isr.o
    0x0800139a   0x0800139a   0x00000002   PAD
    0x0800139c   0x0800139c   0x00000012   Code   RO           47    .text.EXTI1_IRQHandler  isr.o
    0x080013ae   0x080013ae   0x00000002   PAD
    0x080013b0   0x080013b0   0x00000012   Code   RO           49    .text.EXTI2_IRQHandler  isr.o
    0x080013c2   0x080013c2   0x00000002   PAD
    0x080013c4   0x080013c4   0x00000012   Code   RO           51    .text.EXTI3_IRQHandler  isr.o
    0x080013d6   0x080013d6   0x00000002   PAD
    0x080013d8   0x080013d8   0x00000012   Code   RO           53    .text.EXTI4_IRQHandler  isr.o
    0x080013ea   0x080013ea   0x00000002   PAD
    0x080013ec   0x080013ec   0x000000bc   Code   RO           55    .text.EXTI9_5_IRQHandler  isr.o
    0x080014a8   0x080014a8   0x00000162   Code   RO          214    .text.GUI_Init      gui.o
    0x0800160a   0x0800160a   0x00000002   PAD
    0x0800160c   0x0800160c   0x000001ca   Code   RO          216    .text.GUI_Show      gui.o
    0x080017d6   0x080017d6   0x00000002   PAD
    0x080017d8   0x080017d8   0x00000022   Code   RO           92    .text.Get_Encoder   motor.o
    0x080017fa   0x080017fa   0x00000002   PAD
    0x080017fc   0x080017fc   0x00000054   Code   RO          307    .text.HWT101_Init   hwt101.o
    0x08001850   0x08001850   0x000002d0   Code   RO          282    .text.INS           ins.o
    0x08001b20   0x08001b20   0x00000058   Code   RO          269    .text.InvSqrt       math_base.o
    0x08001b78   0x08001b78   0x0000002e   Code   RO          121    .text.Key1_Action   key.o
    0x08001ba6   0x08001ba6   0x00000002   PAD
    0x08001ba8   0x08001ba8   0x0000001a   Code   RO          123    .text.Key2_Action   key.o
    0x08001bc2   0x08001bc2   0x00000002   PAD
    0x08001bc4   0x08001bc4   0x0000001c   Code   RO          125    .text.Key3_Action   key.o
    0x08001be0   0x08001be0   0x00000014   Code   RO          127    .text.Key4_Action   key.o
    0x08001bf4   0x08001bf4   0x00000062   Code   RO          117    .text.Key_Init      key.o
    0x08001c56   0x08001c56   0x00000002   PAD
    0x08001c58   0x08001c58   0x00000244   Code   RO          119    .text.Key_Scans     key.o
    0x08001e9c   0x08001e9c   0x000000b0   Code   RO           94    .text.Motor_Control  motor.o
    0x08001f4c   0x08001f4c   0x00000036   Code   RO           90    .text.Motor_Init    motor.o
    0x08001f82   0x08001f82   0x00000002   PAD
    0x08001f84   0x08001f84   0x00000098   Code   RO           96    .text.Motor_PID     motor.o
    0x0800201c   0x0800201c   0x0000013c   Code   RO          286    .text.Point_write   ins.o
    0x08002158   0x08002158   0x000000c4   Code   RO          181    .text.Servo         servo.o
    0x0800221c   0x0800221c   0x00000024   Code   RO          179    .text.Servo_Init    servo.o
    0x08002240   0x08002240   0x00000098   Code   RO          183    .text.Servo_PID     servo.o
    0x080022d8   0x080022d8   0x00000002   Code   RO         1398    .text.SystemInit    system_mm32f3277g.o
    0x080022da   0x080022da   0x00000002   PAD
    0x080022dc   0x080022dc   0x0000002c   Code   RO           13    .text.TIM1_UP_IRQHandler  isr.o
    0x08002308   0x08002308   0x0000001e   Code   RO           15    .text.TIM2_IRQHandler  isr.o
    0x08002326   0x08002326   0x00000002   PAD
    0x08002328   0x08002328   0x00000022   Code   RO           17    .text.TIM3_IRQHandler  isr.o
    0x0800234a   0x0800234a   0x00000002   PAD
    0x0800234c   0x0800234c   0x00000022   Code   RO           19    .text.TIM4_IRQHandler  isr.o
    0x0800236e   0x0800236e   0x00000002   PAD
    0x08002370   0x08002370   0x00000022   Code   RO           21    .text.TIM5_IRQHandler  isr.o
    0x08002392   0x08002392   0x00000002   PAD
    0x08002394   0x08002394   0x0000002c   Code   RO           23    .text.TIM6_IRQHandler  isr.o
    0x080023c0   0x080023c0   0x00000022   Code   RO           25    .text.TIM7_IRQHandler  isr.o
    0x080023e2   0x080023e2   0x00000002   PAD
    0x080023e4   0x080023e4   0x00000030   Code   RO           27    .text.TIM8_UP_IRQHandler  isr.o
    0x08002414   0x08002414   0x00000048   Code   RO           29    .text.UART1_IRQHandler  isr.o
    0x0800245c   0x0800245c   0x00000048   Code   RO           31    .text.UART2_IRQHandler  isr.o
    0x080024a4   0x080024a4   0x0000004e   Code   RO           33    .text.UART3_IRQHandler  isr.o
    0x080024f2   0x080024f2   0x00000002   PAD
    0x080024f4   0x080024f4   0x00000048   Code   RO           35    .text.UART4_IRQHandler  isr.o
    0x0800253c   0x0800253c   0x00000048   Code   RO           37    .text.UART5_IRQHandler  isr.o
    0x08002584   0x08002584   0x0000004e   Code   RO           39    .text.UART6_IRQHandler  isr.o
    0x080025d2   0x080025d2   0x00000002   PAD
    0x080025d4   0x080025d4   0x00000048   Code   RO           41    .text.UART7_IRQHandler  isr.o
    0x0800261c   0x0800261c   0x0000004e   Code   RO           43    .text.UART8_IRQHandler  isr.o
    0x0800266a   0x0800266a   0x00000002   PAD
    0x0800266c   0x0800266c   0x00000118   Code   RO          141    .text.VOFA_Send     vofa.o
    0x08002784   0x08002784   0x00000038   Code   RO          438    .text.__NVIC_DisableIRQ  zf_common_interrupt.o
    0x080027bc   0x080027bc   0x00000030   Code   RO          434    .text.__NVIC_EnableIRQ  zf_common_interrupt.o
    0x080027ec   0x080027ec   0x00000042   Code   RO          442    .text.__NVIC_SetPriority  zf_common_interrupt.o
    0x0800282e   0x0800282e   0x00000002   PAD
    0x08002830   0x08002830   0x0000003c   Code   RO          446    .text.__NVIC_SetPriorityGrouping  zf_common_interrupt.o
    0x0800286c   0x0800286c   0x00000096   Code   RO          456    .text.adc_convert   zf_driver_adc.o
    0x08002902   0x08002902   0x00000002   PAD
    0x08002904   0x08002904   0x0000017c   Code   RO          566    .text.afio_init     zf_driver_gpio.o
    0x08002a80   0x08002a80   0x00000028   Code   RO          883    .text.bluetooth_ch9141_uart_callback  zf_device_bluetooth_ch9141.o
    0x08002aa8   0x08002aa8   0x0000006a   Code   RO         1347    .text.camera_dma_handler  zf_device_type.o
    0x08002b12   0x08002b12   0x00000002   PAD
    0x08002b14   0x08002b14   0x000000be   Code   RO         1345    .text.camera_vsync_handler  zf_device_type.o
    0x08002bd2   0x08002bd2   0x00000002   PAD
    0x08002bd4   0x08002bd4   0x00000024   Code   RO          332    .text.clock_init    zf_common_clock.o
    0x08002bf8   0x08002bf8   0x00000098   Code   RO          334    .text.clock_reset   zf_common_clock.o
    0x08002c90   0x08002c90   0x00000212   Code   RO          336    .text.clock_set_freq  zf_common_clock.o
    0x08002ea2   0x08002ea2   0x00000002   PAD
    0x08002ea4   0x08002ea4   0x00000042   Code   RO          348    .text.debug_assert_handler  zf_common_debug.o
    0x08002ee6   0x08002ee6   0x00000002   PAD
    0x08002ee8   0x08002ee8   0x00000022   Code   RO          352    .text.debug_init    zf_common_debug.o
    0x08002f0a   0x08002f0a   0x00000002   PAD
    0x08002f0c   0x08002f0c   0x0000003e   Code   RO          350    .text.debug_log_handler  zf_common_debug.o
    0x08002f4a   0x08002f4a   0x00000002   PAD
    0x08002f4c   0x08002f4c   0x00000032   Code   RO          484    .text.dma_disable   zf_driver_dma.o
    0x08002f7e   0x08002f7e   0x00000002   PAD
    0x08002f80   0x08002f80   0x00000032   Code   RO          482    .text.dma_enable    zf_driver_dma.o
    0x08002fb2   0x08002fb2   0x00000002   PAD
    0x08002fb4   0x08002fb4   0x00000034   Code   RO          480    .text.dma_set_count  zf_driver_dma.o
    0x08002fe8   0x08002fe8   0x00000090   Code   RO          498    .text.encoder_clear_count  zf_driver_encoder.o
    0x08003078   0x08003078   0x0000028e   Code   RO          496    .text.encoder_get_count  zf_driver_encoder.o
    0x08003306   0x08003306   0x00000002   PAD
    0x08003308   0x08003308   0x00000120   Code   RO          502    .text.encoder_init_dir  zf_driver_encoder.o
    0x08003428   0x08003428   0x0000002e   Code   RO          363    .text.fifo_head_offset  zf_common_fifo.o
    0x08003456   0x08003456   0x00000002   PAD
    0x08003458   0x08003458   0x000000b2   Code   RO          371    .text.fifo_write_buffer  zf_common_fifo.o
    0x0800350a   0x0800350a   0x00000002   PAD
    0x0800350c   0x0800350c   0x000000d6   Code   RO          280    .text.filter        ins.o
    0x080035e2   0x080035e2   0x00000002   PAD
    0x080035e4   0x080035e4   0x00000016   Code   RO          538    .text.flash_buffer_clear  zf_driver_flash.o
    0x080035fa   0x080035fa   0x00000002   PAD
    0x080035fc   0x080035fc   0x00000066   Code   RO          526    .text.flash_check   zf_driver_flash.o
    0x08003662   0x08003662   0x00000002   PAD
    0x08003664   0x08003664   0x000000fe   Code   RO          528    .text.flash_erase_page  zf_driver_flash.o
    0x08003762   0x08003762   0x00000002   PAD
    0x08003764   0x08003764   0x00000122   Code   RO          536    .text.flash_write_page_from_buffer  zf_driver_flash.o
    0x08003886   0x08003886   0x00000002   PAD
    0x08003888   0x08003888   0x00000200   Code   RO          409    .text.float_to_str  zf_common_function.o
    0x08003a88   0x08003a88   0x00000018   Code   RO          346    .text.fputc         zf_common_debug.o
    0x08003aa0   0x08003aa0   0x0000004a   Code   RO          548    .text.fsmc_init_ips200  zf_driver_fsmc.o
    0x08003aea   0x08003aea   0x00000002   PAD
    0x08003aec   0x08003aec   0x00000046   Code   RO          937    .text.get_double_number  zf_device_gps_tau1201.o
    0x08003b32   0x08003b32   0x00000002   PAD
    0x08003b34   0x08003b34   0x00000046   Code   RO          939    .text.get_float_number  zf_device_gps_tau1201.o
    0x08003b7a   0x08003b7a   0x00000002   PAD
    0x08003b7c   0x08003b7c   0x00000042   Code   RO          395    .text.get_greatest_common_divisor  zf_common_function.o
    0x08003bbe   0x08003bbe   0x00000002   PAD
    0x08003bc0   0x08003bc0   0x00000042   Code   RO          943    .text.get_int_number  zf_device_gps_tau1201.o
    0x08003c02   0x08003c02   0x00000002   PAD
    0x08003c04   0x08003c04   0x00000092   Code   RO          935    .text.get_parameter_index  zf_device_gps_tau1201.o
    0x08003c96   0x08003c96   0x00000002   PAD
    0x08003c98   0x08003c98   0x0000019c   Code   RO          925    .text.get_two_points_azimuth  zf_device_gps_tau1201.o
    0x08003e34   0x08003e34   0x00000176   Code   RO          923    .text.get_two_points_distance  zf_device_gps_tau1201.o
    0x08003faa   0x08003faa   0x00000002   PAD
    0x08003fac   0x08003fac   0x00000044   Code   RO          558    .text.gpio_get_level  zf_driver_gpio.o
    0x08003ff0   0x08003ff0   0x000001d2   Code   RO          564    .text.gpio_init     zf_driver_gpio.o
    0x080041c2   0x080041c2   0x00000002   PAD
    0x080041c4   0x080041c4   0x00000062   Code   RO          556    .text.gpio_set_level  zf_driver_gpio.o
    0x08004226   0x08004226   0x00000002   PAD
    0x08004228   0x08004228   0x0000006a   Code   RO          927    .text.gps_data_parse  zf_device_gps_tau1201.o
    0x08004292   0x08004292   0x00000002   PAD
    0x08004294   0x08004294   0x00000090   Code   RO          931    .text.gps_gngga_parse  zf_device_gps_tau1201.o
    0x08004324   0x08004324   0x00000340   Code   RO          929    .text.gps_gnrmc_parse  zf_device_gps_tau1201.o
    0x08004664   0x08004664   0x0000020e   Code   RO          933    .text.gps_init      zf_device_gps_tau1201.o
    0x08004872   0x08004872   0x00000002   PAD
    0x08004874   0x08004874   0x00000098   Code   RO          921    .text.gps_uart_callback  zf_device_gps_tau1201.o
    0x0800490c   0x0800490c   0x00000056   Code   RO          970    .text.icm20602_get_acc  zf_device_icm20602.o
    0x08004962   0x08004962   0x00000002   PAD
    0x08004964   0x08004964   0x00000056   Code   RO          974    .text.icm20602_get_gyro  zf_device_icm20602.o
    0x080049ba   0x080049ba   0x00000002   PAD
    0x080049bc   0x080049bc   0x0000012c   Code   RO          976    .text.icm20602_init  zf_device_icm20602.o
    0x08004ae8   0x08004ae8   0x0000004a   Code   RO          982    .text.icm20602_read_register  zf_device_icm20602.o
    0x08004b32   0x08004b32   0x00000002   PAD
    0x08004b34   0x08004b34   0x00000042   Code   RO          972    .text.icm20602_read_registers  zf_device_icm20602.o
    0x08004b76   0x08004b76   0x00000002   PAD
    0x08004b78   0x08004b78   0x0000005e   Code   RO          978    .text.icm20602_self_check  zf_device_icm20602.o
    0x08004bd6   0x08004bd6   0x00000002   PAD
    0x08004bd8   0x08004bd8   0x0000003e   Code   RO          980    .text.icm20602_write_register  zf_device_icm20602.o
    0x08004c16   0x08004c16   0x00000002   PAD
    0x08004c18   0x08004c18   0x000005fe   Code   RO          226    .text.icmAHRSupdate  ahrs.o
    0x08005216   0x08005216   0x00000002   PAD
    0x08005218   0x08005218   0x000001d2   Code   RO          202    .text.icmConvert    icm.o
    0x080053ea   0x080053ea   0x00000002   PAD
    0x080053ec   0x080053ec   0x00000170   Code   RO          200    .text.icmZeroInit   icm.o
    0x0800555c   0x0800555c   0x0000008a   Code   RO          161    .text.image_property_get  vofa.o
    0x080055e6   0x080055e6   0x00000002   PAD
    0x080055e8   0x080055e8   0x0000004e   Code   RO          159    .text.image_property_set  vofa.o
    0x08005636   0x08005636   0x00000002   PAD
    0x08005638   0x08005638   0x000000f6   Code   RO          403    .text.int_to_str    zf_common_function.o
    0x0800572e   0x0800572e   0x00000002   PAD
    0x08005730   0x08005730   0x00000014   Code   RO          436    .text.interrupt_disable  zf_common_interrupt.o
    0x08005744   0x08005744   0x00000014   Code   RO          432    .text.interrupt_enable  zf_common_interrupt.o
    0x08005758   0x08005758   0x00000022   Code   RO          430    .text.interrupt_global_disable  zf_common_interrupt.o
    0x0800577a   0x0800577a   0x00000002   PAD
    0x0800577c   0x0800577c   0x00000032   Code   RO          428    .text.interrupt_global_enable  zf_common_interrupt.o
    0x080057ae   0x080057ae   0x00000002   PAD
    0x080057b0   0x080057b0   0x0000000a   Code   RO          444    .text.interrupt_init  zf_common_interrupt.o
    0x080057ba   0x080057ba   0x00000002   PAD
    0x080057bc   0x080057bc   0x0000001c   Code   RO          440    .text.interrupt_set_priority  zf_common_interrupt.o
    0x080057d8   0x080057d8   0x0000008e   Code   RO         1047    .text.ips200_clear  zf_device_ips200_parallel8.o
    0x08005866   0x08005866   0x00000002   PAD
    0x08005868   0x08005868   0x00000258   Code   RO         1059    .text.ips200_draw_line  zf_device_ips200_parallel8.o
    0x08005ac0   0x08005ac0   0x00000072   Code   RO         1057    .text.ips200_draw_point  zf_device_ips200_parallel8.o
    0x08005b32   0x08005b32   0x00000002   PAD
    0x08005b34   0x08005b34   0x0000030a   Code   RO         1081    .text.ips200_init   zf_device_ips200_parallel8.o
    0x08005e3e   0x08005e3e   0x00000002   PAD
    0x08005e40   0x08005e40   0x0000002a   Code   RO         1055    .text.ips200_set_color  zf_device_ips200_parallel8.o
    0x08005e6a   0x08005e6a   0x00000002   PAD
    0x08005e6c   0x08005e6c   0x0000005a   Code   RO         1053    .text.ips200_set_dir  zf_device_ips200_parallel8.o
    0x08005ec6   0x08005ec6   0x00000002   PAD
    0x08005ec8   0x08005ec8   0x0000004a   Code   RO         1049    .text.ips200_set_region  zf_device_ips200_parallel8.o
    0x08005f12   0x08005f12   0x00000002   PAD
    0x08005f14   0x08005f14   0x000000c8   Code   RO         1061    .text.ips200_show_char  zf_device_ips200_parallel8.o
    0x08005fdc   0x08005fdc   0x0000016a   Code   RO         1069    .text.ips200_show_float  zf_device_ips200_parallel8.o
    0x08006146   0x08006146   0x00000002   PAD
    0x08006148   0x08006148   0x00000100   Code   RO         1065    .text.ips200_show_int  zf_device_ips200_parallel8.o
    0x08006248   0x08006248   0x00000096   Code   RO         1063    .text.ips200_show_string  zf_device_ips200_parallel8.o
    0x080062de   0x080062de   0x00000002   PAD
    0x080062e0   0x080062e0   0x000000fe   Code   RO         1067    .text.ips200_show_uint  zf_device_ips200_parallel8.o
    0x080063de   0x080063de   0x00000002   PAD
    0x080063e0   0x080063e0   0x0000005c   Code   RO         1051    .text.ips200_write_16bit_data  zf_device_ips200_parallel8.o
    0x0800643c   0x0800643c   0x0000003e   Code   RO         1085    .text.ips200_write_8bit_data  zf_device_ips200_parallel8.o
    0x0800647a   0x0800647a   0x00000002   PAD
    0x0800647c   0x0800647c   0x0000003c   Code   RO         1083    .text.ips200_write_command  zf_device_ips200_parallel8.o
    0x080064b8   0x080064b8   0x00000018   Code   RO         1087    .text.ips200_write_data  zf_device_ips200_parallel8.o
    0x080064d0   0x080064d0   0x00000144   Code   RO            4    .text.main          main.o
    0x08006614   0x08006614   0x00000380   Code   RO          143    .text.myprintf      vofa.o
    0x08006994   0x08006994   0x000000e6   Code   RO          145    .text.number_conversion_ascii  vofa.o
    0x08006a7a   0x08006a7a   0x00000002   PAD
    0x08006a7c   0x08006a7c   0x00000140   Code   RO          630    .text.pit_init      zf_driver_pit.o
    0x08006bbc   0x08006bbc   0x00000052   Code   RO          147    .text.printf_reverse_order  vofa.o
    0x08006c0e   0x08006c0e   0x00000002   PAD
    0x08006c10   0x08006c10   0x0000025a   Code   RO          643    .text.pwm_init      zf_driver_pwm.o
    0x08006e6a   0x08006e6a   0x00000002   PAD
    0x08006e6c   0x08006e6c   0x00000130   Code   RO          641    .text.pwm_set_duty  zf_driver_pwm.o
    0x08006f9c   0x08006f9c   0x0000003a   Code   RO          309    .text.sendcmd       hwt101.o
    0x08006fd6   0x08006fd6   0x00000002   PAD
    0x08006fd8   0x08006fd8   0x00000298   Code   RO          799    .text.spi_init      zf_driver_spi.o
    0x08007270   0x08007270   0x000000d0   Code   RO          787    .text.spi_read_8bit_register  zf_driver_spi.o
    0x08007340   0x08007340   0x000000ec   Code   RO          789    .text.spi_read_8bit_registers  zf_driver_spi.o
    0x0800742c   0x0800742c   0x0000009e   Code   RO          771    .text.spi_write_8bit_register  zf_driver_spi.o
    0x080074ca   0x080074ca   0x00000002   PAD
    0x080074cc   0x080074cc   0x00000188   Code   RO          411    .text.str_to_double  zf_common_function.o
    0x08007654   0x08007654   0x0000009c   Code   RO          399    .text.str_to_int    zf_common_function.o
    0x080076f0   0x080076f0   0x0000007c   Code   RO          472    .text.system_delay  zf_driver_delay.o
    0x0800776c   0x0800776c   0x000000b6   Code   RO          811    .text.timer_clock_enable  zf_driver_timer.o
    0x08007822   0x08007822   0x00000002   PAD
    0x08007824   0x08007824   0x00000068   Code   RO          809    .text.timer_funciton_check  zf_driver_timer.o
    0x0800788c   0x0800788c   0x000000e0   Code   RO         1325    .text.tsl1401_collect_pit_handler  zf_device_tsl1401.o
    0x0800796c   0x0800796c   0x00000262   Code   RO          847    .text.uart_init     zf_driver_uart.o
    0x08007bce   0x08007bce   0x00000002   PAD
    0x08007bd0   0x08007bd0   0x00000050   Code   RO          841    .text.uart_query_byte  zf_driver_uart.o
    0x08007c20   0x08007c20   0x00000076   Code   RO          845    .text.uart_rx_interrupt  zf_driver_uart.o
    0x08007c96   0x08007c96   0x00000002   PAD
    0x08007c98   0x08007c98   0x00000054   Code   RO          835    .text.uart_write_buffer  zf_driver_uart.o
    0x08007cec   0x08007cec   0x00000040   Code   RO          833    .text.uart_write_byte  zf_driver_uart.o
    0x08007d2c   0x08007d2c   0x000000ae   Code   RO          405    .text.uint_to_str   zf_common_function.o
    0x08007dda   0x08007dda   0x00000002   PAD
    0x08007ddc   0x08007ddc   0x0000011c   Code   RO          941    .text.utc_to_btc    zf_device_gps_tau1201.o
    0x08007ef8   0x08007ef8   0x00000012   Code   RO          149    .text.vofa_create   vofa.o
    0x08007f0a   0x08007f0a   0x00000002   PAD
    0x08007f0c   0x08007f0c   0x000000e4   Code   RO          151    .text.vofa_init     vofa.o
    0x08007ff0   0x08007ff0   0x0000002c   Code   RO          153    .text.vofa_release  vofa.o
    0x0800801c   0x0800801c   0x000001d6   Code   RO          155    .text.vofa_sendzip  vofa.o
    0x080081f2   0x080081f2   0x00000002   PAD
    0x080081f4   0x080081f4   0x00000068   Code   RO          163    .text.vofa_transmit  vofa.o
    0x0800825c   0x0800825c   0x00000066   Code   RO          165    .text.vofa_transmit_leader  vofa.o
    0x080082c2   0x080082c2   0x00000002   PAD
    0x080082c4   0x080082c4   0x00000012   Code   RO          157    .text.vofa_unzip    vofa.o
    0x080082d6   0x080082d6   0x00000002   PAD
    0x080082d8   0x080082d8   0x00000032   Code   RO         1351    .text.wireless_module_uart_handler  zf_device_type.o
    0x0800830a   0x0800830a   0x00000002   PAD
    0x0800830c   0x0800830c   0x00000028   Code   RO         1374    .text.wireless_uart_callback  zf_device_wireless_uart.o
    0x08008334   0x08008334   0x00000020   Code   RO         2225    i.__0printf         mc_w.l(printfa.o)
    0x08008354   0x08008354   0x00000028   Code   RO         2348    i.__ARM_fpclassify  m_ws.l(fpclassify.o)
    0x0800837c   0x0800837c   0x00000050   Code   RO         2252    i.__free$2region    mc_w.l(malloc2.o)
    0x080083cc   0x080083cc   0x00000388   Code   RO         2353    i.__ieee754_rem_pio2  m_ws.l(rred.o)
    0x08008754   0x08008754   0x000000fc   Code   RO         2331    i.__kernel_cos      m_ws.l(cos_i.o)
    0x08008850   0x08008850   0x000000aa   Code   RO         2350    i.__kernel_poly     m_ws.l(poly.o)
    0x080088fa   0x080088fa   0x00000002   PAD
    0x080088fc   0x080088fc   0x000000ec   Code   RO         2358    i.__kernel_sin      m_ws.l(sin_i.o)
    0x080089e8   0x080089e8   0x0000006c   Code   RO         2253    i.__malloc$2region  mc_w.l(malloc2.o)
    0x08008a54   0x08008a54   0x00000010   Code   RO         2334    i.__mathlib_dbl_divzero  m_ws.l(dunder.o)
    0x08008a64   0x08008a64   0x00000006   Code   RO         2335    i.__mathlib_dbl_infnan  m_ws.l(dunder.o)
    0x08008a6a   0x08008a6a   0x00000004   Code   RO         2336    i.__mathlib_dbl_infnan2  m_ws.l(dunder.o)
    0x08008a6e   0x08008a6e   0x0000000c   Code   RO         2337    i.__mathlib_dbl_invalid  m_ws.l(dunder.o)
    0x08008a7a   0x08008a7a   0x0000000e   Code   RO         2338    i.__mathlib_dbl_overflow  m_ws.l(dunder.o)
    0x08008a88   0x08008a88   0x00000010   Code   RO         2340    i.__mathlib_dbl_underflow  m_ws.l(dunder.o)
    0x08008a98   0x08008a98   0x0000000e   Code   RO         2423    i.__scatterload_copy  mc_w.l(handlers.o)
    0x08008aa6   0x08008aa6   0x00000002   Code   RO         2424    i.__scatterload_null  mc_w.l(handlers.o)
    0x08008aa8   0x08008aa8   0x0000000e   Code   RO         2425    i.__scatterload_zeroinit  mc_w.l(handlers.o)
    0x08008ab6   0x08008ab6   0x00000002   PAD
    0x08008ab8   0x08008ab8   0x0000000c   Code   RO         2399    i.__set_errno       mc_w.l(errno.o)
    0x08008ac4   0x08008ac4   0x00000184   Code   RO         2232    i._fp_digits        mc_w.l(printfa.o)
    0x08008c48   0x08008c48   0x000006dc   Code   RO         2233    i._printf_core      mc_w.l(printfa.o)
    0x08009324   0x08009324   0x00000024   Code   RO         2234    i._printf_post_padding  mc_w.l(printfa.o)
    0x08009348   0x08009348   0x0000002e   Code   RO         2235    i._printf_pre_padding  mc_w.l(printfa.o)
    0x08009376   0x08009376   0x00000002   PAD
    0x08009378   0x08009378   0x00000270   Code   RO         2182    i.asin              m_ws.l(asin.o)
    0x080095e8   0x080095e8   0x00000220   Code   RO         2327    i.atan              m_ws.l(atan.o)
    0x08009808   0x08009808   0x0000019c   Code   RO         2187    i.atan2             m_ws.l(atan2.o)
    0x080099a4   0x080099a4   0x0000009c   Code   RO         2191    i.cos               m_ws.l(cos.o)
    0x08009a40   0x08009a40   0x000009ec   Code   RO         2195    i.pow               m_ws.l(pow.o)
    0x0800a42c   0x0800a42c   0x000000a0   Code   RO         2200    i.sin               m_ws.l(sin.o)
    0x0800a4cc   0x0800a4cc   0x0000004c   Code   RO         2204    i.sqrt              m_ws.l(sqrt.o)
    0x0800a518   0x0800a518   0x00000050   Data   RO         2183    .constdata          m_ws.l(asin.o)
    0x0800a568   0x0800a568   0x00000088   Data   RO         2196    .constdata          m_ws.l(pow.o)
    0x0800a5f0   0x0800a5f0   0x00000098   Data   RO         2328    .constdata          m_ws.l(atan.o)
    0x0800a688   0x0800a688   0x00000030   Data   RO         2332    .constdata          m_ws.l(cos_i.o)
    0x0800a6b8   0x0800a6b8   0x00000008   Data   RO         2352    .constdata          m_ws.l(qnan.o)
    0x0800a6c0   0x0800a6c0   0x000000cc   Data   RO         2355    .constdata          m_ws.l(rred.o)
    0x0800a78c   0x0800a78c   0x00000004   PAD
    0x0800a790   0x0800a790   0x00000028   Data   RO         2359    .constdata          m_ws.l(sin_i.o)
    0x0800a7b8   0x0800a7b8   0x0000001c   Data   RO          951    .rodata..L__const.gps_init.set_rate  zf_device_gps_tau1201.o
    0x0800a7d4   0x0800a7d4   0x0000005a   Data   RO          171    .rodata.str1.1      vofa.o
    0x0800a82e   0x0800a82e   0x0000008e   Data   RO          218    .rodata.str1.1      gui.o
    0x0800a8bc   0x0800a8bc   0x00000043   Data   RO          355    .rodata.str1.1      zf_common_debug.o
    0x0800a8ff   0x0800a8ff   0x0000002e   Data   RO          505    .rodata.str1.1      zf_driver_encoder.o
    0x0800a92d   0x0800a92d   0x0000002a   Data   RO          632    .rodata.str1.1      zf_driver_pit.o
    0x0800a957   0x0800a957   0x0000002a   Data   RO          645    .rodata.str1.1      zf_driver_pwm.o
    0x0800a981   0x0800a981   0x00000008   Data   RO          949    .rodata.str1.1      zf_device_gps_tau1201.o
    0x0800a989   0x0800a989   0x00000062   Data   RO          990    .rodata.str1.1      zf_device_icm20602.o
    0x0800a9eb   0x0800a9eb   0x00000037   Data   RO         1094    .rodata.str1.1      zf_device_ips200_parallel8.o
    0x0800aa22   0x0800aa22   0x000005f0   Data   RO          384    .rodata.tft_ascii   zf_common_font.o
    0x0800b012   0x0800b012   0x00000002   PAD
    0x0800b014   0x0800b014   0x00000020   Data   RO         2422    Region$$Table       anon$$obj.o


    Execution Region RW_m_data (Exec base: 0x20000000, Load base: 0x0800b038, Size: 0x000009ec, Max: 0x0001f800, ABSOLUTE)

    Exec Addr    Load Addr    Size         Type   Attr      Idx    E Section Name        Object

    0x20000000   0x0800b038   0x00000004   Data   RW         2375    .data               mc_w.l(stdout.o)
    0x20000004   0x0800b03c   0x00000004   Data   RW         2395    .data               mc_w.l(mvars.o)
    0x20000008   0x0800b040   0x00000004   Data   RW         2396    .data               mc_w.l(mvars.o)
    0x2000000c   0x0800b044   0x00000004   Data   RW         2400    .data               mc_w.l(errno.o)
    0x20000010   0x0800b048   0x00000003   Data   RW          314    .data.ACCCMD        hwt101.o
    0x20000013   0x0800b04b   0x00000001   PAD
    0x20000014   0x0800b04c   0x00000004   Data   RW          186    .data.KD            servo.o
    0x20000018   0x0800b050   0x00000004   Data   RW          185    .data.KP            servo.o
    0x2000001c   0x0800b054   0x00000004   Data   RW          100    .data.Position_KD   motor.o
    0x20000020   0x0800b058   0x00000004   Data   RW           98    .data.Position_KP   motor.o
    0x20000024   0x0800b05c   0x00000010   Data   RW          228    .data.Q_info        ahrs.o
    0x20000034   0x0800b06c   0x00000003   Data   RW          313    .data.YAWCMD        hwt101.o
    0x20000037   0x0800b06f   0x00000001   PAD
    0x20000038   0x0800b070   0x0000000c   Data   RW          462    .data.adc_index     zf_driver_adc.o
    0x20000044   0x0800b07c   0x00000008   Data   RW          488    .data.dma_index     zf_driver_dma.o
    0x2000004c   0x0800b084   0x00000008   Data   RW          504    .data.encoder_dir_pin  zf_driver_encoder.o
    0x20000054   0x0800b08c   0x00000020   Data   RW          568    .data.gpio_group    zf_driver_gpio.o
    0x20000074   0x0800b0ac   0x00000004   Data   RW          230    .data.icm_ki        ahrs.o
    0x20000078   0x0800b0b0   0x00000004   Data   RW          229    .data.icm_kp        ahrs.o
    0x2000007c   0x0800b0b4   0x00000002   Data   RW         1092    .data.ips200_pencolor  zf_device_ips200_parallel8.o
    0x2000007e   0x0800b0b6   0x00000002   Data   RW         1089    .data.ips200_x_max  zf_device_ips200_parallel8.o
    0x20000080   0x0800b0b8   0x00000002   Data   RW         1090    .data.ips200_y_max  zf_device_ips200_parallel8.o
    0x20000082   0x0800b0ba   0x00000002   PAD
    0x20000084   0x0800b0bc   0x0000000c   Data   RW          801    .data.spi_index     zf_driver_spi.o
    0x20000090   0x0800b0c8   0x00000020   Data   RW          849    .data.uart_index    zf_driver_uart.o
    0x200000b0   0x0800b0e8   0x00000008   Data   RW          850    .data.uart_irq      zf_driver_uart.o
    0x200000b8   0x0800b0f0   0x00000020   Data   RW          167    .data.vofa_ch_data  vofa.o
    0x200000d8        -       0x00000004   Zero   RW          294    .bss.Azimuth        ins.o
    0x200000dc        -       0x00000004   Zero   RW          129    .bss.Beep_Set.count  key.o
    0x200000e0        -       0x00000004   Zero   RW          130    .bss.Beep_flag      key.o
    0x200000e4        -       0x00000001   Zero   RW          318    .bss.CopeSerial8Data.get_data  hwt101.o
    0x200000e5        -       0x00000040   Zero   RW          319    .bss.CopeSerial8Data.ucRxBuffer  hwt101.o
    0x20000125        -       0x00000001   Zero   RW          320    .bss.CopeSerial8Data.ucRxCnt  hwt101.o
    0x20000126   0x0800b110   0x00000002   PAD
    0x20000128        -       0x00000004   Zero   RW          295    .bss.Direction      ins.o
    0x2000012c        -       0x00000004   Zero   RW          293    .bss.Distance       ins.o
    0x20000130        -       0x00000002   Zero   RW          101    .bss.Encoder_Get    motor.o
    0x20000132   0x0800b110   0x00000002   PAD
    0x20000134        -       0x00000004   Zero   RW          231    .bss.I_ex           ahrs.o
    0x20000138        -       0x00000004   Zero   RW          232    .bss.I_ey           ahrs.o
    0x2000013c        -       0x00000004   Zero   RW          233    .bss.I_ez           ahrs.o
    0x20000140        -       0x00000004   Zero   RW          131    .bss.Key_Scans.counter  key.o
    0x20000144        -       0x00000004   Zero   RW          132    .bss.Key_Scans.status  key.o
    0x20000148        -       0x00000004   Zero   RW          133    .bss.Key_Scans.trigger  key.o
    0x2000014c        -       0x00000004   Zero   RW          103    .bss.Motor_Duty     motor.o
    0x20000150        -       0x00000004   Zero   RW          105    .bss.Motor_PID.Bias  motor.o
    0x20000154        -       0x00000004   Zero   RW          106    .bss.Motor_PID.Integral_bias  motor.o
    0x20000158        -       0x00000004   Zero   RW          107    .bss.Motor_PID.Last_Bias  motor.o
    0x2000015c        -       0x00000004   Zero   RW          104    .bss.Motor_PID.duty  motor.o
    0x20000160        -       0x00000004   Zero   RW          187    .bss.Servo_Duty     servo.o
    0x20000164        -       0x00000004   Zero   RW          189    .bss.Servo_PID.Bias  servo.o
    0x20000168        -       0x00000004   Zero   RW          190    .bss.Servo_PID.Integral_bias  servo.o
    0x2000016c        -       0x00000004   Zero   RW          191    .bss.Servo_PID.Last_Bias  servo.o
    0x20000170        -       0x00000004   Zero   RW          188    .bss.Servo_PID.duty  servo.o
    0x20000174        -       0x00000004   Zero   RW          102    .bss.Speed_Target   motor.o
    0x20000178        -       0x00000004   Zero   RW          296    .bss.Veer           ins.o
    0x2000017c        -       0x00000003   Zero   RW          463    .bss.adc_resolution  zf_driver_adc.o
    0x2000017f        -       0x00000001   Zero   RW          897    .bss.bluetooth_ch9141_data  zf_device_bluetooth_ch9141.o
    0x20000180        -       0x00000014   Zero   RW          898    .bss.bluetooth_ch9141_fifo  zf_device_bluetooth_ch9141.o
    0x20000194        -       0x00000001   Zero   RW         1353    .bss.camera_type    zf_device_type.o
    0x20000195        -       0x0000000d   Zero   RW          170    .bss.cmd_rxbuf      vofa.o
    0x200001a2        -       0x0000001c   Zero   RW          169    .bss.custom_buf     vofa.o
    0x200001be   0x0800b110   0x00000002   PAD
    0x200001c0        -       0x0000000c   Zero   RW          206    .bss.eulerAngle     icm.o
    0x200001cc        -       0x00000014   Zero   RW          288    .bss.filter.buf     ins.o
    0x200001e0        -       0x00000002   Zero   RW          290    .bss.filter.flag    ins.o
    0x200001e2        -       0x00000002   Zero   RW          289    .bss.filter.index   ins.o
    0x200001e4        -       0x00000004   Zero   RW          291    .bss.filter.sum     ins.o
    0x200001e8        -       0x00000400   Zero   RW          540    .bss.flash_union_buffer  zf_driver_flash.o
    0x200005e8        -       0x00000040   Zero   RW          950    .bss.gps_tau1201    zf_device_gps_tau1201.o
    0x20000628        -       0x00000064   Zero   RW          947    .bss.gps_tau1201_buffer1  zf_device_gps_tau1201.o
    0x2000068c        -       0x00000064   Zero   RW          945    .bss.gps_tau1201_buffer2  zf_device_gps_tau1201.o
    0x200006f0        -       0x00000001   Zero   RW          948    .bss.gps_tau1201_flag  zf_device_gps_tau1201.o
    0x200006f1        -       0x00000001   Zero   RW          946    .bss.gps_tau1201_num  zf_device_gps_tau1201.o
    0x200006f2   0x0800b110   0x00000002   PAD
    0x200006f4        -       0x00000018   Zero   RW          204    .bss.icmZero        icm.o
    0x2000070c        -       0x00000002   Zero   RW          984    .bss.icm_acc_x      zf_device_icm20602.o
    0x2000070e        -       0x00000002   Zero   RW          985    .bss.icm_acc_y      zf_device_icm20602.o
    0x20000710        -       0x00000002   Zero   RW          986    .bss.icm_acc_z      zf_device_icm20602.o
    0x20000712   0x0800b110   0x00000002   PAD
    0x20000714        -       0x00000018   Zero   RW          205    .bss.icm_data       icm.o
    0x2000072c        -       0x00000002   Zero   RW          987    .bss.icm_gyro_x     zf_device_icm20602.o
    0x2000072e        -       0x00000002   Zero   RW          988    .bss.icm_gyro_y     zf_device_icm20602.o
    0x20000730        -       0x00000002   Zero   RW          989    .bss.icm_gyro_z     zf_device_icm20602.o
    0x20000732   0x0800b110   0x00000002   PAD
    0x20000734        -       0x00000004   Zero   RW          448    .bss.interrupt_nest_count  zf_common_interrupt.o
    0x20000738        -       0x00000002   Zero   RW         1093    .bss.ips200_bgcolor  zf_device_ips200_parallel8.o
    0x2000073a        -       0x00000001   Zero   RW         1091    .bss.ips200_display_dir  zf_device_ips200_parallel8.o
    0x2000073b   0x0800b110   0x00000001   PAD
    0x2000073c        -       0x00000004   Zero   RW          297    .bss.latitude_get   ins.o
    0x20000740        -       0x00000001   Zero   RW         1156    .bss.mt9v03x_finish_flag  zf_device_mt9v03x.o
    0x20000741        -       0x00000001   Zero   RW         1228    .bss.ov7725_finish_flag  zf_device_ov7725.o
    0x20000742   0x0800b110   0x00000002   PAD
    0x20000744        -       0x00000004   Zero   RW          292    .bss.point          ins.o
    0x20000748        -       0x00000001   Zero   RW         1262    .bss.scc8660_finish_flag  zf_device_scc8660.o
    0x20000749   0x0800b110   0x00000001   PAD
    0x2000074a        -       0x00000008   Zero   RW          322    .bss.stcAngle       hwt101.o
    0x20000752        -       0x00000008   Zero   RW          321    .bss.stcGyro        hwt101.o
    0x2000075a   0x0800b110   0x00000002   PAD
    0x2000075c        -       0x00000004   Zero   RW          338    .bss.system_clock   zf_common_clock.o
    0x20000760        -       0x00000008   Zero   RW          823    .bss.timer_function_state  zf_driver_timer.o
    0x20000768        -       0x00000200   Zero   RW         1332    .bss.tsl1401_data   zf_device_tsl1401.o
    0x20000968        -       0x00000001   Zero   RW         1333    .bss.tsl1401_finish_flag  zf_device_tsl1401.o
    0x20000969        -       0x00000001   Zero   RW         1331    .bss.tsl1401_init_state  zf_device_tsl1401.o
    0x2000096a        -       0x00000064   Zero   RW          168    .bss.vofa_image     vofa.o
    0x200009ce        -       0x00000001   Zero   RW         1354    .bss.wireless_type  zf_device_type.o
    0x200009cf        -       0x00000001   Zero   RW         1388    .bss.wireless_uart_data  zf_device_wireless_uart.o
    0x200009d0        -       0x00000014   Zero   RW         1389    .bss.wireless_uart_fifo  zf_device_wireless_uart.o
    0x200009e4        -       0x00000004   Zero   RW          323    .bss.yaw            hwt101.o
    0x200009e8        -       0x00000001   Zero   RW          354    .bss.zf_debug_init_flag  zf_common_debug.o


    Execution Region ARM_LIB_HEAP (Exec base: 0x200009ec, Load base: 0x0800b110, Size: 0x00000400, Max: 0x00000400, ABSOLUTE)

    Exec Addr    Load Addr    Size         Type   Attr      Idx    E Section Name        Object

    0x200009ec        -       0x00000400   Zero   RW            1    ARM_LIB_HEAP.bss    anon$$obj.o


    Execution Region ARM_LIB_STACK (Exec base: 0x2001fc00, Load base: 0x0800b110, Size: 0x00000400, Max: 0x00000400, ABSOLUTE)

    Exec Addr    Load Addr    Size         Type   Attr      Idx    E Section Name        Object

    0x2001fc00        -       0x00000400   Zero   RW            2    ARM_LIB_STACK.bss   anon$$obj.o


==============================================================================

Image component sizes


      Code (inc. data)   RO Data    RW Data    ZI Data      Debug   Object Name

      1534          0          0         24         12       2096   ahrs.o
       812          0        142          0          0        597   gui.o
       382          0          0          6         86       3843   hwt101.o
       834          0          0          0         60       1297   icm.o
      1250          0          0          0         52       4955   ins.o
      1822          0          0          0          0       6507   isr.o
       906          0          0          0         20       3078   key.o
       324          0          0          0          0       4038   main.o
        88          0          0          0          0        737   math_base.o
       416          0          0          8         26       4674   motor.o
       384          0          0          8         20       2225   servo.o
        36          8        400          0          0        812   startup_mm32f3277g.o
         2          0          0          0          0        371   system_mm32f3277g.o
      2688        168         90         32        141       6555   vofa.o
       718          0          0          0          4       2581   zf_common_clock.o
       186          0         67          0          1       2370   zf_common_debug.o
       224          0          0          0          0       2495   zf_common_fifo.o
         0          0       1520          0          0        728   zf_common_font.o
      1546          0          0          0          0       6438   zf_common_function.o
       392          0          0          0          4       4537   zf_common_interrupt.o
        40          0          0          0         21       4866   zf_device_bluetooth_ch9141.o
      3182          0         36          0        266       6874   zf_device_gps_tau1201.o
       768          0         98          0         12       4758   zf_device_icm20602.o
      3300          0         55          6          3       9626   zf_device_ips200_parallel8.o
         0          0          0          0          1       5923   zf_device_mt9v03x.o
         0          0          0          0          1       5808   zf_device_ov7725.o
         0          0          0          0          1       6454   zf_device_scc8660.o
       224          0          0          0        514       4126   zf_device_tsl1401.o
       346          0          0          0          2       1814   zf_device_type.o
        40          0          0          0         21       4852   zf_device_wireless_uart.o
       150          0          0         12          3       5297   zf_driver_adc.o
       124          0          0          0          0        918   zf_driver_delay.o
       152          0          0          8          0       4098   zf_driver_dma.o
      1086         32         46          8          0       6431   zf_driver_encoder.o
       668          0          0          0       1024       6521   zf_driver_flash.o
        74          0          0          0          0       1387   zf_driver_fsmc.o
      1012          0          0         32          0       5089   zf_driver_gpio.o
       320          8         42          0          0       4981   zf_driver_pit.o
       906         16         42          0          0       5631   zf_driver_pwm.o
      1266          4          0         12          0      10263   zf_driver_spi.o
       286          8          0          0          8       7360   zf_driver_timer.o
       956          8          0         40          0       7552   zf_driver_uart.o

    ----------------------------------------------------------------------
     29640        252       2572        200       4372     181563   Object Totals
         0          0         32          0       2048          0   (incl. Generated)
       196          0          2          4         21          0   (incl. Padding)

    ----------------------------------------------------------------------

      Code (inc. data)   RO Data    RW Data    ZI Data      Debug   Library Member Name

       624         52         80          0          0        168   asin.o
       544         70        152          0          0        124   atan.o
       412         38          0          0          0        144   atan2.o
       156          8          0          0          0        104   cos.o
       252         22         48          0          0        124   cos_i.o
        68         10          0          0          0        408   dunder.o
        40          0          0          0          0         68   fpclassify.o
       170          0          0          0          0         96   poly.o
      2540        188        136          0          0        332   pow.o
         0          0          8          0          0          0   qnan.o
       904         76        204          0          0        140   rred.o
       160         10          0          0          0        108   sin.o
       236         12         40          0          0        128   sin_i.o
        76          0          0          0          0         84   sqrt.o
         0          0          0          0          0          0   entry.o
         0          0          0          0          0          0   entry10a.o
         0          0          0          0          0          0   entry11a.o
         8          4          0          0          0          0   entry4.o
         4          0          0          0          0          0   entry5.o
         0          0          0          0          0          0   entry7b.o
         0          0          0          0          0          0   entry8b.o
         8          4          0          0          0          0   entry9a.o
        12          6          0          4          0         68   errno.o
        30          0          0          0          0          0   handlers.o
        36          8          0          0          0         68   init.o
         0          0          0          0          0          0   iusefp.o
        30          0          0          0          0         68   llshl.o
        36          0          0          0          0         68   llsshr.o
        32          0          0          0          0         68   llushr.o
       188         20          0          0          0        160   malloc2.o
        36          0          0          0          0         68   memcpya.o
        36          0          0          0          0        108   memseta.o
         0          0          0          8          0          0   mvars.o
      2258         90          0          0          0        452   printfa.o
         0          0          0          4          0          0   stdout.o
        20          0          0          0          0         68   strchr.o
        30          0          0          0          0         80   strncmp.o
        24          0          0          0          0         76   strncpy.o
        44          0          0          0          0         80   uidiv.o
        98          0          0          0          0         92   uldiv.o
        48          0          0          0          0         68   cdcmple.o
        48          0          0          0          0         68   cdrcmple.o
        56          0          0          0          0         88   d2f.o
       334          0          0          0          0        148   dadd.o
        56          0          0          0          0         80   dcmpeq.o
        54          0          0          0          0         80   dcmpge.o
        54          0          0          0          0         80   dcmple.o
       222          0          0          0          0        100   ddiv.o
       186          0          0          0          0        176   depilogue.o
        62          0          0          0          0         80   dfixi.o
        50          0          0          0          0         76   dfixui.o
        48          0          0          0          0         68   dfixul.o
        34          0          0          0          0         76   dflti.o
        26          0          0          0          0         76   dfltui.o
       228          0          0          0          0         96   dmul.o
        46          0          0          0          0         80   dscalb.o
       162          0          0          0          0        100   dsqrt.o
        38          0          0          0          0         68   f2d.o
       176          0          0          0          0        140   fadd.o
        28          0          0          0          0         68   fcmpeq.o
        28          0          0          0          0         68   fcmpge.o
        28          0          0          0          0         68   fcmpgt.o
        28          0          0          0          0         68   fcmple.o
        28          0          0          0          0         68   fcmplt.o
       124          0          0          0          0         88   fdiv.o
       110          0          0          0          0        168   fepilogue.o
        50          0          0          0          0         68   ffixi.o
        18          0          0          0          0         68   fflti.o
        10          0          0          0          0         68   ffltui.o
       100          0          0          0          0         76   fmul.o

    ----------------------------------------------------------------------
     11600        618        672         16          0       6176   Library Totals
         8          0          4          0          0          0   (incl. Padding)

    ----------------------------------------------------------------------

      Code (inc. data)   RO Data    RW Data    ZI Data      Debug   Library Name

      6182        486        668          0          0       2028   m_ws.l
      2930        132          0         16          0       1524   mc_w.l
      2480          0          0          0          0       2624   mf_w.l

    ----------------------------------------------------------------------
     11600        618        672         16          0       6176   Library Totals

    ----------------------------------------------------------------------

==============================================================================


      Code (inc. data)   RO Data    RW Data    ZI Data      Debug   

     41240        870       3244        216       4372     183843   Grand Totals
     41240        870       3244        216       4372     183843   ELF Image Totals
     41240        870       3244        216          0          0   ROM Totals

==============================================================================

    Total RO  Size (Code + RO Data)                44484 (  43.44kB)
    Total RW  Size (RW Data + ZI Data)              4588 (   4.48kB)
    Total ROM Size (Code + RO Data + RW Data)      44700 (  43.65kB)

==============================================================================

